../Core/Src/fsm.c:21:6:fsmAutoStop	8	static
../Core/Src/fsm.c:27:6:fsmAutoProcessing	8	static
../Core/Src/fsm.c:44:6:fsmAuto	8	static
../Core/Src/fsm.c:57:6:fsmManualStop	8	static
../Core/Src/fsm.c:64:6:fsmManualProcessing	8	static
../Core/Src/fsm.c:103:6:fsmManual	8	static
../Core/Src/fsm.c:110:6:fsmTunningStop	4	static
../Core/Src/fsm.c:114:6:fsmTunningProcessing	8	static
../Core/Src/fsm.c:208:6:fsmTunning	8	static
../Core/Src/fsm.c:216:6:fsmInit	8	static
../Core/Src/fsm.c:224:6:fsmProcessing	16	static
