../Core/Src/fsm.c:23:6:fsmAutoStop	8	static
../Core/Src/fsm.c:29:6:fsmAutoProcessing	8	static
../Core/Src/fsm.c:46:6:fsmAuto	8	static
../Core/Src/fsm.c:60:6:fsmManualStop	8	static
../Core/Src/fsm.c:67:6:fsmManualProcessing	8	static
../Core/Src/fsm.c:100:6:fsmManual	8	static
../Core/Src/fsm.c:109:6:fsmTunningStop	4	static
../Core/Src/fsm.c:113:6:fsmTunningProcessing	8	static
../Core/Src/fsm.c:211:6:fsmTunning	8	static
../Core/Src/fsm.c:222:6:fsmInit	8	static
../Core/Src/fsm.c:229:6:fsmProcessing	16	static
