../Core/Src/main.c:71:6:HAL_UART_RxCpltCallback	16	static
../Core/Src/main.c:77:6:reportPrint	32	static
../Core/Src/main.c:88:5:main	8	static
../Core/Src/main.c:142:6:SystemClock_Config	72	static
../Core/Src/main.c:179:13:MX_TIM2_Init	32	static
../Core/Src/main.c:224:13:MX_TIM3_Init	64	static
../Core/Src/main.c:287:13:MX_USART2_UART_Init	8	static
../Core/Src/main.c:320:13:MX_GPIO_Init	32	static
../Core/Src/main.c:377:6:HAL_TIM_PeriodElapsedCallback	16	static
../Core/Src/main.c:388:6:Error_Handler	4	static,ignoring_inline_asm
