../Core/Src/traffic.c:23:6:trafficToggle	16	static
../Core/Src/traffic.c:63:6:traffic0Off	8	static
../Core/Src/traffic.c:66:6:traffic0Red	8	static
../Core/Src/traffic.c:69:6:traffic0Green	8	static
../Core/Src/traffic.c:72:6:traffic0Yellow	8	static
../Core/Src/traffic.c:76:6:traffic1Off	8	static
../Core/Src/traffic.c:79:6:traffic1Red	8	static
../Core/Src/traffic.c:82:6:traffic1Green	8	static
../Core/Src/traffic.c:85:6:traffic1Yellow	8	static
../Core/Src/traffic.c:89:6:trafficRedToggle	8	static
../Core/Src/traffic.c:95:6:trafficGreenToggle	8	static
../Core/Src/traffic.c:101:6:trafficYellowToggle	8	static
