Archive member included to satisfy reference by file (symbol)

D:/Installation/Apps/CubeIDE/STM32CubeIDE_1.7.0/STM32CubeIDE/plugins/com.st.stm32cube.ide.mcu.externaltools.gnu-tools-for-stm32.11.3.rel1.win32_1.1.100.202309141235/tools/bin/../lib/gcc/arm-none-eabi/11.3.1/../../../../arm-none-eabi/lib/thumb/v7-m/nofp\libc_nano.a(libc_a-exit.o)
                              D:/Installation/Apps/CubeIDE/STM32CubeIDE_1.7.0/STM32CubeIDE/plugins/com.st.stm32cube.ide.mcu.externaltools.gnu-tools-for-stm32.11.3.rel1.win32_1.1.100.202309141235/tools/bin/../lib/gcc/arm-none-eabi/11.3.1/../../../../arm-none-eabi/lib/thumb/v7-m/nofp/crt0.o (exit)
D:/Installation/Apps/CubeIDE/STM32CubeIDE_1.7.0/STM32CubeIDE/plugins/com.st.stm32cube.ide.mcu.externaltools.gnu-tools-for-stm32.11.3.rel1.win32_1.1.100.202309141235/tools/bin/../lib/gcc/arm-none-eabi/11.3.1/../../../../arm-none-eabi/lib/thumb/v7-m/nofp\libc_nano.a(libc_a-findfp.o)
                              D:/Installation/Apps/CubeIDE/STM32CubeIDE_1.7.0/STM32CubeIDE/plugins/com.st.stm32cube.ide.mcu.externaltools.gnu-tools-for-stm32.11.3.rel1.win32_1.1.100.202309141235/tools/bin/../lib/gcc/arm-none-eabi/11.3.1/../../../../arm-none-eabi/lib/thumb/v7-m/nofp\libc_nano.a(libc_a-exit.o) (__stdio_exit_handler)
D:/Installation/Apps/CubeIDE/STM32CubeIDE_1.7.0/STM32CubeIDE/plugins/com.st.stm32cube.ide.mcu.externaltools.gnu-tools-for-stm32.11.3.rel1.win32_1.1.100.202309141235/tools/bin/../lib/gcc/arm-none-eabi/11.3.1/../../../../arm-none-eabi/lib/thumb/v7-m/nofp\libc_nano.a(libc_a-fwalk.o)
                              D:/Installation/Apps/CubeIDE/STM32CubeIDE_1.7.0/STM32CubeIDE/plugins/com.st.stm32cube.ide.mcu.externaltools.gnu-tools-for-stm32.11.3.rel1.win32_1.1.100.202309141235/tools/bin/../lib/gcc/arm-none-eabi/11.3.1/../../../../arm-none-eabi/lib/thumb/v7-m/nofp\libc_nano.a(libc_a-findfp.o) (_fwalk_sglue)
D:/Installation/Apps/CubeIDE/STM32CubeIDE_1.7.0/STM32CubeIDE/plugins/com.st.stm32cube.ide.mcu.externaltools.gnu-tools-for-stm32.11.3.rel1.win32_1.1.100.202309141235/tools/bin/../lib/gcc/arm-none-eabi/11.3.1/../../../../arm-none-eabi/lib/thumb/v7-m/nofp\libc_nano.a(libc_a-sprintf.o)
                              ./Core/Src/uart.o (sprintf)
D:/Installation/Apps/CubeIDE/STM32CubeIDE_1.7.0/STM32CubeIDE/plugins/com.st.stm32cube.ide.mcu.externaltools.gnu-tools-for-stm32.11.3.rel1.win32_1.1.100.202309141235/tools/bin/../lib/gcc/arm-none-eabi/11.3.1/../../../../arm-none-eabi/lib/thumb/v7-m/nofp\libc_nano.a(libc_a-stdio.o)
                              D:/Installation/Apps/CubeIDE/STM32CubeIDE_1.7.0/STM32CubeIDE/plugins/com.st.stm32cube.ide.mcu.externaltools.gnu-tools-for-stm32.11.3.rel1.win32_1.1.100.202309141235/tools/bin/../lib/gcc/arm-none-eabi/11.3.1/../../../../arm-none-eabi/lib/thumb/v7-m/nofp\libc_nano.a(libc_a-findfp.o) (__sread)
D:/Installation/Apps/CubeIDE/STM32CubeIDE_1.7.0/STM32CubeIDE/plugins/com.st.stm32cube.ide.mcu.externaltools.gnu-tools-for-stm32.11.3.rel1.win32_1.1.100.202309141235/tools/bin/../lib/gcc/arm-none-eabi/11.3.1/../../../../arm-none-eabi/lib/thumb/v7-m/nofp\libc_nano.a(libc_a-memset.o)
                              D:/Installation/Apps/CubeIDE/STM32CubeIDE_1.7.0/STM32CubeIDE/plugins/com.st.stm32cube.ide.mcu.externaltools.gnu-tools-for-stm32.11.3.rel1.win32_1.1.100.202309141235/tools/bin/../lib/gcc/arm-none-eabi/11.3.1/../../../../arm-none-eabi/lib/thumb/v7-m/nofp/crt0.o (memset)
D:/Installation/Apps/CubeIDE/STM32CubeIDE_1.7.0/STM32CubeIDE/plugins/com.st.stm32cube.ide.mcu.externaltools.gnu-tools-for-stm32.11.3.rel1.win32_1.1.100.202309141235/tools/bin/../lib/gcc/arm-none-eabi/11.3.1/../../../../arm-none-eabi/lib/thumb/v7-m/nofp\libc_nano.a(libc_a-closer.o)
                              D:/Installation/Apps/CubeIDE/STM32CubeIDE_1.7.0/STM32CubeIDE/plugins/com.st.stm32cube.ide.mcu.externaltools.gnu-tools-for-stm32.11.3.rel1.win32_1.1.100.202309141235/tools/bin/../lib/gcc/arm-none-eabi/11.3.1/../../../../arm-none-eabi/lib/thumb/v7-m/nofp\libc_nano.a(libc_a-stdio.o) (_close_r)
D:/Installation/Apps/CubeIDE/STM32CubeIDE_1.7.0/STM32CubeIDE/plugins/com.st.stm32cube.ide.mcu.externaltools.gnu-tools-for-stm32.11.3.rel1.win32_1.1.100.202309141235/tools/bin/../lib/gcc/arm-none-eabi/11.3.1/../../../../arm-none-eabi/lib/thumb/v7-m/nofp\libc_nano.a(libc_a-reent.o)
                              D:/Installation/Apps/CubeIDE/STM32CubeIDE_1.7.0/STM32CubeIDE/plugins/com.st.stm32cube.ide.mcu.externaltools.gnu-tools-for-stm32.11.3.rel1.win32_1.1.100.202309141235/tools/bin/../lib/gcc/arm-none-eabi/11.3.1/../../../../arm-none-eabi/lib/thumb/v7-m/nofp\libc_nano.a(libc_a-closer.o) (errno)
D:/Installation/Apps/CubeIDE/STM32CubeIDE_1.7.0/STM32CubeIDE/plugins/com.st.stm32cube.ide.mcu.externaltools.gnu-tools-for-stm32.11.3.rel1.win32_1.1.100.202309141235/tools/bin/../lib/gcc/arm-none-eabi/11.3.1/../../../../arm-none-eabi/lib/thumb/v7-m/nofp\libc_nano.a(libc_a-impure.o)
[...]
Memory Configuration

Name             Origin             Length             Attributes
RAM              0x0000000020000000 0x0000000000005000 xrw
FLASH            0x0000000008000000 0x0000000000020000 xr
*default*        0x0000000000000000 0xffffffffffffffff

Linker script and memory map

LOAD D:/Installation/Apps/CubeIDE/STM32CubeIDE_1.7.0/STM32CubeIDE/plugins/com.st.stm32cube.ide.mcu.externaltools.gnu-tools-for-stm32.11.3.rel1.win32_1.1.100.202309141235/tools/bin/../lib/gcc/arm-none-eabi/11.3.1/thumb/v7-m/nofp/crti.o
LOAD D:/Installation/Apps/CubeIDE/STM32CubeIDE_1.7.0/STM32CubeIDE/plugins/com.st.stm32cube.ide.mcu.externaltools.gnu-tools-for-stm32.11.3.rel1.win32_1.1.100.202309141235/tools/bin/../lib/gcc/arm-none-eabi/11.3.1/thumb/v7-m/nofp/crtbegin.o
LOAD D:/Installation/Apps/CubeIDE/STM32CubeIDE_1.7.0/STM32CubeIDE/plugins/com.st.stm32cube.ide.mcu.externaltools.gnu-tools-for-stm32.11.3.rel1.win32_1.1.100.202309141235/tools/bin/../lib/gcc/arm-none-eabi/11.3.1/../../../../arm-none-eabi/lib/thumb/v7-m/nofp/crt0.o
LOAD ./Core/Src/button.o
LOAD ./Core/Src/buzzer.o
LOAD ./Core/Src/counter.o
LOAD ./Core/Src/fsm.o
LOAD ./Core/Src/main.o
LOAD ./Core/Src/pedestrian.o
LOAD ./Core/Src/scheduler.o
LOAD ./Core/Src/stm32f1xx_hal_msp.o
LOAD ./Core/Src/stm32f1xx_it.o
LOAD ./Core/Src/syscalls.o
LOAD ./Core/Src/sysmem.o
LOAD ./Core/Src/system_stm32f1xx.o
LOAD ./Core/Src/test.o
LOAD ./Core/Src/traffic.o
LOAD ./Core/Src/uart.o
LOAD ./Core/Startup/startup_stm32f103rbtx.o
LOAD ./Drivers/STM32F1xx_HAL_Driver/Src/stm32f1xx_hal.o
LOAD ./Drivers/STM32F1xx_HAL_Driver/Src/stm32f1xx_hal_cortex.o
LOAD ./Drivers/STM32F1xx_HAL_Driver/Src/stm32f1xx_hal_dma.o
LOAD ./Drivers/STM32F1xx_HAL_Driver/Src/stm32f1xx_hal_exti.o
LOAD ./Drivers/STM32F1xx_HAL_Driver/Src/stm32f1xx_hal_flash.o
LOAD ./Drivers/STM32F1xx_HAL_Driver/Src/stm32f1xx_hal_flash_ex.o
LOAD ./Drivers/STM32F1xx_HAL_Driver/Src/stm32f1xx_hal_gpio.o
LOAD ./Drivers/STM32F1xx_HAL_Driver/Src/stm32f1xx_hal_gpio_ex.o
LOAD ./Drivers/STM32F1xx_HAL_Driver/Src/stm32f1xx_hal_pwr.o
LOAD ./Drivers/STM32F1xx_HAL_Driver/Src/stm32f1xx_hal_rcc.o
LOAD ./Drivers/STM32F1xx_HAL_Driver/Src/stm32f1xx_hal_rcc_ex.o
LOAD ./Drivers/STM32F1xx_HAL_Driver/Src/stm32f1xx_hal_tim.o
LOAD ./Drivers/STM32F1xx_HAL_Driver/Src/stm32f1xx_hal_tim_ex.o
LOAD ./Drivers/STM32F1xx_HAL_Driver/Src/stm32f1xx_hal_uart.o
START GROUP
LOAD D:/Installation/Apps/CubeIDE/STM32CubeIDE_1.7.0/STM32CubeIDE/plugins/com.st.stm32cube.ide.mcu.externaltools.gnu-tools-for-stm32.11.3.rel1.win32_1.1.100.202309141235/tools/bin/../lib/gcc/arm-none-eabi/11.3.1/../../../../arm-none-eabi/lib/thumb/v7-m/nofp\libc_nano.a
LOAD D:/Installation/Apps/CubeIDE/STM32CubeIDE_1.7.0/STM32CubeIDE/plugins/com.st.stm32cube.ide.mcu.externaltools.gnu-tools-for-stm32.11.3.rel1.win32_1.1.100.202309141235/tools/bin/../lib/gcc/arm-none-eabi/11.3.1/../../../../arm-none-eabi/lib/thumb/v7-m/nofp\libm.a
END GROUP
START GROUP
LOAD D:/Installation/Apps/CubeIDE/STM32CubeIDE_1.7.0/STM32CubeIDE/plugins/com.st.stm32cube.ide.mcu.externaltools.gnu-tools-for-stm32.11.3.rel1.win32_1.1.100.202309141235/tools/bin/../lib/gcc/arm-none-eabi/11.3.1/thumb/v7-m/nofp\libgcc.a
LOAD D:/Installation/Apps/CubeIDE/STM32CubeIDE_1.7.0/STM32CubeIDE/plugins/com.st.stm32cube.ide.mcu.externaltools.gnu-tools-for-stm32.11.3.rel1.win32_1.1.100.202309141235/tools/bin/../lib/gcc/arm-none-eabi/11.3.1/../../../../arm-none-eabi/lib/thumb/v7-m/nofp\libc_nano.a
END GROUP
START GROUP
LOAD D:/Installation/Apps/CubeIDE/STM32CubeIDE_1.7.0/STM32CubeIDE/plugins/com.st.stm32cube.ide.mcu.externaltools.gnu-tools-for-stm32.11.3.rel1.win32_1.1.100.202309141235/tools/bin/../lib/gcc/arm-none-eabi/11.3.1/thumb/v7-m/nofp\libgcc.a
LOAD D:/Installation/Apps/CubeIDE/STM32CubeIDE_1.7.0/STM32CubeIDE/plugins/com.st.stm32cube.ide.mcu.externaltools.gnu-tools-for-stm32.11.3.rel1.win32_1.1.100.202309141235/tools/bin/../lib/gcc/arm-none-eabi/11.3.1/../../../../arm-none-eabi/lib/thumb/v7-m/nofp\libc_nano.a
LOAD D:/Installation/Apps/CubeIDE/STM32CubeIDE_1.7.0/STM32CubeIDE/plugins/com.st.stm32cube.ide.mcu.externaltools.gnu-tools-for-stm32.11.3.rel1.win32_1.1.100.202309141235/tools/bin/../lib/gcc/arm-none-eabi/11.3.1/../../../../arm-none-eabi/lib/thumb/v7-m/nofp\libnosys.a
END GROUP
START GROUP
LOAD D:/Installation/Apps/CubeIDE/STM32CubeIDE_1.7.0/STM32CubeIDE/plugins/com.st.stm32cube.ide.mcu.externaltools.gnu-tools-for-stm32.11.3.rel1.win32_1.1.100.202309141235/tools/bin/../lib/gcc/arm-none-eabi/11.3.1/thumb/v7-m/nofp\libgcc.a
LOAD D:/Installation/Apps/CubeIDE/STM32CubeIDE_1.7.0/STM32CubeIDE/plugins/com.st.stm32cube.ide.mcu.externaltools.gnu-tools-for-stm32.11.3.rel1.win32_1.1.100.202309141235/tools/bin/../lib/gcc/arm-none-eabi/11.3.1/../../../../arm-none-eabi/lib/thumb/v7-m/nofp\libc_nano.a
LOAD D:/Installation/Apps/CubeIDE/STM32CubeIDE_1.7.0/STM32CubeIDE/plugins/com.st.stm32cube.ide.mcu.externaltools.gnu-tools-for-stm32.11.3.rel1.win32_1.1.100.202309141235/tools/bin/../lib/gcc/arm-none-eabi/11.3.1/../../../../arm-none-eabi/lib/thumb/v7-m/nofp\libnosys.a
END GROUP
LOAD D:/Installation/Apps/CubeIDE/STM32CubeIDE_1.7.0/STM32CubeIDE/plugins/com.st.stm32cube.ide.mcu.externaltools.gnu-tools-for-stm32.11.3.rel1.win32_1.1.100.202309141235/tools/bin/../lib/gcc/arm-none-eabi/11.3.1/thumb/v7-m/nofp/crtend.o
LOAD D:/Installation/Apps/CubeIDE/STM32CubeIDE_1.7.0/STM32CubeIDE/plugins/com.st.stm32cube.ide.mcu.externaltools.gnu-tools-for-stm32.11.3.rel1.win32_1.1.100.202309141235/tools/bin/../lib/gcc/arm-none-eabi/11.3.1/thumb/v7-m/nofp/crtn.o
                0x0000000020005000                _estack = (ORIGIN (RAM) + LENGTH (RAM))
                0x0000000000000200                _Min_Heap_Size = 0x200
                0x0000000000000400                _Min_Stack_Size = 0x400

.isr_vector     0x0000000008000000      0x10c
                0x0000000008000000                . = ALIGN (0x4)
 *(.isr_vector)
 .isr_vector    0x0000000008000000      0x10c ./Core/Startup/startup_stm32f103rbtx.o
                0x0000000008000000                g_pfnVectors
                0x000000000800010c                . = ALIGN (0x4)

.text           0x000000000800010c     0x58b4
                0x000000000800010c                . = ALIGN (0x4)
 *(.text)
 .text          0x000000000800010c       0x40 D:/Installation/Apps/CubeIDE/STM32CubeIDE_1.7.0/STM32CubeIDE/plugins/com.st.stm32cube.ide.mcu.externaltools.gnu-tools-for-stm32.11.3.rel1.win32_1.1.100.202309141235/tools/bin/../lib/gcc/arm-none-eabi/11.3.1/thumb/v7-m/nofp/crtbegin.o
 *(.text*)
 .text.buttonReading
                0x000000000800014c      0x114 ./Core/Src/button.o
                0x000000000800014c                buttonReading
 .text.buttonPressed
                0x0000000008000260       0x3c ./Core/Src/button.o
                0x0000000008000260                buttonPressed
 .text.buzzer0Set
                0x000000000800029c       0x9c ./Core/Src/buzzer.o
                0x000000000800029c                buzzer0Set
 .text.buzzer0On
                0x0000000008000338       0x7c ./Core/Src/buzzer.o
                0x0000000008000338                buzzer0On
 .text.buzzer1Set
                0x00000000080003b4       0x9c ./Core/Src/buzzer.o
                0x00000000080003b4                buzzer1Set
 .text.buzzer1On
                0x0000000008000450       0x7c ./Core/Src/buzzer.o
                0x0000000008000450                buzzer1On
 .text.buzzer0Off
                0x00000000080004cc       0x18 ./Core/Src/buzzer.o
                0x00000000080004cc                buzzer0Off
 .text.buzzer1Off
                0x00000000080004e4       0x18 ./Core/Src/buzzer.o
                0x00000000080004e4                buzzer1Off
 .text.counterRun
                0x00000000080004fc       0x7c ./Core/Src/counter.o
                0x00000000080004fc                counterRun
 .text.counterReset
                0x0000000008000578       0x2c ./Core/Src/counter.o
                0x0000000008000578                counterReset
 .text.fsmAutoStop
                0x00000000080005a4       0x18 ./Core/Src/fsm.o
                0x00000000080005a4                fsmAutoStop
 .text.fsmAutoProcessing
                0x00000000080005bc       0xc4 ./Core/Src/fsm.o
                0x00000000080005bc                fsmAutoProcessing
 .text.fsmAuto  0x0000000008000680      0x170 ./Core/Src/fsm.o
                0x0000000008000680                fsmAuto
 .text.fsmManualStop
                0x00000000080007f0       0x40 ./Core/Src/fsm.o
                0x00000000080007f0                fsmManualStop
 .text.fsmManualProcessing
                0x0000000008000830       0xb4 ./Core/Src/fsm.o
                0x0000000008000830                fsmManualProcessing
 .text.fsmManual
                0x00000000080008e4       0x6c ./Core/Src/fsm.o
                0x00000000080008e4                fsmManual
 .text.fsmTunningStop
                0x0000000008000950        0xc ./Core/Src/fsm.o
                0x0000000008000950                fsmTunningStop
 .text.fsmTunningProcessing
                0x000000000800095c      0x32c ./Core/Src/fsm.o
                0x000000000800095c                fsmTunningProcessing
 .text.fsmTunning
                0x0000000008000c88       0xa0 ./Core/Src/fsm.o
                0x0000000008000c88                fsmTunning
 .text.fsmInit  0x0000000008000d28       0x48 ./Core/Src/fsm.o
                0x0000000008000d28                fsmInit
 .text.fsmProcessing
                0x0000000008000d70      0x144 ./Core/Src/fsm.o
                0x0000000008000d70                fsmProcessing
 .text.HAL_UART_RxCpltCallback
                0x0000000008000eb4       0x3c ./Core/Src/main.o
                0x0000000008000eb4                HAL_UART_RxCpltCallback
 .text.main     0x0000000008000ef0       0x90 ./Core/Src/main.o
                0x0000000008000ef0                main
 .text.SystemClock_Config
                0x0000000008000f80       0x82 ./Core/Src/main.o
                0x0000000008000f80                SystemClock_Config
 *fill*         0x0000000008001002        0x2 
 .text.MX_TIM2_Init
                0x0000000008001004       0x98 ./Core/Src/main.o
 .text.MX_TIM3_Init
                0x000000000800109c      0x104 ./Core/Src/main.o
 .text.MX_USART2_UART_Init
                0x00000000080011a0       0x54 ./Core/Src/main.o
 .text.MX_GPIO_Init
                0x00000000080011f4      0x124 ./Core/Src/main.o
 .text.HAL_TIM_PeriodElapsedCallback
                0x0000000008001318       0x1e ./Core/Src/main.o
                0x0000000008001318                HAL_TIM_PeriodElapsedCallback
 .text.Error_Handler
                0x0000000008001336        0xa ./Core/Src/main.o
                0x0000000008001336                Error_Handler
 .text.pedestrianToggle
                0x0000000008001340      0x14c ./Core/Src/pedestrian.o
                0x0000000008001340                pedestrianToggle
 .text.pedestrian0On
                0x000000000800148c       0x54 ./Core/Src/pedestrian.o
                0x000000000800148c                pedestrian0On
 .text.pedestrian1On
                0x00000000080014e0       0x54 ./Core/Src/pedestrian.o
                0x00000000080014e0                pedestrian1On
 .text.pedestrian0Off
                0x0000000008001534       0x20 ./Core/Src/pedestrian.o
                0x0000000008001534                pedestrian0Off
 .text.pedestrian1Off
                0x0000000008001554       0x20 ./Core/Src/pedestrian.o
                0x0000000008001554                pedestrian1Off
 .text.SCH_Init
                0x0000000008001574       0x94 ./Core/Src/scheduler.o
                0x0000000008001574                SCH_Init
 .text.SCH_Update
                0x0000000008001608       0x4c ./Core/Src/scheduler.o
                0x0000000008001608                SCH_Update
 .text.SCH_Dispatch
                0x0000000008001654       0x34 ./Core/Src/scheduler.o
                0x0000000008001654                SCH_Dispatch
 .text.SCH_AddTask
                0x0000000008001688      0x20c ./Core/Src/scheduler.o
                0x0000000008001688                SCH_AddTask
 .text.SCH_DeleteTask
                0x0000000008001894      0x13c ./Core/Src/scheduler.o
                0x0000000008001894                SCH_DeleteTask
 .text.SCH_RefreshTask
                0x00000000080019d0      0x264 ./Core/Src/scheduler.o
                0x00000000080019d0                SCH_RefreshTask
 .text.HAL_MspInit
                0x0000000008001c34       0x64 ./Core/Src/stm32f1xx_hal_msp.o
                0x0000000008001c34                HAL_MspInit
 .text.HAL_TIM_Base_MspInit
                0x0000000008001c98       0x80 ./Core/Src/stm32f1xx_hal_msp.o
                0x0000000008001c98                HAL_TIM_Base_MspInit
 .text.HAL_TIM_MspPostInit
                0x0000000008001d18       0x64 ./Core/Src/stm32f1xx_hal_msp.o
                0x0000000008001d18                HAL_TIM_MspPostInit
 .text.HAL_UART_MspInit
                0x0000000008001d7c       0x8c ./Core/Src/stm32f1xx_hal_msp.o
                0x0000000008001d7c                HAL_UART_MspInit
 .text.NMI_Handler
                0x0000000008001e08        0x6 ./Core/Src/stm32f1xx_it.o
                0x0000000008001e08                NMI_Handler
 .text.HardFault_Handler
                0x0000000008001e0e        0x6 ./Core/Src/stm32f1xx_it.o
                0x0000000008001e0e                HardFault_Handler
 .text.MemManage_Handler
                0x0000000008001e14        0x6 ./Core/Src/stm32f1xx_it.o
                0x0000000008001e14                MemManage_Handler
 .text.BusFault_Handler
                0x0000000008001e1a        0x6 ./Core/Src/stm32f1xx_it.o
                0x0000000008001e1a                BusFault_Handler
 .text.UsageFault_Handler
                0x0000000008001e20        0x6 ./Core/Src/stm32f1xx_it.o
                0x0000000008001e20                UsageFault_Handler
 .text.SVC_Handler
                0x0000000008001e26        0xc ./Core/Src/stm32f1xx_it.o
                0x0000000008001e26                SVC_Handler
 .text.DebugMon_Handler
                0x0000000008001e32        0xc ./Core/Src/stm32f1xx_it.o
                0x0000000008001e32                DebugMon_Handler
 .text.PendSV_Handler
                0x0000000008001e3e        0xc ./Core/Src/stm32f1xx_it.o
                0x0000000008001e3e                PendSV_Handler
 .text.SysTick_Handler
                0x0000000008001e4a        0xc ./Core/Src/stm32f1xx_it.o
                0x0000000008001e4a                SysTick_Handler
 *fill*         0x0000000008001e56        0x2 
 .text.TIM2_IRQHandler
                0x0000000008001e58       0x14 ./Core/Src/stm32f1xx_it.o
                0x0000000008001e58                TIM2_IRQHandler
 .text.TIM3_IRQHandler
                0x0000000008001e6c       0x14 ./Core/Src/stm32f1xx_it.o
                0x0000000008001e6c                TIM3_IRQHandler
 .text.USART2_IRQHandler
                0x0000000008001e80       0x14 ./Core/Src/stm32f1xx_it.o
                0x0000000008001e80                USART2_IRQHandler
 .text.EXTI15_10_IRQHandler
                0x0000000008001e94       0x10 ./Core/Src/stm32f1xx_it.o
                0x0000000008001e94                EXTI15_10_IRQHandler
 .text._sbrk    0x0000000008001ea4       0x6c ./Core/Src/sysmem.o
                0x0000000008001ea4                _sbrk
 .text.SystemInit
                0x0000000008001f10        0xc ./Core/Src/system_stm32f1xx.o
                0x0000000008001f10                SystemInit
 .text.testMCU  0x0000000008001f1c       0x14 ./Core/Src/test.o
                0x0000000008001f1c                testMCU
 .text.testButton
                0x0000000008001f30       0xa0 ./Core/Src/test.o
                0x0000000008001f30                testButton
 .text.testBuzzer
                0x0000000008001fd0       0x24 ./Core/Src/test.o
                0x0000000008001fd0                testBuzzer
 .text.testLED  0x0000000008001ff4       0x7c ./Core/Src/test.o
                0x0000000008001ff4                testLED
 .text.trafficToggle
                0x0000000008002070      0x1fc ./Core/Src/traffic.o
                0x0000000008002070                trafficToggle
 .text.traffic0Off
                0x000000000800226c       0x10 ./Core/Src/traffic.o
                0x000000000800226c                traffic0Off
 .text.traffic0Red
                0x000000000800227c       0x10 ./Core/Src/traffic.o
                0x000000000800227c                traffic0Red
 .text.traffic0Green
                0x000000000800228c       0x10 ./Core/Src/traffic.o
                0x000000000800228c                traffic0Green
 .text.traffic0Yellow
                0x000000000800229c       0x10 ./Core/Src/traffic.o
                0x000000000800229c                traffic0Yellow
 .text.traffic1Off
                0x00000000080022ac       0x10 ./Core/Src/traffic.o
                0x00000000080022ac                traffic1Off
 .text.traffic1Red
                0x00000000080022bc       0x10 ./Core/Src/traffic.o
                0x00000000080022bc                traffic1Red
 .text.traffic1Green
                0x00000000080022cc       0x10 ./Core/Src/traffic.o
                0x00000000080022cc                traffic1Green
 .text.traffic1Yellow
                0x00000000080022dc       0x10 ./Core/Src/traffic.o
                0x00000000080022dc                traffic1Yellow
 .text.uartRedDuration
                0x00000000080022ec       0x44 ./Core/Src/uart.o
                0x00000000080022ec                uartRedDuration
 .text.uartGreenDuration
                0x0000000008002330       0x44 ./Core/Src/uart.o
                0x0000000008002330                uartGreenDuration
 .text.uartYellowDuration
                0x0000000008002374       0x44 ./Core/Src/uart.o
                0x0000000008002374                uartYellowDuration
 .text.uartCounter
                0x00000000080023b8       0x44 ./Core/Src/uart.o
                0x00000000080023b8                uartCounter
 .text.Reset_Handler
                0x00000000080023fc       0x48 ./Core/Startup/startup_stm32f103rbtx.o
                0x00000000080023fc                Reset_Handler
 .text.Default_Handler
                0x0000000008002444        0x2 ./Core/Startup/startup_stm32f103rbtx.o
                0x0000000008002444                RTC_Alarm_IRQHandler
                0x0000000008002444                EXTI2_IRQHandler
                0x0000000008002444                TIM1_CC_IRQHandler
                0x0000000008002444                PVD_IRQHandler
                0x0000000008002444                EXTI3_IRQHandler
                0x0000000008002444                EXTI0_IRQHandler
                0x0000000008002444                I2C2_EV_IRQHandler
                0x0000000008002444                ADC1_2_IRQHandler
                0x0000000008002444                SPI1_IRQHandler
                0x0000000008002444                TAMPER_IRQHandler
                0x0000000008002444                DMA1_Channel4_IRQHandler
                0x0000000008002444                USART3_IRQHandler
                0x0000000008002444                RTC_IRQHandler
                0x0000000008002444                DMA1_Channel7_IRQHandler
                0x0000000008002444                CAN1_RX1_IRQHandler
                0x0000000008002444                TIM4_IRQHandler
                0x0000000008002444                I2C1_EV_IRQHandler
                0x0000000008002444                DMA1_Channel6_IRQHandler
                0x0000000008002444                RCC_IRQHandler
                0x0000000008002444                TIM1_TRG_COM_IRQHandler
                0x0000000008002444                DMA1_Channel1_IRQHandler
                0x0000000008002444                Default_Handler
                0x0000000008002444                EXTI9_5_IRQHandler
                0x0000000008002444                SPI2_IRQHandler
                0x0000000008002444                DMA1_Channel5_IRQHandler
                0x0000000008002444                EXTI4_IRQHandler
                0x0000000008002444                USB_LP_CAN1_RX0_IRQHandler
                0x0000000008002444                USB_HP_CAN1_TX_IRQHandler
                0x0000000008002444                DMA1_Channel3_IRQHandler
                0x0000000008002444                TIM1_UP_IRQHandler
                0x0000000008002444                WWDG_IRQHandler
                0x0000000008002444                TIM1_BRK_IRQHandler
                0x0000000008002444                EXTI1_IRQHandler
                0x0000000008002444                I2C2_ER_IRQHandler
                0x0000000008002444                DMA1_Channel2_IRQHandler
                0x0000000008002444                CAN1_SCE_IRQHandler
                0x0000000008002444                FLASH_IRQHandler
                0x0000000008002444                USART1_IRQHandler
                0x0000000008002444                I2C1_ER_IRQHandler
                0x0000000008002444                USBWakeUp_IRQHandler
 *fill*         0x0000000008002446        0x2 
 .text.HAL_Init
                0x0000000008002448       0x2c ./Drivers/STM32F1xx_HAL_Driver/Src/stm32f1xx_hal.o
                0x0000000008002448                HAL_Init
 .text.HAL_InitTick
                0x0000000008002474       0x60 ./Drivers/STM32F1xx_HAL_Driver/Src/stm32f1xx_hal.o
                0x0000000008002474                HAL_InitTick
 .text.HAL_IncTick
                0x00000000080024d4       0x24 ./Drivers/STM32F1xx_HAL_Driver/Src/stm32f1xx_hal.o
                0x00000000080024d4                HAL_IncTick
 .text.HAL_GetTick
                0x00000000080024f8       0x14 ./Drivers/STM32F1xx_HAL_Driver/Src/stm32f1xx_hal.o
                0x00000000080024f8                HAL_GetTick
 .text.__NVIC_SetPriorityGrouping
                0x000000000800250c       0x48 ./Drivers/STM32F1xx_HAL_Driver/Src/stm32f1xx_hal_cortex.o
 .text.__NVIC_GetPriorityGrouping
                0x0000000008002554       0x1c ./Drivers/STM32F1xx_HAL_Driver/Src/stm32f1xx_hal_cortex.o
 .text.__NVIC_EnableIRQ
                0x0000000008002570       0x38 ./Drivers/STM32F1xx_HAL_Driver/Src/stm32f1xx_hal_cortex.o
 .text.__NVIC_SetPriority
                0x00000000080025a8       0x54 ./Drivers/STM32F1xx_HAL_Driver/Src/stm32f1xx_hal_cortex.o
 .text.NVIC_EncodePriority
                0x00000000080025fc       0x64 ./Drivers/STM32F1xx_HAL_Driver/Src/stm32f1xx_hal_cortex.o
 .text.SysTick_Config
                0x0000000008002660       0x44 ./Drivers/STM32F1xx_HAL_Driver/Src/stm32f1xx_hal_cortex.o
 .text.HAL_NVIC_SetPriorityGrouping
                0x00000000080026a4       0x16 ./Drivers/STM32F1xx_HAL_Driver/Src/stm32f1xx_hal_cortex.o
                0x00000000080026a4                HAL_NVIC_SetPriorityGrouping
 .text.HAL_NVIC_SetPriority
                0x00000000080026ba       0x38 ./Drivers/STM32F1xx_HAL_Driver/Src/stm32f1xx_hal_cortex.o
                0x00000000080026ba                HAL_NVIC_SetPriority
 .text.HAL_NVIC_EnableIRQ
                0x00000000080026f2       0x1c ./Drivers/STM32F1xx_HAL_Driver/Src/stm32f1xx_hal_cortex.o
                0x00000000080026f2                HAL_NVIC_EnableIRQ
 .text.HAL_SYSTICK_Config
                0x000000000800270e       0x18 ./Drivers/STM32F1xx_HAL_Driver/Src/stm32f1xx_hal_cortex.o
                0x000000000800270e                HAL_SYSTICK_Config
 .text.HAL_DMA_Abort
                0x0000000008002726       0x76 ./Drivers/STM32F1xx_HAL_Driver/Src/stm32f1xx_hal_dma.o
                0x0000000008002726                HAL_DMA_Abort
 .text.HAL_DMA_Abort_IT
                0x000000000800279c       0xf0 ./Drivers/STM32F1xx_HAL_Driver/Src/stm32f1xx_hal_dma.o
                0x000000000800279c                HAL_DMA_Abort_IT
 .text.HAL_GPIO_Init
                0x000000000800288c      0x308 ./Drivers/STM32F1xx_HAL_Driver/Src/stm32f1xx_hal_gpio.o
                0x000000000800288c                HAL_GPIO_Init
 .text.HAL_GPIO_ReadPin
                0x0000000008002b94       0x2e ./Drivers/STM32F1xx_HAL_Driver/Src/stm32f1xx_hal_gpio.o
                0x0000000008002b94                HAL_GPIO_ReadPin
 .text.HAL_GPIO_WritePin
                0x0000000008002bc2       0x30 ./Drivers/STM32F1xx_HAL_Driver/Src/stm32f1xx_hal_gpio.o
                0x0000000008002bc2                HAL_GPIO_WritePin
 .text.HAL_GPIO_TogglePin
                0x0000000008002bf2       0x32 ./Drivers/STM32F1xx_HAL_Driver/Src/stm32f1xx_hal_gpio.o
                0x0000000008002bf2                HAL_GPIO_TogglePin
 .text.HAL_GPIO_EXTI_IRQHandler
                0x0000000008002c24       0x30 ./Drivers/STM32F1xx_HAL_Driver/Src/stm32f1xx_hal_gpio.o
                0x0000000008002c24                HAL_GPIO_EXTI_IRQHandler
 .text.HAL_GPIO_EXTI_Callback
                0x0000000008002c54       0x14 ./Drivers/STM32F1xx_HAL_Driver/Src/stm32f1xx_hal_gpio.o
                0x0000000008002c54                HAL_GPIO_EXTI_Callback
 .text.HAL_RCC_OscConfig
                0x0000000008002c68      0x504 ./Drivers/STM32F1xx_HAL_Driver/Src/stm32f1xx_hal_rcc.o
                0x0000000008002c68                HAL_RCC_OscConfig
 .text.HAL_RCC_ClockConfig
                0x000000000800316c      0x1d4 ./Drivers/STM32F1xx_HAL_Driver/Src/stm32f1xx_hal_rcc.o
                0x000000000800316c                HAL_RCC_ClockConfig
 .text.HAL_RCC_GetSysClockFreq
                0x0000000008003340       0xa8 ./Drivers/STM32F1xx_HAL_Driver/Src/stm32f1xx_hal_rcc.o
                0x0000000008003340                HAL_RCC_GetSysClockFreq
 .text.HAL_RCC_GetHCLKFreq
                0x00000000080033e8       0x14 ./Drivers/STM32F1xx_HAL_Driver/Src/stm32f1xx_hal_rcc.o
                0x00000000080033e8                HAL_RCC_GetHCLKFreq
 .text.HAL_RCC_GetPCLK1Freq
                0x00000000080033fc       0x28 ./Drivers/STM32F1xx_HAL_Driver/Src/stm32f1xx_hal_rcc.o
                0x00000000080033fc                HAL_RCC_GetPCLK1Freq
 .text.HAL_RCC_GetPCLK2Freq
                0x0000000008003424       0x28 ./Drivers/STM32F1xx_HAL_Driver/Src/stm32f1xx_hal_rcc.o
                0x0000000008003424                HAL_RCC_GetPCLK2Freq
 .text.RCC_Delay
                0x000000000800344c       0x3c ./Drivers/STM32F1xx_HAL_Driver/Src/stm32f1xx_hal_rcc.o
 .text.HAL_TIM_Base_Init
                0x0000000008003488       0x9e ./Drivers/STM32F1xx_HAL_Driver/Src/stm32f1xx_hal_tim.o
                0x0000000008003488                HAL_TIM_Base_Init
 *fill*         0x0000000008003526        0x2 
 .text.HAL_TIM_Base_Start_IT
                0x0000000008003528       0xa4 ./Drivers/STM32F1xx_HAL_Driver/Src/stm32f1xx_hal_tim.o
                0x0000000008003528                HAL_TIM_Base_Start_IT
 .text.HAL_TIM_PWM_Init
                0x00000000080035cc       0x9e ./Drivers/STM32F1xx_HAL_Driver/Src/stm32f1xx_hal_tim.o
                0x00000000080035cc                HAL_TIM_PWM_Init
 .text.HAL_TIM_PWM_MspInit
                0x000000000800366a       0x12 ./Drivers/STM32F1xx_HAL_Driver/Src/stm32f1xx_hal_tim.o
                0x000000000800366a                HAL_TIM_PWM_MspInit
 .text.HAL_TIM_PWM_Start
                0x000000000800367c      0x144 ./Drivers/STM32F1xx_HAL_Driver/Src/stm32f1xx_hal_tim.o
                0x000000000800367c                HAL_TIM_PWM_Start
 .text.HAL_TIM_IRQHandler
                0x00000000080037c0      0x210 ./Drivers/STM32F1xx_HAL_Driver/Src/stm32f1xx_hal_tim.o
                0x00000000080037c0                HAL_TIM_IRQHandler
 .text.HAL_TIM_PWM_ConfigChannel
                0x00000000080039d0      0x184 ./Drivers/STM32F1xx_HAL_Driver/Src/stm32f1xx_hal_tim.o
                0x00000000080039d0                HAL_TIM_PWM_ConfigChannel
 .text.HAL_TIM_ConfigClockSource
                0x0000000008003b54      0x18e ./Drivers/STM32F1xx_HAL_Driver/Src/stm32f1xx_hal_tim.o
                0x0000000008003b54                HAL_TIM_ConfigClockSource
 .text.HAL_TIM_OC_DelayElapsedCallback
                0x0000000008003ce2       0x12 ./Drivers/STM32F1xx_HAL_Driver/Src/stm32f1xx_hal_tim.o
                0x0000000008003ce2                HAL_TIM_OC_DelayElapsedCallback
 .text.HAL_TIM_IC_CaptureCallback
                0x0000000008003cf4       0x12 ./Drivers/STM32F1xx_HAL_Driver/Src/stm32f1xx_hal_tim.o
                0x0000000008003cf4                HAL_TIM_IC_CaptureCallback
 .text.HAL_TIM_PWM_PulseFinishedCallback
                0x0000000008003d06       0x12 ./Drivers/STM32F1xx_HAL_Driver/Src/stm32f1xx_hal_tim.o
                0x0000000008003d06                HAL_TIM_PWM_PulseFinishedCallback
 .text.HAL_TIM_TriggerCallback
                0x0000000008003d18       0x12 ./Drivers/STM32F1xx_HAL_Driver/Src/stm32f1xx_hal_tim.o
                0x0000000008003d18                HAL_TIM_TriggerCallback
 *fill*         0x0000000008003d2a        0x2 
 .text.TIM_Base_SetConfig
                0x0000000008003d2c       0xc4 ./Drivers/STM32F1xx_HAL_Driver/Src/stm32f1xx_hal_tim.o
                0x0000000008003d2c                TIM_Base_SetConfig
 .text.TIM_OC1_SetConfig
                0x0000000008003df0       0xcc ./Drivers/STM32F1xx_HAL_Driver/Src/stm32f1xx_hal_tim.o
 .text.TIM_OC2_SetConfig
                0x0000000008003ebc       0xd4 ./Drivers/STM32F1xx_HAL_Driver/Src/stm32f1xx_hal_tim.o
                0x0000000008003ebc                TIM_OC2_SetConfig
 .text.TIM_OC3_SetConfig
                0x0000000008003f90       0xd4 ./Drivers/STM32F1xx_HAL_Driver/Src/stm32f1xx_hal_tim.o
 .text.TIM_OC4_SetConfig
                0x0000000008004064       0x9c ./Drivers/STM32F1xx_HAL_Driver/Src/stm32f1xx_hal_tim.o
 .text.TIM_TI1_ConfigInputStage
                0x0000000008004100       0x5c ./Drivers/STM32F1xx_HAL_Driver/Src/stm32f1xx_hal_tim.o
 .text.TIM_TI2_ConfigInputStage
                0x000000000800415c       0x5e ./Drivers/STM32F1xx_HAL_Driver/Src/stm32f1xx_hal_tim.o
 .text.TIM_ITRx_SetConfig
                0x00000000080041ba       0x34 ./Drivers/STM32F1xx_HAL_Driver/Src/stm32f1xx_hal_tim.o
 .text.TIM_ETR_SetConfig
                0x00000000080041ee       0x3e ./Drivers/STM32F1xx_HAL_Driver/Src/stm32f1xx_hal_tim.o
                0x00000000080041ee                TIM_ETR_SetConfig
 .text.TIM_CCxChannelCmd
                0x000000000800422c       0x48 ./Drivers/STM32F1xx_HAL_Driver/Src/stm32f1xx_hal_tim.o
                0x000000000800422c                TIM_CCxChannelCmd
 .text.HAL_TIMEx_MasterConfigSynchronization
                0x0000000008004274       0xbc ./Drivers/STM32F1xx_HAL_Driver/Src/stm32f1xx_hal_tim_ex.o
                0x0000000008004274                HAL_TIMEx_MasterConfigSynchronization
 .text.HAL_TIMEx_CommutCallback
                0x0000000008004330       0x12 ./Drivers/STM32F1xx_HAL_Driver/Src/stm32f1xx_hal_tim_ex.o
                0x0000000008004330                HAL_TIMEx_CommutCallback
 .text.HAL_TIMEx_BreakCallback
                0x0000000008004342       0x12 ./Drivers/STM32F1xx_HAL_Driver/Src/stm32f1xx_hal_tim_ex.o
                0x0000000008004342                HAL_TIMEx_BreakCallback
 .text.HAL_UART_Init
                0x0000000008004354       0xa0 ./Drivers/STM32F1xx_HAL_Driver/Src/stm32f1xx_hal_uart.o
                0x0000000008004354                HAL_UART_Init
 .text.HAL_UART_Transmit
                0x00000000080043f4      0x106 ./Drivers/STM32F1xx_HAL_Driver/Src/stm32f1xx_hal_uart.o
                0x00000000080043f4                HAL_UART_Transmit
 .text.HAL_UART_Receive_IT
                0x00000000080044fa       0x4a ./Drivers/STM32F1xx_HAL_Driver/Src/stm32f1xx_hal_uart.o
                0x00000000080044fa                HAL_UART_Receive_IT
 .text.HAL_UART_IRQHandler
                0x0000000008004544      0x524 ./Drivers/STM32F1xx_HAL_Driver/Src/stm32f1xx_hal_uart.o
                0x0000000008004544                HAL_UART_IRQHandler
 .text.HAL_UART_TxCpltCallback
                0x0000000008004a68       0x12 ./Drivers/STM32F1xx_HAL_Driver/Src/stm32f1xx_hal_uart.o
                0x0000000008004a68                HAL_UART_TxCpltCallback
 .text.HAL_UART_ErrorCallback
                0x0000000008004a7a       0x12 ./Drivers/STM32F1xx_HAL_Driver/Src/stm32f1xx_hal_uart.o
                0x0000000008004a7a                HAL_UART_ErrorCallback
 .text.HAL_UARTEx_RxEventCallback
                0x0000000008004a8c       0x16 ./Drivers/STM32F1xx_HAL_Driver/Src/stm32f1xx_hal_uart.o
                0x0000000008004a8c                HAL_UARTEx_RxEventCallback
 .text.UART_WaitOnFlagUntilTimeout
                0x0000000008004aa2       0xdc ./Drivers/STM32F1xx_HAL_Driver/Src/stm32f1xx_hal_uart.o
 .text.UART_Start_Receive_IT
                0x0000000008004b7e       0x72 ./Drivers/STM32F1xx_HAL_Driver/Src/stm32f1xx_hal_uart.o
                0x0000000008004b7e                UART_Start_Receive_IT
 .text.UART_EndRxTransfer
                0x0000000008004bf0       0xc4 ./Drivers/STM32F1xx_HAL_Driver/Src/stm32f1xx_hal_uart.o
 .text.UART_DMAAbortOnError
                0x0000000008004cb4       0x28 ./Drivers/STM32F1xx_HAL_Driver/Src/stm32f1xx_hal_uart.o
 .text.UART_Transmit_IT
                0x0000000008004cdc       0x9e ./Drivers/STM32F1xx_HAL_Driver/Src/stm32f1xx_hal_uart.o
 .text.UART_EndTransmit_IT
                0x0000000008004d7a       0x30 ./Drivers/STM32F1xx_HAL_Driver/Src/stm32f1xx_hal_uart.o
 .text.UART_Receive_IT
                0x0000000008004daa      0x17c ./Drivers/STM32F1xx_HAL_Driver/Src/stm32f1xx_hal_uart.o
 *fill*         0x0000000008004f26        0x2 
 .text.UART_SetConfig
                0x0000000008004f28      0x11c ./Drivers/STM32F1xx_HAL_Driver/Src/stm32f1xx_hal_uart.o
 .text.sprintf  0x0000000008005044       0x40 D:/Installation/Apps/CubeIDE/STM32CubeIDE_1.7.0/STM32CubeIDE/plugins/com.st.stm32cube.ide.mcu.externaltools.gnu-tools-for-stm32.11.3.rel1.win32_1.1.100.202309141235/tools/bin/../lib/gcc/arm-none-eabi/11.3.1/../../../../arm-none-eabi/lib/thumb/v7-m/nofp\libc_nano.a(libc_a-sprintf.o)
                0x0000000008005044                siprintf
                0x0000000008005044                sprintf
 .text.memset   0x0000000008005084       0x10 D:/Installation/Apps/CubeIDE/STM32CubeIDE_1.7.0/STM32CubeIDE/plugins/com.st.stm32cube.ide.mcu.externaltools.gnu-tools-for-stm32.11.3.rel1.win32_1.1.100.202309141235/tools/bin/../lib/gcc/arm-none-eabi/11.3.1/../../../../arm-none-eabi/lib/thumb/v7-m/nofp\libc_nano.a(libc_a-memset.o)
                0x0000000008005084                memset
 .text.__errno  0x0000000008005094        0xc D:/Installation/Apps/CubeIDE/STM32CubeIDE_1.7.0/STM32CubeIDE/plugins/com.st.stm32cube.ide.mcu.externaltools.gnu-tools-for-stm32.11.3.rel1.win32_1.1.100.202309141235/tools/bin/../lib/gcc/arm-none-eabi/11.3.1/../../../../arm-none-eabi/lib/thumb/v7-m/nofp\libc_nano.a(libc_a-errno.o)
                0x0000000008005094                __errno
 .text.__libc_init_array
                0x00000000080050a0       0x48 D:/Installation/Apps/CubeIDE/STM32CubeIDE_1.7.0/STM32CubeIDE/plugins/com.st.stm32cube.ide.mcu.externaltools.gnu-tools-for-stm32.11.3.rel1.win32_1.1.100.202309141235/tools/bin/../lib/gcc/arm-none-eabi/11.3.1/../../../../arm-none-eabi/lib/thumb/v7-m/nofp\libc_nano.a(libc_a-init.o)
                0x00000000080050a0                __libc_init_array
 .text.__retarget_lock_acquire_recursive
                0x00000000080050e8        0x2 D:/Installation/Apps/CubeIDE/STM32CubeIDE_1.7.0/STM32CubeIDE/plugins/com.st.stm32cube.ide.mcu.externaltools.gnu-tools-for-stm32.11.3.rel1.win32_1.1.100.202309141235/tools/bin/../lib/gcc/arm-none-eabi/11.3.1/../../../../arm-none-eabi/lib/thumb/v7-m/nofp\libc_nano.a(libc_a-lock.o)
                0x00000000080050e8                __retarget_lock_acquire_recursive
 .text.__retarget_lock_release_recursive
                0x00000000080050ea        0x2 D:/Installation/Apps/CubeIDE/STM32CubeIDE_1.7.0/STM32CubeIDE/plugins/com.st.stm32cube.ide.mcu.externaltools.gnu-tools-for-stm32.11.3.rel1.win32_1.1.100.202309141235/tools/bin/../lib/gcc/arm-none-eabi/11.3.1/../../../../arm-none-eabi/lib/thumb/v7-m/nofp\libc_nano.a(libc_a-lock.o)
                0x00000000080050ea                __retarget_lock_release_recursive
 .text._free_r  0x00000000080050ec       0x90 D:/Installation/Apps/CubeIDE/STM32CubeIDE_1.7.0/STM32CubeIDE/plugins/com.st.stm32cube.ide.mcu.externaltools.gnu-tools-for-stm32.11.3.rel1.win32_1.1.100.202309141235/tools/bin/../lib/gcc/arm-none-eabi/11.3.1/../../../../arm-none-eabi/lib/thumb/v7-m/nofp\libc_nano.a(libc_a-freer.o)
                0x00000000080050ec                _free_r
 .text.sbrk_aligned
                0x000000000800517c       0x40 D:/Installation/Apps/CubeIDE/STM32CubeIDE_1.7.0/STM32CubeIDE/plugins/com.st.stm32cube.ide.mcu.externaltools.gnu-tools-for-stm32.11.3.rel1.win32_1.1.100.202309141235/tools/bin/../lib/gcc/arm-none-eabi/11.3.1/../../../../arm-none-eabi/lib/thumb/v7-m/nofp\libc_nano.a(libc_a-mallocr.o)
 .text._malloc_r
                0x00000000080051bc      0x100 D:/Installation/Apps/CubeIDE/STM32CubeIDE_1.7.0/STM32CubeIDE/plugins/com.st.stm32cube.ide.mcu.externaltools.gnu-tools-for-stm32.11.3.rel1.win32_1.1.100.202309141235/tools/bin/../lib/gcc/arm-none-eabi/11.3.1/../../../../arm-none-eabi/lib/thumb/v7-m/nofp\libc_nano.a(libc_a-mallocr.o)
                0x00000000080051bc                _malloc_r
 .text.__malloc_lock
                0x00000000080052bc        0xc D:/Installation/Apps/CubeIDE/STM32CubeIDE_1.7.0/STM32CubeIDE/plugins/com.st.stm32cube.ide.mcu.externaltools.gnu-tools-for-stm32.11.3.rel1.win32_1.1.100.202309141235/tools/bin/../lib/gcc/arm-none-eabi/11.3.1/../../../../arm-none-eabi/lib/thumb/v7-m/nofp\libc_nano.a(libc_a-mlock.o)
                0x00000000080052bc                __malloc_lock
 .text.__malloc_unlock
                0x00000000080052c8        0xc D:/Installation/Apps/CubeIDE/STM32CubeIDE_1.7.0/STM32CubeIDE/plugins/com.st.stm32cube.ide.mcu.externaltools.gnu-tools-for-stm32.11.3.rel1.win32_1.1.100.202309141235/tools/bin/../lib/gcc/arm-none-eabi/11.3.1/../../../../arm-none-eabi/lib/thumb/v7-m/nofp\libc_nano.a(libc_a-mlock.o)
                0x00000000080052c8                __malloc_unlock
 .text.__ssputs_r
                0x00000000080052d4       0xb4 D:/Installation/Apps/CubeIDE/STM32CubeIDE_1.7.0/STM32CubeIDE/plugins/com.st.stm32cube.ide.mcu.externaltools.gnu-tools-for-stm32.11.3.rel1.win32_1.1.100.202309141235/tools/bin/../lib/gcc/arm-none-eabi/11.3.1/../../../../arm-none-eabi/lib/thumb/v7-m/nofp\libc_nano.a(libc_a-nano-svfprintf.o)
                0x00000000080052d4                __ssputs_r
 .text._svfprintf_r
                0x0000000008005388      0x1fc D:/Installation/Apps/CubeIDE/STM32CubeIDE_1.7.0/STM32CubeIDE/plugins/com.st.stm32cube.ide.mcu.externaltools.gnu-tools-for-stm32.11.3.rel1.win32_1.1.100.202309141235/tools/bin/../lib/gcc/arm-none-eabi/11.3.1/../../../../arm-none-eabi/lib/thumb/v7-m/nofp\libc_nano.a(libc_a-nano-svfprintf.o)
                0x0000000008005388                _svfiprintf_r
                0x0000000008005388                _svfprintf_r
 .text._printf_common
                0x0000000008005584       0xe4 D:/Installation/Apps/CubeIDE/STM32CubeIDE_1.7.0/STM32CubeIDE/plugins/com.st.stm32cube.ide.mcu.externaltools.gnu-tools-for-stm32.11.3.rel1.win32_1.1.100.202309141235/tools/bin/../lib/gcc/arm-none-eabi/11.3.1/../../../../arm-none-eabi/lib/thumb/v7-m/nofp\libc_nano.a(libc_a-nano-vfprintf_i.o)
                0x0000000008005584                _printf_common
 .text._printf_i
                0x0000000008005668      0x244 D:/Installation/Apps/CubeIDE/STM32CubeIDE_1.7.0/STM32CubeIDE/plugins/com.st.stm32cube.ide.mcu.externaltools.gnu-tools-for-stm32.11.3.rel1.win32_1.1.100.202309141235/tools/bin/../lib/gcc/arm-none-eabi/11.3.1/../../../../arm-none-eabi/lib/thumb/v7-m/nofp\libc_nano.a(libc_a-nano-vfprintf_i.o)
                0x0000000008005668                _printf_i
 .text.memmove  0x00000000080058ac       0x34 D:/Installation/Apps/CubeIDE/STM32CubeIDE_1.7.0/STM32CubeIDE/plugins/com.st.stm32cube.ide.mcu.externaltools.gnu-tools-for-stm32.11.3.rel1.win32_1.1.100.202309141235/tools/bin/../lib/gcc/arm-none-eabi/11.3.1/../../../../arm-none-eabi/lib/thumb/v7-m/nofp\libc_nano.a(libc_a-memmove.o)
                0x00000000080058ac                memmove
 .text._sbrk_r  0x00000000080058e0       0x20 D:/Installation/Apps/CubeIDE/STM32CubeIDE_1.7.0/STM32CubeIDE/plugins/com.st.stm32cube.ide.mcu.externaltools.gnu-tools-for-stm32.11.3.rel1.win32_1.1.100.202309141235/tools/bin/../lib/gcc/arm-none-eabi/11.3.1/../../../../arm-none-eabi/lib/thumb/v7-m/nofp\libc_nano.a(libc_a-sbrkr.o)
                0x00000000080058e0                _sbrk_r
 .text.memchr   0x0000000008005900       0x1c D:/Installation/Apps/CubeIDE/STM32CubeIDE_1.7.0/STM32CubeIDE/plugins/com.st.stm32cube.ide.mcu.externaltools.gnu-tools-for-stm32.11.3.rel1.win32_1.1.100.202309141235/tools/bin/../lib/gcc/arm-none-eabi/11.3.1/../../../../arm-none-eabi/lib/thumb/v7-m/nofp\libc_nano.a(libc_a-memchr-stub.o)
                0x0000000008005900                memchr
 .text.memcpy   0x000000000800591c       0x1c D:/Installation/Apps/CubeIDE/STM32CubeIDE_1.7.0/STM32CubeIDE/plugins/com.st.stm32cube.ide.mcu.externaltools.gnu-tools-for-stm32.11.3.rel1.win32_1.1.100.202309141235/tools/bin/../lib/gcc/arm-none-eabi/11.3.1/../../../../arm-none-eabi/lib/thumb/v7-m/nofp\libc_nano.a(libc_a-memcpy-stub.o)
                0x000000000800591c                memcpy
 .text._realloc_r
                0x0000000008005938       0x5e D:/Installation/Apps/CubeIDE/STM32CubeIDE_1.7.0/STM32CubeIDE/plugins/com.st.stm32cube.ide.mcu.externaltools.gnu-tools-for-stm32.11.3.rel1.win32_1.1.100.202309141235/tools/bin/../lib/gcc/arm-none-eabi/11.3.1/../../../../arm-none-eabi/lib/thumb/v7-m/nofp\libc_nano.a(libc_a-reallocr.o)
                0x0000000008005938                _realloc_r
 .text._malloc_usable_size_r
                0x0000000008005996       0x10 D:/Installation/Apps/CubeIDE/STM32CubeIDE_1.7.0/STM32CubeIDE/plugins/com.st.stm32cube.ide.mcu.externaltools.gnu-tools-for-stm32.11.3.rel1.win32_1.1.100.202309141235/tools/bin/../lib/gcc/arm-none-eabi/11.3.1/../../../../arm-none-eabi/lib/thumb/v7-m/nofp\libc_nano.a(libc_a-msizer.o)
                0x0000000008005996                _malloc_usable_size_r
 *(.glue_7)
 .glue_7        0x00000000080059a6        0x0 linker stubs
 *(.glue_7t)
 .glue_7t       0x00000000080059a6        0x0 linker stubs
 *(.eh_frame)
 *fill*         0x00000000080059a6        0x2 
 .eh_frame      0x00000000080059a8        0x0 D:/Installation/Apps/CubeIDE/STM32CubeIDE_1.7.0/STM32CubeIDE/plugins/com.st.stm32cube.ide.mcu.externaltools.gnu-tools-for-stm32.11.3.rel1.win32_1.1.100.202309141235/tools/bin/../lib/gcc/arm-none-eabi/11.3.1/thumb/v7-m/nofp/crtbegin.o
 *(.init)
 .init          0x00000000080059a8        0x4 D:/Installation/Apps/CubeIDE/STM32CubeIDE_1.7.0/STM32CubeIDE/plugins/com.st.stm32cube.ide.mcu.externaltools.gnu-tools-for-stm32.11.3.rel1.win32_1.1.100.202309141235/tools/bin/../lib/gcc/arm-none-eabi/11.3.1/thumb/v7-m/nofp/crti.o
                0x00000000080059a8                _init
 .init          0x00000000080059ac        0x8 D:/Installation/Apps/CubeIDE/STM32CubeIDE_1.7.0/STM32CubeIDE/plugins/com.st.stm32cube.ide.mcu.externaltools.gnu-tools-for-stm32.11.3.rel1.win32_1.1.100.202309141235/tools/bin/../lib/gcc/arm-none-eabi/11.3.1/thumb/v7-m/nofp/crtn.o
 *(.fini)
 .fini          0x00000000080059b4        0x4 D:/Installation/Apps/CubeIDE/STM32CubeIDE_1.7.0/STM32CubeIDE/plugins/com.st.stm32cube.ide.mcu.externaltools.gnu-tools-for-stm32.11.3.rel1.win32_1.1.100.202309141235/tools/bin/../lib/gcc/arm-none-eabi/11.3.1/thumb/v7-m/nofp/crti.o
                0x00000000080059b4                _fini
 .fini          0x00000000080059b8        0x8 D:/Installation/Apps/CubeIDE/STM32CubeIDE_1.7.0/STM32CubeIDE/plugins/com.st.stm32cube.ide.mcu.externaltools.gnu-tools-for-stm32.11.3.rel1.win32_1.1.100.202309141235/tools/bin/../lib/gcc/arm-none-eabi/11.3.1/thumb/v7-m/nofp/crtn.o
                0x00000000080059c0                . = ALIGN (0x4)
                0x00000000080059c0                _etext = .

.vfp11_veneer   0x00000000080059c0        0x0
 .vfp11_veneer  0x00000000080059c0        0x0 linker stubs

.v4_bx          0x00000000080059c0        0x0
 .v4_bx         0x00000000080059c0        0x0 linker stubs

.iplt           0x00000000080059c0        0x0
 .iplt          0x00000000080059c0        0x0 D:/Installation/Apps/CubeIDE/STM32CubeIDE_1.7.0/STM32CubeIDE/plugins/com.st.stm32cube.ide.mcu.externaltools.gnu-tools-for-stm32.11.3.rel1.win32_1.1.100.202309141235/tools/bin/../lib/gcc/arm-none-eabi/11.3.1/thumb/v7-m/nofp/crtbegin.o

.rodata         0x00000000080059c0       0x88
                0x00000000080059c0                . = ALIGN (0x4)
 *(.rodata)
 .rodata        0x00000000080059c0       0x27 ./Core/Src/uart.o
 *(.rodata*)
 *fill*         0x00000000080059e7        0x1 
 .rodata.AHBPrescTable
                0x00000000080059e8       0x10 ./Core/Src/system_stm32f1xx.o
                0x00000000080059e8                AHBPrescTable
 .rodata.APBPrescTable
                0x00000000080059f8        0x8 ./Core/Src/system_stm32f1xx.o
                0x00000000080059f8                APBPrescTable
 .rodata.aPLLMULFactorTable.1
                0x0000000008005a00       0x10 ./Drivers/STM32F1xx_HAL_Driver/Src/stm32f1xx_hal_rcc.o
 .rodata.aPredivFactorTable.0
                0x0000000008005a10        0x2 ./Drivers/STM32F1xx_HAL_Driver/Src/stm32f1xx_hal_rcc.o
 .rodata._svfprintf_r.str1.1
                0x0000000008005a12       0x11 D:/Installation/Apps/CubeIDE/STM32CubeIDE_1.7.0/STM32CubeIDE/plugins/com.st.stm32cube.ide.mcu.externaltools.gnu-tools-for-stm32.11.3.rel1.win32_1.1.100.202309141235/tools/bin/../lib/gcc/arm-none-eabi/11.3.1/../../../../arm-none-eabi/lib/thumb/v7-m/nofp\libc_nano.a(libc_a-nano-svfprintf.o)
 .rodata._printf_i.str1.1
                0x0000000008005a23       0x22 D:/Installation/Apps/CubeIDE/STM32CubeIDE_1.7.0/STM32CubeIDE/plugins/com.st.stm32cube.ide.mcu.externaltools.gnu-tools-for-stm32.11.3.rel1.win32_1.1.100.202309141235/tools/bin/../lib/gcc/arm-none-eabi/11.3.1/../../../../arm-none-eabi/lib/thumb/v7-m/nofp\libc_nano.a(libc_a-nano-vfprintf_i.o)
                0x0000000008005a48                . = ALIGN (0x4)
 *fill*         0x0000000008005a45        0x3 

.rel.dyn        0x0000000008005a48        0x0
 .rel.iplt      0x0000000008005a48        0x0 D:/Installation/Apps/CubeIDE/STM32CubeIDE_1.7.0/STM32CubeIDE/plugins/com.st.stm32cube.ide.mcu.externaltools.gnu-tools-for-stm32.11.3.rel1.win32_1.1.100.202309141235/tools/bin/../lib/gcc/arm-none-eabi/11.3.1/thumb/v7-m/nofp/crtbegin.o

.ARM.extab      0x0000000008005a48        0x0
                0x0000000008005a48                . = ALIGN (0x4)
 *(.ARM.extab* .gnu.linkonce.armextab.*)
                0x0000000008005a48                . = ALIGN (0x4)

.ARM            0x0000000008005a48        0x0
                0x0000000008005a48                . = ALIGN (0x4)
                0x0000000008005a48                __exidx_start = .
 *(.ARM.exidx*)
                0x0000000008005a48                __exidx_end = .
                0x0000000008005a48                . = ALIGN (0x4)

.preinit_array  0x0000000008005a48        0x0
                0x0000000008005a48                . = ALIGN (0x4)
                0x0000000008005a48                PROVIDE (__preinit_array_start = .)
 *(.preinit_array*)
                0x0000000008005a48                PROVIDE (__preinit_array_end = .)
                0x0000000008005a48                . = ALIGN (0x4)

.init_array     0x0000000008005a48        0x4
                0x0000000008005a48                . = ALIGN (0x4)
                0x0000000008005a48                PROVIDE (__init_array_start = .)
 *(SORT_BY_NAME(.init_array.*))
 *(.init_array*)
 .init_array    0x0000000008005a48        0x4 D:/Installation/Apps/CubeIDE/STM32CubeIDE_1.7.0/STM32CubeIDE/plugins/com.st.stm32cube.ide.mcu.externaltools.gnu-tools-for-stm32.11.3.rel1.win32_1.1.100.202309141235/tools/bin/../lib/gcc/arm-none-eabi/11.3.1/thumb/v7-m/nofp/crtbegin.o
                0x0000000008005a4c                PROVIDE (__init_array_end = .)
                0x0000000008005a4c                . = ALIGN (0x4)

.fini_array     0x0000000008005a4c        0x4
                0x0000000008005a4c                . = ALIGN (0x4)
                [!provide]                        PROVIDE (__fini_array_start = .)
 *(SORT_BY_NAME(.fini_array.*))
 *(.fini_array*)
 .fini_array    0x0000000008005a4c        0x4 D:/Installation/Apps/CubeIDE/STM32CubeIDE_1.7.0/STM32CubeIDE/plugins/com.st.stm32cube.ide.mcu.externaltools.gnu-tools-for-stm32.11.3.rel1.win32_1.1.100.202309141235/tools/bin/../lib/gcc/arm-none-eabi/11.3.1/thumb/v7-m/nofp/crtbegin.o
                [!provide]                        PROVIDE (__fini_array_end = .)
                0x0000000008005a50                . = ALIGN (0x4)
                0x0000000008005a50                _sidata = LOADADDR (.data)

.data           0x0000000020000000       0xbc load address 0x0000000008005a50
                0x0000000020000000                . = ALIGN (0x4)
                0x0000000020000000                _sdata = .
 *(.data)
 *(.data*)
 .data.buttonPorts
                0x0000000020000000       0x10 ./Core/Src/button.o
 .data.buttonPins
                0x0000000020000010        0x8 ./Core/Src/button.o
 .data.pedestrianRedPorts
                0x0000000020000018        0x8 ./Core/Src/pedestrian.o
 .data.pedestrianGreenPorts
                0x0000000020000020        0x8 ./Core/Src/pedestrian.o
 .data.pedestrianRedPins
                0x0000000020000028        0x4 ./Core/Src/pedestrian.o
 .data.pedestrianGreenPins
                0x000000002000002c        0x4 ./Core/Src/pedestrian.o
 .data.SystemCoreClock
                0x0000000020000030        0x4 ./Core/Src/system_stm32f1xx.o
                0x0000000020000030                SystemCoreClock
 .data.trafficRedDuration
                0x0000000020000034        0x4 ./Core/Src/traffic.o
                0x0000000020000034                trafficRedDuration
 .data.trafficGreenDuration
                0x0000000020000038        0x4 ./Core/Src/traffic.o
                0x0000000020000038                trafficGreenDuration
 .data.trafficYellowDuration
                0x000000002000003c        0x4 ./Core/Src/traffic.o
                0x000000002000003c                trafficYellowDuration
 .data.trafficRedPorts
                0x0000000020000040        0x8 ./Core/Src/traffic.o
 .data.trafficGreenPorts
                0x0000000020000048        0x8 ./Core/Src/traffic.o
 .data.trafficYellowPorts
                0x0000000020000050        0x8 ./Core/Src/traffic.o
 .data.trafficRedPins
                0x0000000020000058        0x4 ./Core/Src/traffic.o
 .data.trafficGreenPins
                0x000000002000005c        0x4 ./Core/Src/traffic.o
 .data.trafficYellowPins
                0x0000000020000060        0x4 ./Core/Src/traffic.o
 .data.uwTickPrio
                0x0000000020000064        0x4 ./Drivers/STM32F1xx_HAL_Driver/Src/stm32f1xx_hal.o
                0x0000000020000064                uwTickPrio
 .data.uwTickFreq
                0x0000000020000068        0x1 ./Drivers/STM32F1xx_HAL_Driver/Src/stm32f1xx_hal.o
                0x0000000020000068                uwTickFreq
 *fill*         0x0000000020000069        0x3 
 .data._impure_data
                0x000000002000006c       0x4c D:/Installation/Apps/CubeIDE/STM32CubeIDE_1.7.0/STM32CubeIDE/plugins/com.st.stm32cube.ide.mcu.externaltools.gnu-tools-for-stm32.11.3.rel1.win32_1.1.100.202309141235/tools/bin/../lib/gcc/arm-none-eabi/11.3.1/../../../../arm-none-eabi/lib/thumb/v7-m/nofp\libc_nano.a(libc_a-impure.o)
                0x000000002000006c                _impure_data
 .data._impure_ptr
                0x00000000200000b8        0x4 D:/Installation/Apps/CubeIDE/STM32CubeIDE_1.7.0/STM32CubeIDE/plugins/com.st.stm32cube.ide.mcu.externaltools.gnu-tools-for-stm32.11.3.rel1.win32_1.1.100.202309141235/tools/bin/../lib/gcc/arm-none-eabi/11.3.1/../../../../arm-none-eabi/lib/thumb/v7-m/nofp\libc_nano.a(libc_a-impure.o)
                0x00000000200000b8                _impure_ptr
 *(.RamFunc)
 *(.RamFunc*)
                0x00000000200000bc                . = ALIGN (0x4)
                0x00000000200000bc                _edata = .

.igot.plt       0x00000000200000bc        0x0 load address 0x0000000008005b0c
 .igot.plt      0x00000000200000bc        0x0 D:/Installation/Apps/CubeIDE/STM32CubeIDE_1.7.0/STM32CubeIDE/plugins/com.st.stm32cube.ide.mcu.externaltools.gnu-tools-for-stm32.11.3.rel1.win32_1.1.100.202309141235/tools/bin/../lib/gcc/arm-none-eabi/11.3.1/thumb/v7-m/nofp/crtbegin.o
                0x00000000200000bc                . = ALIGN (0x4)

.bss            0x00000000200000bc      0x430 load address 0x0000000008005b0c
                0x00000000200000bc                _sbss = .
                0x00000000200000bc                __bss_start__ = _sbss
 *(.bss)
 .bss           0x00000000200000bc       0x1c D:/Installation/Apps/CubeIDE/STM32CubeIDE_1.7.0/STM32CubeIDE/plugins/com.st.stm32cube.ide.mcu.externaltools.gnu-tools-for-stm32.11.3.rel1.win32_1.1.100.202309141235/tools/bin/../lib/gcc/arm-none-eabi/11.3.1/thumb/v7-m/nofp/crtbegin.o
 *(.bss*)
 .bss.buttonStates
                0x00000000200000d8        0x4 ./Core/Src/button.o
 .bss.buttonDebounce0
                0x00000000200000dc        0x4 ./Core/Src/button.o
 .bss.buttonDebounce1
                0x00000000200000e0        0x4 ./Core/Src/button.o
 .bss.buttonDebounce2
                0x00000000200000e4        0x4 ./Core/Src/button.o
 .bss.buttonFlags
                0x00000000200000e8        0x4 ./Core/Src/button.o
 .bss.buttonCounters
                0x00000000200000ec        0x8 ./Core/Src/button.o
 .bss.fsmState  0x00000000200000f4        0x1 ./Core/Src/fsm.o
                0x00000000200000f4                fsmState
 .bss.fsmTunningState
                0x00000000200000f5        0x1 ./Core/Src/fsm.o
 *fill*         0x00000000200000f6        0x2 
 .bss.fsmIDs    0x00000000200000f8        0x1 ./Core/Src/fsm.o
 *fill*         0x00000000200000f9        0x3 
 .bss.fsmAutoIDs
                0x00000000200000fc        0xb ./Core/Src/fsm.o
 *fill*         0x0000000020000107        0x1 
 .bss.fsmManualIDs
                0x0000000020000108        0x3 ./Core/Src/fsm.o
 *fill*         0x000000002000010b        0x1 
 .bss.fsmTunningIDs
                0x000000002000010c        0x5 ./Core/Src/fsm.o
 *fill*         0x0000000020000111        0x3 
 .bss.htim2     0x0000000020000114       0x48 ./Core/Src/main.o
                0x0000000020000114                htim2
 .bss.htim3     0x000000002000015c       0x48 ./Core/Src/main.o
                0x000000002000015c                htim3
 .bss.huart2    0x00000000200001a4       0x48 ./Core/Src/main.o
                0x00000000200001a4                huart2
 .bss.temp      0x00000000200001ec        0x1 ./Core/Src/main.o
                0x00000000200001ec                temp
 *fill*         0x00000000200001ed        0x3 
 .bss.pedestrianStates
                0x00000000200001f0        0x2 ./Core/Src/pedestrian.o
                0x00000000200001f0                pedestrianStates
 *fill*         0x00000000200001f2        0x2 
 .bss.pedestrianCounters
                0x00000000200001f4        0x8 ./Core/Src/pedestrian.o
                0x00000000200001f4                pedestrianCounters
 .bss.buzzer0Flag
                0x00000000200001fc        0x1 ./Core/Src/pedestrian.o
                0x00000000200001fc                buzzer0Flag
 .bss.buzzer1Flag
                0x00000000200001fd        0x1 ./Core/Src/pedestrian.o
                0x00000000200001fd                buzzer1Flag
 *fill*         0x00000000200001fe        0x2 
 .bss.tasks     0x0000000020000200      0x190 ./Core/Src/scheduler.o
                0x0000000020000200                tasks
 .bss.__sbrk_heap_end
                0x0000000020000390        0x4 ./Core/Src/sysmem.o
 .bss.trafficStates
                0x0000000020000394        0x2 ./Core/Src/traffic.o
                0x0000000020000394                trafficStates
 *fill*         0x0000000020000396        0x2 
 .bss.trafficCounters
                0x0000000020000398        0x8 ./Core/Src/traffic.o
                0x0000000020000398                trafficCounters
 .bss.uwTick    0x00000000200003a0        0x4 ./Drivers/STM32F1xx_HAL_Driver/Src/stm32f1xx_hal.o
                0x00000000200003a0                uwTick
 .bss.__sf      0x00000000200003a4      0x138 D:/Installation/Apps/CubeIDE/STM32CubeIDE_1.7.0/STM32CubeIDE/plugins/com.st.stm32cube.ide.mcu.externaltools.gnu-tools-for-stm32.11.3.rel1.win32_1.1.100.202309141235/tools/bin/../lib/gcc/arm-none-eabi/11.3.1/../../../../arm-none-eabi/lib/thumb/v7-m/nofp\libc_nano.a(libc_a-findfp.o)
                0x00000000200003a4                __sf
 .bss.errno     0x00000000200004dc        0x4 D:/Installation/Apps/CubeIDE/STM32CubeIDE_1.7.0/STM32CubeIDE/plugins/com.st.stm32cube.ide.mcu.externaltools.gnu-tools-for-stm32.11.3.rel1.win32_1.1.100.202309141235/tools/bin/../lib/gcc/arm-none-eabi/11.3.1/../../../../arm-none-eabi/lib/thumb/v7-m/nofp\libc_nano.a(libc_a-reent.o)
                0x00000000200004dc                errno
 .bss.__lock___malloc_recursive_mutex
                0x00000000200004e0        0x1 D:/Installation/Apps/CubeIDE/STM32CubeIDE_1.7.0/STM32CubeIDE/plugins/com.st.stm32cube.ide.mcu.externaltools.gnu-tools-for-stm32.11.3.rel1.win32_1.1.100.202309141235/tools/bin/../lib/gcc/arm-none-eabi/11.3.1/../../../../arm-none-eabi/lib/thumb/v7-m/nofp\libc_nano.a(libc_a-lock.o)
                0x00000000200004e0                __lock___malloc_recursive_mutex
 *fill*         0x00000000200004e1        0x3 
 .bss.__malloc_free_list
                0x00000000200004e4        0x4 D:/Installation/Apps/CubeIDE/STM32CubeIDE_1.7.0/STM32CubeIDE/plugins/com.st.stm32cube.ide.mcu.externaltools.gnu-tools-for-stm32.11.3.rel1.win32_1.1.100.202309141235/tools/bin/../lib/gcc/arm-none-eabi/11.3.1/../../../../arm-none-eabi/lib/thumb/v7-m/nofp\libc_nano.a(libc_a-mallocr.o)
                0x00000000200004e4                __malloc_free_list
 .bss.__malloc_sbrk_start
                0x00000000200004e8        0x4 D:/Installation/Apps/CubeIDE/STM32CubeIDE_1.7.0/STM32CubeIDE/plugins/com.st.stm32cube.ide.mcu.externaltools.gnu-tools-for-stm32.11.3.rel1.win32_1.1.100.202309141235/tools/bin/../lib/gcc/arm-none-eabi/11.3.1/../../../../arm-none-eabi/lib/thumb/v7-m/nofp\libc_nano.a(libc_a-mallocr.o)
                0x00000000200004e8                __malloc_sbrk_start
 *(COMMON)
                0x00000000200004ec                . = ALIGN (0x4)
                0x00000000200004ec                _ebss = .
                0x00000000200004ec                __bss_end__ = _ebss

._user_heap_stack
                0x00000000200004ec      0x604 load address 0x0000000008005b0c
                0x00000000200004f0                . = ALIGN (0x8)
 *fill*         0x00000000200004ec        0x4 
                [!provide]                        PROVIDE (end = .)
                0x00000000200004f0                PROVIDE (_end = .)
                0x00000000200006f0                . = (. + _Min_Heap_Size)
 *fill*         0x00000000200004f0      0x200 
                0x0000000020000af0                . = (. + _Min_Stack_Size)
 *fill*         0x00000000200006f0      0x400 
                0x0000000020000af0                . = ALIGN (0x8)

/DISCARD/
 libc.a(*)
 libm.a(*)
 libgcc.a(*)

.ARM.attributes
                0x0000000000000000       0x29
 *(.ARM.attributes)
 .ARM.attributes
                0x0000000000000000       0x1d D:/Installation/Apps/CubeIDE/STM32CubeIDE_1.7.0/STM32CubeIDE/plugins/com.st.stm32cube.ide.mcu.externaltools.gnu-tools-for-stm32.11.3.rel1.win32_1.1.100.202309141235/tools/bin/../lib/gcc/arm-none-eabi/11.3.1/thumb/v7-m/nofp/crti.o
 .ARM.attributes
                0x000000000000001d       0x2d D:/Installation/Apps/CubeIDE/STM32CubeIDE_1.7.0/STM32CubeIDE/plugins/com.st.stm32cube.ide.mcu.externaltools.gnu-tools-for-stm32.11.3.rel1.win32_1.1.100.202309141235/tools/bin/../lib/gcc/arm-none-eabi/11.3.1/thumb/v7-m/nofp/crtbegin.o
 .ARM.attributes
                0x000000000000004a       0x2d ./Core/Src/button.o
 .ARM.attributes
                0x0000000000000077       0x2d ./Core/Src/buzzer.o
 .ARM.attributes
                0x00000000000000a4       0x2d ./Core/Src/counter.o
 .ARM.attributes
                0x00000000000000d1       0x2d ./Core/Src/fsm.o
 .ARM.attributes
                0x00000000000000fe       0x2d ./Core/Src/main.o
 .ARM.attributes
                0x000000000000012b       0x2d ./Core/Src/pedestrian.o
 .ARM.attributes
                0x0000000000000158       0x2d ./Core/Src/scheduler.o
 .ARM.attributes
                0x0000000000000185       0x2d ./Core/Src/stm32f1xx_hal_msp.o
 .ARM.attributes
                0x00000000000001b2       0x2d ./Core/Src/stm32f1xx_it.o
 .ARM.attributes
                0x00000000000001df       0x2d ./Core/Src/sysmem.o
 .ARM.attributes
                0x000000000000020c       0x2d ./Core/Src/system_stm32f1xx.o
 .ARM.attributes
                0x0000000000000239       0x2d ./Core/Src/test.o
 .ARM.attributes
                0x0000000000000266       0x2d ./Core/Src/traffic.o
 .ARM.attributes
                0x0000000000000293       0x2d ./Core/Src/uart.o
 .ARM.attributes
                0x00000000000002c0       0x21 ./Core/Startup/startup_stm32f103rbtx.o
 .ARM.attributes
                0x00000000000002e1       0x2d ./Drivers/STM32F1xx_HAL_Driver/Src/stm32f1xx_hal.o
 .ARM.attributes
                0x000000000000030e       0x2d ./Drivers/STM32F1xx_HAL_Driver/Src/stm32f1xx_hal_cortex.o
 .ARM.attributes
                0x000000000000033b       0x2d ./Drivers/STM32F1xx_HAL_Driver/Src/stm32f1xx_hal_dma.o
 .ARM.attributes
                0x0000000000000368       0x2d ./Drivers/STM32F1xx_HAL_Driver/Src/stm32f1xx_hal_gpio.o
 .ARM.attributes
                0x0000000000000395       0x2d ./Drivers/STM32F1xx_HAL_Driver/Src/stm32f1xx_hal_rcc.o
 .ARM.attributes
                0x00000000000003c2       0x2d ./Drivers/STM32F1xx_HAL_Driver/Src/stm32f1xx_hal_tim.o
 .ARM.attributes
                0x00000000000003ef       0x2d ./Drivers/STM32F1xx_HAL_Driver/Src/stm32f1xx_hal_tim_ex.o
 .ARM.attributes
                0x000000000000041c       0x2d ./Drivers/STM32F1xx_HAL_Driver/Src/stm32f1xx_hal_uart.o
 .ARM.attributes
                0x0000000000000449       0x2d D:/Installation/Apps/CubeIDE/STM32CubeIDE_1.7.0/STM32CubeIDE/plugins/com.st.stm32cube.ide.mcu.externaltools.gnu-tools-for-stm32.11.3.rel1.win32_1.1.100.202309141235/tools/bin/../lib/gcc/arm-none-eabi/11.3.1/../../../../arm-none-eabi/lib/thumb/v7-m/nofp\libc_nano.a(libc_a-findfp.o)
 .ARM.attributes
                0x0000000000000476       0x2d D:/Installation/Apps/CubeIDE/STM32CubeIDE_1.7.0/STM32CubeIDE/plugins/com.st.stm32cube.ide.mcu.externaltools.gnu-tools-for-stm32.11.3.rel1.win32_1.1.100.202309141235/tools/bin/../lib/gcc/arm-none-eabi/11.3.1/../../../../arm-none-eabi/lib/thumb/v7-m/nofp\libc_nano.a(libc_a-sprintf.o)
 .ARM.attributes
                0x00000000000004a3       0x2d D:/Installation/Apps/CubeIDE/STM32CubeIDE_1.7.0/STM32CubeIDE/plugins/com.st.stm32cube.ide.mcu.externaltools.gnu-tools-for-stm32.11.3.rel1.win32_1.1.100.202309141235/tools/bin/../lib/gcc/arm-none-eabi/11.3.1/../../../../arm-none-eabi/lib/thumb/v7-m/nofp\libc_nano.a(libc_a-memset.o)
 .ARM.attributes
                0x00000000000004d0       0x2d D:/Installation/Apps/CubeIDE/STM32CubeIDE_1.7.0/STM32CubeIDE/plugins/com.st.stm32cube.ide.mcu.externaltools.gnu-tools-for-stm32.11.3.rel1.win32_1.1.100.202309141235/tools/bin/../lib/gcc/arm-none-eabi/11.3.1/../../../../arm-none-eabi/lib/thumb/v7-m/nofp\libc_nano.a(libc_a-reent.o)
 .ARM.attributes
                0x00000000000004fd       0x2d D:/Installation/Apps/CubeIDE/STM32CubeIDE_1.7.0/STM32CubeIDE/plugins/com.st.stm32cube.ide.mcu.externaltools.gnu-tools-for-stm32.11.3.rel1.win32_1.1.100.202309141235/tools/bin/../lib/gcc/arm-none-eabi/11.3.1/../../../../arm-none-eabi/lib/thumb/v7-m/nofp\libc_nano.a(libc_a-impure.o)
 .ARM.attributes
                0x000000000000052a       0x2d D:/Installation/Apps/CubeIDE/STM32CubeIDE_1.7.0/STM32CubeIDE/plugins/com.st.stm32cube.ide.mcu.externaltools.gnu-tools-for-stm32.11.3.rel1.win32_1.1.100.202309141235/tools/bin/../lib/gcc/arm-none-eabi/11.3.1/../../../../arm-none-eabi/lib/thumb/v7-m/nofp\libc_nano.a(libc_a-errno.o)
 .ARM.attributes
                0x0000000000000557       0x2d D:/Installation/Apps/CubeIDE/STM32CubeIDE_1.7.0/STM32CubeIDE/plugins/com.st.stm32cube.ide.mcu.externaltools.gnu-tools-for-stm32.11.3.rel1.win32_1.1.100.202309141235/tools/bin/../lib/gcc/arm-none-eabi/11.3.1/../../../../arm-none-eabi/lib/thumb/v7-m/nofp\libc_nano.a(libc_a-init.o)
 .ARM.attributes
                0x0000000000000584       0x2d D:/Installation/Apps/CubeIDE/STM32CubeIDE_1.7.0/STM32CubeIDE/plugins/com.st.stm32cube.ide.mcu.externaltools.gnu-tools-for-stm32.11.3.rel1.win32_1.1.100.202309141235/tools/bin/../lib/gcc/arm-none-eabi/11.3.1/../../../../arm-none-eabi/lib/thumb/v7-m/nofp\libc_nano.a(libc_a-lock.o)
 .ARM.attributes
                0x00000000000005b1       0x2d D:/Installation/Apps/CubeIDE/STM32CubeIDE_1.7.0/STM32CubeIDE/plugins/com.st.stm32cube.ide.mcu.externaltools.gnu-tools-for-stm32.11.3.rel1.win32_1.1.100.202309141235/tools/bin/../lib/gcc/arm-none-eabi/11.3.1/../../../../arm-none-eabi/lib/thumb/v7-m/nofp\libc_nano.a(libc_a-freer.o)
 .ARM.attributes
                0x00000000000005de       0x2d D:/Installation/Apps/CubeIDE/STM32CubeIDE_1.7.0/STM32CubeIDE/plugins/com.st.stm32cube.ide.mcu.externaltools.gnu-tools-for-stm32.11.3.rel1.win32_1.1.100.202309141235/tools/bin/../lib/gcc/arm-none-eabi/11.3.1/../../../../arm-none-eabi/lib/thumb/v7-m/nofp\libc_nano.a(libc_a-mallocr.o)
 .ARM.attributes
                0x000000000000060b       0x2d D:/Installation/Apps/CubeIDE/STM32CubeIDE_1.7.0/STM32CubeIDE/plugins/com.st.stm32cube.ide.mcu.externaltools.gnu-tools-for-stm32.11.3.rel1.win32_1.1.100.202309141235/tools/bin/../lib/gcc/arm-none-eabi/11.3.1/../../../../arm-none-eabi/lib/thumb/v7-m/nofp\libc_nano.a(libc_a-mlock.o)
 .ARM.attributes
                0x0000000000000638       0x2d D:/Installation/Apps/CubeIDE/STM32CubeIDE_1.7.0/STM32CubeIDE/plugins/com.st.stm32cube.ide.mcu.externaltools.gnu-tools-for-stm32.11.3.rel1.win32_1.1.100.202309141235/tools/bin/../lib/gcc/arm-none-eabi/11.3.1/../../../../arm-none-eabi/lib/thumb/v7-m/nofp\libc_nano.a(libc_a-nano-svfprintf.o)
 .ARM.attributes
                0x0000000000000665       0x2d D:/Installation/Apps/CubeIDE/STM32CubeIDE_1.7.0/STM32CubeIDE/plugins/com.st.stm32cube.ide.mcu.externaltools.gnu-tools-for-stm32.11.3.rel1.win32_1.1.100.202309141235/tools/bin/../lib/gcc/arm-none-eabi/11.3.1/../../../../arm-none-eabi/lib/thumb/v7-m/nofp\libc_nano.a(libc_a-nano-vfprintf_i.o)
 .ARM.attributes
                0x0000000000000692       0x2d D:/Installation/Apps/CubeIDE/STM32CubeIDE_1.7.0/STM32CubeIDE/plugins/com.st.stm32cube.ide.mcu.externaltools.gnu-tools-for-stm32.11.3.rel1.win32_1.1.100.202309141235/tools/bin/../lib/gcc/arm-none-eabi/11.3.1/../../../../arm-none-eabi/lib/thumb/v7-m/nofp\libc_nano.a(libc_a-memmove.o)
 .ARM.attributes
                0x00000000000006bf       0x2d D:/Installation/Apps/CubeIDE/STM32CubeIDE_1.7.0/STM32CubeIDE/plugins/com.st.stm32cube.ide.mcu.externaltools.gnu-tools-for-stm32.11.3.rel1.win32_1.1.100.202309141235/tools/bin/../lib/gcc/arm-none-eabi/11.3.1/../../../../arm-none-eabi/lib/thumb/v7-m/nofp\libc_nano.a(libc_a-sbrkr.o)
 .ARM.attributes
                0x00000000000006ec       0x2d D:/Installation/Apps/CubeIDE/STM32CubeIDE_1.7.0/STM32CubeIDE/plugins/com.st.stm32cube.ide.mcu.externaltools.gnu-tools-for-stm32.11.3.rel1.win32_1.1.100.202309141235/tools/bin/../lib/gcc/arm-none-eabi/11.3.1/../../../../arm-none-eabi/lib/thumb/v7-m/nofp\libc_nano.a(libc_a-memchr-stub.o)
 .ARM.attributes
                0x0000000000000719       0x2d D:/Installation/Apps/CubeIDE/STM32CubeIDE_1.7.0/STM32CubeIDE/plugins/com.st.stm32cube.ide.mcu.externaltools.gnu-tools-for-stm32.11.3.rel1.win32_1.1.100.202309141235/tools/bin/../lib/gcc/arm-none-eabi/11.3.1/../../../../arm-none-eabi/lib/thumb/v7-m/nofp\libc_nano.a(libc_a-memcpy-stub.o)
 .ARM.attributes
                0x0000000000000746       0x2d D:/Installation/Apps/CubeIDE/STM32CubeIDE_1.7.0/STM32CubeIDE/plugins/com.st.stm32cube.ide.mcu.externaltools.gnu-tools-for-stm32.11.3.rel1.win32_1.1.100.202309141235/tools/bin/../lib/gcc/arm-none-eabi/11.3.1/../../../../arm-none-eabi/lib/thumb/v7-m/nofp\libc_nano.a(libc_a-reallocr.o)
 .ARM.attributes
                0x0000000000000773       0x2d D:/Installation/Apps/CubeIDE/STM32CubeIDE_1.7.0/STM32CubeIDE/plugins/com.st.stm32cube.ide.mcu.externaltools.gnu-tools-for-stm32.11.3.rel1.win32_1.1.100.202309141235/tools/bin/../lib/gcc/arm-none-eabi/11.3.1/../../../../arm-none-eabi/lib/thumb/v7-m/nofp\libc_nano.a(libc_a-msizer.o)
 .ARM.attributes
                0x00000000000007a0       0x1d D:/Installation/Apps/CubeIDE/STM32CubeIDE_1.7.0/STM32CubeIDE/plugins/com.st.stm32cube.ide.mcu.externaltools.gnu-tools-for-stm32.11.3.rel1.win32_1.1.100.202309141235/tools/bin/../lib/gcc/arm-none-eabi/11.3.1/thumb/v7-m/nofp/crtn.o
OUTPUT(NUCLEO.elf elf32-littlearm)
LOAD linker stubs
LOAD D:/Installation/Apps/CubeIDE/STM32CubeIDE_1.7.0/STM32CubeIDE/plugins/com.st.stm32cube.ide.mcu.externaltools.gnu-tools-for-stm32.11.3.rel1.win32_1.1.100.202309141235/tools/bin/../lib/gcc/arm-none-eabi/11.3.1/../../../../arm-none-eabi/lib/thumb/v7-m/nofp\libc.a
LOAD D:/Installation/Apps/CubeIDE/STM32CubeIDE_1.7.0/STM32CubeIDE/plugins/com.st.stm32cube.ide.mcu.externaltools.gnu-tools-for-stm32.11.3.rel1.win32_1.1.100.202309141235/tools/bin/../lib/gcc/arm-none-eabi/11.3.1/../../../../arm-none-eabi/lib/thumb/v7-m/nofp\libm.a
LOAD D:/Installation/Apps/CubeIDE/STM32CubeIDE_1.7.0/STM32CubeIDE/plugins/com.st.stm32cube.ide.mcu.externaltools.gnu-tools-for-stm32.11.3.rel1.win32_1.1.100.202309141235/tools/bin/../lib/gcc/arm-none-eabi/11.3.1/thumb/v7-m/nofp\libgcc.a

.comment        0x0000000000000000       0x43
 .comment       0x0000000000000000       0x43 D:/Installation/Apps/CubeIDE/STM32CubeIDE_1.7.0/STM32CubeIDE/plugins/com.st.stm32cube.ide.mcu.externaltools.gnu-tools-for-stm32.11.3.rel1.win32_1.1.100.202309141235/tools/bin/../lib/gcc/arm-none-eabi/11.3.1/thumb/v7-m/nofp/crtbegin.o
                                         0x44 (size before relaxing)
 .comment       0x0000000000000043       0x44 ./Core/Src/button.o
 .comment       0x0000000000000043       0x44 ./Core/Src/buzzer.o
 .comment       0x0000000000000043       0x44 ./Core/Src/counter.o
 .comment       0x0000000000000043       0x44 ./Core/Src/fsm.o
 .comment       0x0000000000000043       0x44 ./Core/Src/main.o
 .comment       0x0000000000000043       0x44 ./Core/Src/pedestrian.o
 .comment       0x0000000000000043       0x44 ./Core/Src/scheduler.o
 .comment       0x0000000000000043       0x44 ./Core/Src/stm32f1xx_hal_msp.o
 .comment       0x0000000000000043       0x44 ./Core/Src/stm32f1xx_it.o
 .comment       0x0000000000000043       0x44 ./Core/Src/sysmem.o
 .comment       0x0000000000000043       0x44 ./Core/Src/system_stm32f1xx.o
 .comment       0x0000000000000043       0x44 ./Core/Src/test.o
 .comment       0x0000000000000043       0x44 ./Core/Src/traffic.o
 .comment       0x0000000000000043       0x44 ./Core/Src/uart.o
 .comment       0x0000000000000043       0x44 ./Drivers/STM32F1xx_HAL_Driver/Src/stm32f1xx_hal.o
 .comment       0x0000000000000043       0x44 ./Drivers/STM32F1xx_HAL_Driver/Src/stm32f1xx_hal_cortex.o
 .comment       0x0000000000000043       0x44 ./Drivers/STM32F1xx_HAL_Driver/Src/stm32f1xx_hal_dma.o
 .comment       0x0000000000000043       0x44 ./Drivers/STM32F1xx_HAL_Driver/Src/stm32f1xx_hal_gpio.o
 .comment       0x0000000000000043       0x44 ./Drivers/STM32F1xx_HAL_Driver/Src/stm32f1xx_hal_rcc.o
 .comment       0x0000000000000043       0x44 ./Drivers/STM32F1xx_HAL_Driver/Src/stm32f1xx_hal_tim.o
 .comment       0x0000000000000043       0x44 ./Drivers/STM32F1xx_HAL_Driver/Src/stm32f1xx_hal_tim_ex.o
 .comment       0x0000000000000043       0x44 ./Drivers/STM32F1xx_HAL_Driver/Src/stm32f1xx_hal_uart.o

.debug_info     0x0000000000000000     0xe701
 .debug_info    0x0000000000000000      0x2b8 ./Core/Src/button.o
 .debug_info    0x00000000000002b8      0x703 ./Core/Src/buzzer.o
 .debug_info    0x00000000000009bb       0xdd ./Core/Src/counter.o
 .debug_info    0x0000000000000a98      0x449 ./Core/Src/fsm.o
 .debug_info    0x0000000000000ee1     0x11d2 ./Core/Src/main.o
 .debug_info    0x00000000000020b3      0x355 ./Core/Src/pedestrian.o
 .debug_info    0x0000000000002408      0x32a ./Core/Src/scheduler.o
 .debug_info    0x0000000000002732      0xd92 ./Core/Src/stm32f1xx_hal_msp.o
 .debug_info    0x00000000000034c4      0x989 ./Core/Src/stm32f1xx_it.o
 .debug_info    0x0000000000003e4d      0x168 ./Core/Src/sysmem.o
 .debug_info    0x0000000000003fb5      0x222 ./Core/Src/system_stm32f1xx.o
 .debug_info    0x00000000000041d7      0x72f ./Core/Src/test.o
 .debug_info    0x0000000000004906      0x3a7 ./Core/Src/traffic.o
 .debug_info    0x0000000000004cad      0x6d6 ./Core/Src/uart.o
 .debug_info    0x0000000000005383       0x23 ./Core/Startup/startup_stm32f103rbtx.o
 .debug_info    0x00000000000053a6      0x704 ./Drivers/STM32F1xx_HAL_Driver/Src/stm32f1xx_hal.o
 .debug_info    0x0000000000005aaa      0xa87 ./Drivers/STM32F1xx_HAL_Driver/Src/stm32f1xx_hal_cortex.o
 .debug_info    0x0000000000006531      0x6d2 ./Drivers/STM32F1xx_HAL_Driver/Src/stm32f1xx_hal_dma.o
 .debug_info    0x0000000000006c03      0x5ab ./Drivers/STM32F1xx_HAL_Driver/Src/stm32f1xx_hal_gpio.o
 .debug_info    0x00000000000071ae      0x7d5 ./Drivers/STM32F1xx_HAL_Driver/Src/stm32f1xx_hal_rcc.o
 .debug_info    0x0000000000007983     0x293b ./Drivers/STM32F1xx_HAL_Driver/Src/stm32f1xx_hal_tim.o
 .debug_info    0x000000000000a2be     0x149b ./Drivers/STM32F1xx_HAL_Driver/Src/stm32f1xx_hal_tim_ex.o
 .debug_info    0x000000000000b759     0x2fa8 ./Drivers/STM32F1xx_HAL_Driver/Src/stm32f1xx_hal_uart.o

.debug_abbrev   0x0000000000000000     0x28fd
 .debug_abbrev  0x0000000000000000      0x14f ./Core/Src/button.o
 .debug_abbrev  0x000000000000014f      0x1d0 ./Core/Src/buzzer.o
 .debug_abbrev  0x000000000000031f       0x7c ./Core/Src/counter.o
 .debug_abbrev  0x000000000000039b      0x16d ./Core/Src/fsm.o
 .debug_abbrev  0x0000000000000508      0x328 ./Core/Src/main.o
 .debug_abbrev  0x0000000000000830      0x198 ./Core/Src/pedestrian.o
 .debug_abbrev  0x00000000000009c8      0x167 ./Core/Src/scheduler.o
 .debug_abbrev  0x0000000000000b2f      0x1dd ./Core/Src/stm32f1xx_hal_msp.o
 .debug_abbrev  0x0000000000000d0c      0x1b0 ./Core/Src/stm32f1xx_it.o
 .debug_abbrev  0x0000000000000ebc       0xbc ./Core/Src/sysmem.o
 .debug_abbrev  0x0000000000000f78      0x13f ./Core/Src/system_stm32f1xx.o
 .debug_abbrev  0x00000000000010b7      0x195 ./Core/Src/test.o
 .debug_abbrev  0x000000000000124c      0x16f ./Core/Src/traffic.o
 .debug_abbrev  0x00000000000013bb      0x1be ./Core/Src/uart.o
 .debug_abbrev  0x0000000000001579       0x12 ./Core/Startup/startup_stm32f103rbtx.o
 .debug_abbrev  0x000000000000158b      0x201 ./Drivers/STM32F1xx_HAL_Driver/Src/stm32f1xx_hal.o
 .debug_abbrev  0x000000000000178c      0x2f8 ./Drivers/STM32F1xx_HAL_Driver/Src/stm32f1xx_hal_cortex.o
 .debug_abbrev  0x0000000000001a84      0x20b ./Drivers/STM32F1xx_HAL_Driver/Src/stm32f1xx_hal_dma.o
 .debug_abbrev  0x0000000000001c8f      0x1ca ./Drivers/STM32F1xx_HAL_Driver/Src/stm32f1xx_hal_gpio.o
 .debug_abbrev  0x0000000000001e59      0x2b3 ./Drivers/STM32F1xx_HAL_Driver/Src/stm32f1xx_hal_rcc.o
 .debug_abbrev  0x000000000000210c      0x277 ./Drivers/STM32F1xx_HAL_Driver/Src/stm32f1xx_hal_tim.o
 .debug_abbrev  0x0000000000002383      0x282 ./Drivers/STM32F1xx_HAL_Driver/Src/stm32f1xx_hal_tim_ex.o
 .debug_abbrev  0x0000000000002605      0x2f8 ./Drivers/STM32F1xx_HAL_Driver/Src/stm32f1xx_hal_uart.o

.debug_aranges  0x0000000000000000      0xe90
 .debug_aranges
                0x0000000000000000       0x28 ./Core/Src/button.o
 .debug_aranges
                0x0000000000000028       0x48 ./Core/Src/buzzer.o
 .debug_aranges
                0x0000000000000070       0x28 ./Core/Src/counter.o
 .debug_aranges
                0x0000000000000098       0x70 ./Core/Src/fsm.o
 .debug_aranges
                0x0000000000000108       0x60 ./Core/Src/main.o
 .debug_aranges
                0x0000000000000168       0x40 ./Core/Src/pedestrian.o
 .debug_aranges
                0x00000000000001a8       0x50 ./Core/Src/scheduler.o
 .debug_aranges
                0x00000000000001f8       0x48 ./Core/Src/stm32f1xx_hal_msp.o
 .debug_aranges
                0x0000000000000240       0x80 ./Core/Src/stm32f1xx_it.o
 .debug_aranges
                0x00000000000002c0       0x20 ./Core/Src/sysmem.o
 .debug_aranges
                0x00000000000002e0       0x28 ./Core/Src/system_stm32f1xx.o
 .debug_aranges
                0x0000000000000308       0x38 ./Core/Src/test.o
 .debug_aranges
                0x0000000000000340       0x60 ./Core/Src/traffic.o
 .debug_aranges
                0x00000000000003a0       0x40 ./Core/Src/uart.o
 .debug_aranges
                0x00000000000003e0       0x28 ./Core/Startup/startup_stm32f103rbtx.o
 .debug_aranges
                0x0000000000000408       0xe0 ./Drivers/STM32F1xx_HAL_Driver/Src/stm32f1xx_hal.o
 .debug_aranges
                0x00000000000004e8      0x100 ./Drivers/STM32F1xx_HAL_Driver/Src/stm32f1xx_hal_cortex.o
 .debug_aranges
                0x00000000000005e8       0x80 ./Drivers/STM32F1xx_HAL_Driver/Src/stm32f1xx_hal_dma.o
 .debug_aranges
                0x0000000000000668       0x58 ./Drivers/STM32F1xx_HAL_Driver/Src/stm32f1xx_hal_gpio.o
 .debug_aranges
                0x00000000000006c0       0x90 ./Drivers/STM32F1xx_HAL_Driver/Src/stm32f1xx_hal_rcc.o
 .debug_aranges
                0x0000000000000750      0x3d0 ./Drivers/STM32F1xx_HAL_Driver/Src/stm32f1xx_hal_tim.o
 .debug_aranges
                0x0000000000000b20      0x168 ./Drivers/STM32F1xx_HAL_Driver/Src/stm32f1xx_hal_tim_ex.o
 .debug_aranges
                0x0000000000000c88      0x208 ./Drivers/STM32F1xx_HAL_Driver/Src/stm32f1xx_hal_uart.o

.debug_rnglists
                0x0000000000000000      0xb3b
 .debug_rnglists
                0x0000000000000000       0x1a ./Core/Src/button.o
 .debug_rnglists
                0x000000000000001a       0x33 ./Core/Src/buzzer.o
 .debug_rnglists
                0x000000000000004d       0x19 ./Core/Src/counter.o
 .debug_rnglists
                0x0000000000000066       0x55 ./Core/Src/fsm.o
 .debug_rnglists
                0x00000000000000bb       0x48 ./Core/Src/main.o
 .debug_rnglists
                0x0000000000000103       0x2c ./Core/Src/pedestrian.o
 .debug_rnglists
                0x000000000000012f       0x3b ./Core/Src/scheduler.o
 .debug_rnglists
                0x000000000000016a       0x33 ./Core/Src/stm32f1xx_hal_msp.o
 .debug_rnglists
                0x000000000000019d       0x5b ./Core/Src/stm32f1xx_it.o
 .debug_rnglists
                0x00000000000001f8       0x13 ./Core/Src/sysmem.o
 .debug_rnglists
                0x000000000000020b       0x1a ./Core/Src/system_stm32f1xx.o
 .debug_rnglists
                0x0000000000000225       0x26 ./Core/Src/test.o
 .debug_rnglists
                0x000000000000024b       0x44 ./Core/Src/traffic.o
 .debug_rnglists
                0x000000000000028f       0x2b ./Core/Src/uart.o
 .debug_rnglists
                0x00000000000002ba       0x19 ./Core/Startup/startup_stm32f103rbtx.o
 .debug_rnglists
                0x00000000000002d3       0xa3 ./Drivers/STM32F1xx_HAL_Driver/Src/stm32f1xx_hal.o
 .debug_rnglists
                0x0000000000000376       0xbb ./Drivers/STM32F1xx_HAL_Driver/Src/stm32f1xx_hal_cortex.o
 .debug_rnglists
                0x0000000000000431       0x64 ./Drivers/STM32F1xx_HAL_Driver/Src/stm32f1xx_hal_dma.o
 .debug_rnglists
                0x0000000000000495       0x3f ./Drivers/STM32F1xx_HAL_Driver/Src/stm32f1xx_hal_gpio.o
 .debug_rnglists
                0x00000000000004d4       0x6c ./Drivers/STM32F1xx_HAL_Driver/Src/stm32f1xx_hal_rcc.o
 .debug_rnglists
                0x0000000000000540      0x31a ./Drivers/STM32F1xx_HAL_Driver/Src/stm32f1xx_hal_tim.o
 .debug_rnglists
                0x000000000000085a      0x125 ./Drivers/STM32F1xx_HAL_Driver/Src/stm32f1xx_hal_tim_ex.o
 .debug_rnglists
                0x000000000000097f      0x1bc ./Drivers/STM32F1xx_HAL_Driver/Src/stm32f1xx_hal_uart.o

.debug_macro    0x0000000000000000    0x195e9
 .debug_macro   0x0000000000000000      0x1c1 ./Core/Src/button.o
 .debug_macro   0x00000000000001c1      0xa9c ./Core/Src/button.o
 .debug_macro   0x0000000000000c5d       0x22 ./Core/Src/button.o
 .debug_macro   0x0000000000000c7f       0x8e ./Core/Src/button.o
 .debug_macro   0x0000000000000d0d       0x51 ./Core/Src/button.o
 .debug_macro   0x0000000000000d5e      0x103 ./Core/Src/button.o
 .debug_macro   0x0000000000000e61       0x6a ./Core/Src/button.o
 .debug_macro   0x0000000000000ecb      0x1df ./Core/Src/button.o
 .debug_macro   0x00000000000010aa      0x21b ./Core/Src/button.o
 .debug_macro   0x00000000000012c5       0x2e ./Core/Src/button.o
 .debug_macro   0x00000000000012f3       0x22 ./Core/Src/button.o
 .debug_macro   0x0000000000001315       0x1c ./Core/Src/button.o
 .debug_macro   0x0000000000001331       0x22 ./Core/Src/button.o
 .debug_macro   0x0000000000001353       0xbd ./Core/Src/button.o
 .debug_macro   0x0000000000001410      0xd23 ./Core/Src/button.o
 .debug_macro   0x0000000000002133     0xe09e ./Core/Src/button.o
 .debug_macro   0x00000000000101d1       0x6d ./Core/Src/button.o
 .debug_macro   0x000000000001023e     0x348d ./Core/Src/button.o
 .debug_macro   0x00000000000136cb      0x174 ./Core/Src/button.o
 .debug_macro   0x000000000001383f       0x5c ./Core/Src/button.o
 .debug_macro   0x000000000001389b      0x5bc ./Core/Src/button.o
 .debug_macro   0x0000000000013e57      0x289 ./Core/Src/button.o
 .debug_macro   0x00000000000140e0      0x1cb ./Core/Src/button.o
 .debug_macro   0x00000000000142ab      0x114 ./Core/Src/button.o
 .debug_macro   0x00000000000143bf      0x1b2 ./Core/Src/button.o
 .debug_macro   0x0000000000014571       0x27 ./Core/Src/button.o
 .debug_macro   0x0000000000014598      0x136 ./Core/Src/button.o
 .debug_macro   0x00000000000146ce      0x1bc ./Core/Src/button.o
 .debug_macro   0x000000000001488a       0x34 ./Core/Src/button.o
 .debug_macro   0x00000000000148be       0x3c ./Core/Src/button.o
 .debug_macro   0x00000000000148fa       0x57 ./Core/Src/button.o
 .debug_macro   0x0000000000014951       0x87 ./Core/Src/button.o
 .debug_macro   0x00000000000149d8      0x240 ./Core/Src/button.o
 .debug_macro   0x0000000000014c18      0x140 ./Core/Src/button.o
 .debug_macro   0x0000000000014d58      0x8ed ./Core/Src/button.o
 .debug_macro   0x0000000000015645      0x28e ./Core/Src/button.o
 .debug_macro   0x00000000000158d3       0x83 ./Core/Src/button.o
 .debug_macro   0x0000000000015956      0x10c ./Core/Src/button.o
 .debug_macro   0x0000000000015a62       0x22 ./Core/Src/button.o
 .debug_macro   0x0000000000015a84      0x305 ./Core/Src/buzzer.o
 .debug_macro   0x0000000000015d89       0x28 ./Core/Src/buzzer.o
 .debug_macro   0x0000000000015db1       0x61 ./Core/Src/buzzer.o
 .debug_macro   0x0000000000015e12       0x24 ./Core/Src/buzzer.o
 .debug_macro   0x0000000000015e36       0x43 ./Core/Src/buzzer.o
 .debug_macro   0x0000000000015e79       0x34 ./Core/Src/buzzer.o
 .debug_macro   0x0000000000015ead       0x16 ./Core/Src/buzzer.o
 .debug_macro   0x0000000000015ec3       0x35 ./Core/Src/buzzer.o
 .debug_macro   0x0000000000015ef8      0x369 ./Core/Src/buzzer.o
 .debug_macro   0x0000000000016261       0x10 ./Core/Src/buzzer.o
 .debug_macro   0x0000000000016271       0x16 ./Core/Src/buzzer.o
 .debug_macro   0x0000000000016287       0x43 ./Core/Src/buzzer.o
 .debug_macro   0x00000000000162ca       0x34 ./Core/Src/buzzer.o
 .debug_macro   0x00000000000162fe       0x10 ./Core/Src/buzzer.o
 .debug_macro   0x000000000001630e       0x58 ./Core/Src/buzzer.o
 .debug_macro   0x0000000000016366       0x8e ./Core/Src/buzzer.o
 .debug_macro   0x00000000000163f4       0x1c ./Core/Src/buzzer.o
 .debug_macro   0x0000000000016410      0x177 ./Core/Src/buzzer.o
 .debug_macro   0x0000000000016587       0x16 ./Core/Src/buzzer.o
 .debug_macro   0x000000000001659d       0x16 ./Core/Src/buzzer.o
 .debug_macro   0x00000000000165b3      0x147 ./Core/Src/buzzer.o
 .debug_macro   0x00000000000166fa       0x1c ./Core/Src/buzzer.o
 .debug_macro   0x0000000000016716       0x34 ./Core/Src/buzzer.o
 .debug_macro   0x000000000001674a      0x305 ./Core/Src/counter.o
 .debug_macro   0x0000000000016a4f      0x31f ./Core/Src/fsm.o
 .debug_macro   0x0000000000016d6e      0x314 ./Core/Src/main.o
 .debug_macro   0x0000000000017082       0x10 ./Core/Src/main.o
 .debug_macro   0x0000000000017092      0x301 ./Core/Src/pedestrian.o
 .debug_macro   0x0000000000017393      0x29a ./Core/Src/scheduler.o
 .debug_macro   0x000000000001762d       0x97 ./Core/Src/scheduler.o
 .debug_macro   0x00000000000176c4       0xfd ./Core/Src/scheduler.o
 .debug_macro   0x00000000000177c1       0x56 ./Core/Src/scheduler.o
 .debug_macro   0x0000000000017817      0x1b2 ./Core/Src/stm32f1xx_hal_msp.o
 .debug_macro   0x00000000000179c9      0x1bc ./Core/Src/stm32f1xx_it.o
 .debug_macro   0x0000000000017b85       0xff ./Core/Src/sysmem.o
 .debug_macro   0x0000000000017c84      0x23c ./Core/Src/sysmem.o
 .debug_macro   0x0000000000017ec0      0x1a3 ./Core/Src/system_stm32f1xx.o
 .debug_macro   0x0000000000018063      0x1c5 ./Core/Src/test.o
 .debug_macro   0x0000000000018228      0x301 ./Core/Src/traffic.o
 .debug_macro   0x0000000000018529      0x305 ./Core/Src/uart.o
 .debug_macro   0x000000000001882e      0x1c7 ./Drivers/STM32F1xx_HAL_Driver/Src/stm32f1xx_hal.o
 .debug_macro   0x00000000000189f5      0x1a3 ./Drivers/STM32F1xx_HAL_Driver/Src/stm32f1xx_hal_cortex.o
 .debug_macro   0x0000000000018b98      0x1a3 ./Drivers/STM32F1xx_HAL_Driver/Src/stm32f1xx_hal_dma.o
 .debug_macro   0x0000000000018d3b      0x20e ./Drivers/STM32F1xx_HAL_Driver/Src/stm32f1xx_hal_gpio.o
 .debug_macro   0x0000000000018f49      0x1b5 ./Drivers/STM32F1xx_HAL_Driver/Src/stm32f1xx_hal_rcc.o
 .debug_macro   0x00000000000190fe      0x1a4 ./Drivers/STM32F1xx_HAL_Driver/Src/stm32f1xx_hal_tim.o
 .debug_macro   0x00000000000192a2      0x1a3 ./Drivers/STM32F1xx_HAL_Driver/Src/stm32f1xx_hal_tim_ex.o
 .debug_macro   0x0000000000019445      0x1a4 ./Drivers/STM32F1xx_HAL_Driver/Src/stm32f1xx_hal_uart.o

.debug_line     0x0000000000000000    0x12d5a
 .debug_line    0x0000000000000000      0x794 ./Core/Src/button.o
 .debug_line    0x0000000000000794      0x9b6 ./Core/Src/buzzer.o
 .debug_line    0x000000000000114a      0x8de ./Core/Src/counter.o
 .debug_line    0x0000000000001a28      0xc24 ./Core/Src/fsm.o
 .debug_line    0x000000000000264c      0xaaf ./Core/Src/main.o
 .debug_line    0x00000000000030fb      0x99c ./Core/Src/pedestrian.o
 .debug_line    0x0000000000003a97      0xbe1 ./Core/Src/scheduler.o
 .debug_line    0x0000000000004678      0x7a3 ./Core/Src/stm32f1xx_hal_msp.o
 .debug_line    0x0000000000004e1b      0x7ef ./Core/Src/stm32f1xx_it.o
 .debug_line    0x000000000000560a      0x561 ./Core/Src/sysmem.o
 .debug_line    0x0000000000005b6b      0x74b ./Core/Src/system_stm32f1xx.o
 .debug_line    0x00000000000062b6      0x750 ./Core/Src/test.o
 .debug_line    0x0000000000006a06      0x9b7 ./Core/Src/traffic.o
 .debug_line    0x00000000000073bd      0x909 ./Core/Src/uart.o
 .debug_line    0x0000000000007cc6       0x78 ./Core/Startup/startup_stm32f103rbtx.o
 .debug_line    0x0000000000007d3e      0x978 ./Drivers/STM32F1xx_HAL_Driver/Src/stm32f1xx_hal.o
 .debug_line    0x00000000000086b6      0xb60 ./Drivers/STM32F1xx_HAL_Driver/Src/stm32f1xx_hal_cortex.o
 .debug_line    0x0000000000009216      0xdd1 ./Drivers/STM32F1xx_HAL_Driver/Src/stm32f1xx_hal_dma.o
 .debug_line    0x0000000000009fe7      0xa11 ./Drivers/STM32F1xx_HAL_Driver/Src/stm32f1xx_hal_gpio.o
 .debug_line    0x000000000000a9f8      0xd81 ./Drivers/STM32F1xx_HAL_Driver/Src/stm32f1xx_hal_rcc.o
 .debug_line    0x000000000000b779     0x3464 ./Drivers/STM32F1xx_HAL_Driver/Src/stm32f1xx_hal_tim.o
 .debug_line    0x000000000000ebdd     0x18d7 ./Drivers/STM32F1xx_HAL_Driver/Src/stm32f1xx_hal_tim_ex.o
 .debug_line    0x00000000000104b4     0x28a6 ./Drivers/STM32F1xx_HAL_Driver/Src/stm32f1xx_hal_uart.o

.debug_str      0x0000000000000000    0x8b09d
 .debug_str     0x0000000000000000    0x83843 ./Core/Src/button.o
                                      0x83ba7 (size before relaxing)
 .debug_str     0x0000000000083843     0x3d50 ./Core/Src/buzzer.o
                                      0x87891 (size before relaxing)
 .debug_str     0x0000000000087593       0x3e ./Core/Src/counter.o
                                      0x8738a (size before relaxing)
 .debug_str     0x00000000000875d1      0x355 ./Core/Src/fsm.o
                                      0x876e5 (size before relaxing)
 .debug_str     0x0000000000087926      0x954 ./Core/Src/main.o
                                      0x88290 (size before relaxing)
 .debug_str     0x000000000008827a       0x90 ./Core/Src/pedestrian.o
                                      0x8758d (size before relaxing)
 .debug_str     0x000000000008830a       0x89 ./Core/Src/scheduler.o
                                      0x87209 (size before relaxing)
 .debug_str     0x0000000000088393       0xd8 ./Core/Src/stm32f1xx_hal_msp.o
                                      0x84550 (size before relaxing)
 .debug_str     0x000000000008846b      0x150 ./Core/Src/stm32f1xx_it.o
                                      0x8421e (size before relaxing)
 .debug_str     0x00000000000885bb      0x4dc ./Core/Src/sysmem.o
                                       0x6022 (size before relaxing)
 .debug_str     0x0000000000088a97       0x7e ./Core/Src/system_stm32f1xx.o
                                      0x83628 (size before relaxing)
 .debug_str     0x0000000000088b15       0x26 ./Core/Src/test.o
                                      0x84011 (size before relaxing)
 .debug_str     0x0000000000088b3b       0x8b ./Core/Src/traffic.o
                                      0x8758e (size before relaxing)
 .debug_str     0x0000000000088bc6       0x32 ./Core/Src/uart.o
                                      0x87850 (size before relaxing)
 .debug_str     0x0000000000088bf8       0x34 ./Core/Startup/startup_stm32f103rbtx.o
                                         0x8c (size before relaxing)
 .debug_str     0x0000000000088c2c      0x382 ./Drivers/STM32F1xx_HAL_Driver/Src/stm32f1xx_hal.o
                                      0x83d5b (size before relaxing)
 .debug_str     0x0000000000088fae      0x294 ./Drivers/STM32F1xx_HAL_Driver/Src/stm32f1xx_hal_cortex.o
                                      0x83ca7 (size before relaxing)
 .debug_str     0x0000000000089242      0x230 ./Drivers/STM32F1xx_HAL_Driver/Src/stm32f1xx_hal_dma.o
                                      0x839d1 (size before relaxing)
 .debug_str     0x0000000000089472      0x2a4 ./Drivers/STM32F1xx_HAL_Driver/Src/stm32f1xx_hal_gpio.o
                                      0x839ae (size before relaxing)
 .debug_str     0x0000000000089716      0x229 ./Drivers/STM32F1xx_HAL_Driver/Src/stm32f1xx_hal_rcc.o
                                      0x83a57 (size before relaxing)
 .debug_str     0x000000000008993f      0xd0b ./Drivers/STM32F1xx_HAL_Driver/Src/stm32f1xx_hal_tim.o
                                      0x84a49 (size before relaxing)
 .debug_str     0x000000000008a64a      0x493 ./Drivers/STM32F1xx_HAL_Driver/Src/stm32f1xx_hal_tim_ex.o
                                      0x84265 (size before relaxing)
 .debug_str     0x000000000008aadd      0x5c0 ./Drivers/STM32F1xx_HAL_Driver/Src/stm32f1xx_hal_uart.o
                                      0x840c8 (size before relaxing)

.debug_frame    0x0000000000000000     0x3ee0
 .debug_frame   0x0000000000000000       0x60 ./Core/Src/button.o
 .debug_frame   0x0000000000000060       0xe8 ./Core/Src/buzzer.o
 .debug_frame   0x0000000000000148       0x50 ./Core/Src/counter.o
 .debug_frame   0x0000000000000198      0x150 ./Core/Src/fsm.o
 .debug_frame   0x00000000000002e8      0x138 ./Core/Src/main.o
 .debug_frame   0x0000000000000420       0xa4 ./Core/Src/pedestrian.o
 .debug_frame   0x00000000000004c4      0x124 ./Core/Src/scheduler.o
 .debug_frame   0x00000000000005e8       0xec ./Core/Src/stm32f1xx_hal_msp.o
 .debug_frame   0x00000000000006d4      0x174 ./Core/Src/stm32f1xx_it.o
 .debug_frame   0x0000000000000848       0x34 ./Core/Src/sysmem.o
 .debug_frame   0x000000000000087c       0x58 ./Core/Src/system_stm32f1xx.o
 .debug_frame   0x00000000000008d4       0x84 ./Core/Src/test.o
 .debug_frame   0x0000000000000958      0x114 ./Core/Src/traffic.o
 .debug_frame   0x0000000000000a6c       0xc8 ./Core/Src/uart.o
 .debug_frame   0x0000000000000b34      0x334 ./Drivers/STM32F1xx_HAL_Driver/Src/stm32f1xx_hal.o
 .debug_frame   0x0000000000000e68      0x428 ./Drivers/STM32F1xx_HAL_Driver/Src/stm32f1xx_hal_cortex.o
 .debug_frame   0x0000000000001290      0x208 ./Drivers/STM32F1xx_HAL_Driver/Src/stm32f1xx_hal_dma.o
 .debug_frame   0x0000000000001498      0x14c ./Drivers/STM32F1xx_HAL_Driver/Src/stm32f1xx_hal_gpio.o
 .debug_frame   0x00000000000015e4      0x218 ./Drivers/STM32F1xx_HAL_Driver/Src/stm32f1xx_hal_rcc.o
 .debug_frame   0x00000000000017fc     0x11bc ./Drivers/STM32F1xx_HAL_Driver/Src/stm32f1xx_hal_tim.o
 .debug_frame   0x00000000000029b8      0x638 ./Drivers/STM32F1xx_HAL_Driver/Src/stm32f1xx_hal_tim_ex.o
 .debug_frame   0x0000000000002ff0      0x944 ./Drivers/STM32F1xx_HAL_Driver/Src/stm32f1xx_hal_uart.o
 .debug_frame   0x0000000000003934      0x144 D:/Installation/Apps/CubeIDE/STM32CubeIDE_1.7.0/STM32CubeIDE/plugins/com.st.stm32cube.ide.mcu.externaltools.gnu-tools-for-stm32.11.3.rel1.win32_1.1.100.202309141235/tools/bin/../lib/gcc/arm-none-eabi/11.3.1/../../../../arm-none-eabi/lib/thumb/v7-m/nofp\libc_nano.a(libc_a-findfp.o)
 .debug_frame   0x0000000000003a78       0x6c D:/Installation/Apps/CubeIDE/STM32CubeIDE_1.7.0/STM32CubeIDE/plugins/com.st.stm32cube.ide.mcu.externaltools.gnu-tools-for-stm32.11.3.rel1.win32_1.1.100.202309141235/tools/bin/../lib/gcc/arm-none-eabi/11.3.1/../../../../arm-none-eabi/lib/thumb/v7-m/nofp\libc_nano.a(libc_a-sprintf.o)
 .debug_frame   0x0000000000003ae4       0x20 D:/Installation/Apps/CubeIDE/STM32CubeIDE_1.7.0/STM32CubeIDE/plugins/com.st.stm32cube.ide.mcu.externaltools.gnu-tools-for-stm32.11.3.rel1.win32_1.1.100.202309141235/tools/bin/../lib/gcc/arm-none-eabi/11.3.1/../../../../arm-none-eabi/lib/thumb/v7-m/nofp\libc_nano.a(libc_a-memset.o)