Archive member included to satisfy reference by file (symbol)

C:/ST/STM32CubeIDE_1.11.0/STM32CubeIDE/plugins/com.st.stm32cube.ide.mcu.externaltools.gnu-tools-for-stm32.11.3.rel1.win32_1.1.1.202309131626/tools/bin/../lib/gcc/arm-none-eabi/11.3.1/../../../../arm-none-eabi/lib/thumb/v7-m/nofp\libc_nano.a(libc_a-exit.o)
                              C:/ST/STM32CubeIDE_1.11.0/STM32CubeIDE/plugins/com.st.stm32cube.ide.mcu.externaltools.gnu-tools-for-stm32.11.3.rel1.win32_1.1.1.202309131626/tools/bin/../lib/gcc/arm-none-eabi/11.3.1/../../../../arm-none-eabi/lib/thumb/v7-m/nofp/crt0.o (exit)
C:/ST/STM32CubeIDE_1.11.0/STM32CubeIDE/plugins/com.st.stm32cube.ide.mcu.externaltools.gnu-tools-for-stm32.11.3.rel1.win32_1.1.1.202309131626/tools/bin/../lib/gcc/arm-none-eabi/11.3.1/../../../../arm-none-eabi/lib/thumb/v7-m/nofp\libc_nano.a(libc_a-findfp.o)
                              C:/ST/STM32CubeIDE_1.11.0/STM32CubeIDE/plugins/com.st.stm32cube.ide.mcu.externaltools.gnu-tools-for-stm32.11.3.rel1.win32_1.1.1.202309131626/tools/bin/../lib/gcc/arm-none-eabi/11.3.1/../../../../arm-none-eabi/lib/thumb/v7-m/nofp\libc_nano.a(libc_a-exit.o) (__stdio_exit_handler)
C:/ST/STM32CubeIDE_1.11.0/STM32CubeIDE/plugins/com.st.stm32cube.ide.mcu.externaltools.gnu-tools-for-stm32.11.3.rel1.win32_1.1.1.202309131626/tools/bin/../lib/gcc/arm-none-eabi/11.3.1/../../../../arm-none-eabi/lib/thumb/v7-m/nofp\libc_nano.a(libc_a-fwalk.o)
                              C:/ST/STM32CubeIDE_1.11.0/STM32CubeIDE/plugins/com.st.stm32cube.ide.mcu.externaltools.gnu-tools-for-stm32.11.3.rel1.win32_1.1.1.202309131626/tools/bin/../lib/gcc/arm-none-eabi/11.3.1/../../../../arm-none-eabi/lib/thumb/v7-m/nofp\libc_nano.a(libc_a-findfp.o) (_fwalk_sglue)
C:/ST/STM32CubeIDE_1.11.0/STM32CubeIDE/plugins/com.st.stm32cube.ide.mcu.externaltools.gnu-tools-for-stm32.11.3.rel1.win32_1.1.1.202309131626/tools/bin/../lib/gcc/arm-none-eabi/11.3.1/../../../../arm-none-eabi/lib/thumb/v7-m/nofp\libc_nano.a(libc_a-sprintf.o)
                              ./Core/Src/uart.o (sprintf)
C:/ST/STM32CubeIDE_1.11.0/STM32CubeIDE/plugins/com.st.stm32cube.ide.mcu.externaltools.gnu-tools-for-stm32.11.3.rel1.win32_1.1.1.202309131626/tools/bin/../lib/gcc/arm-none-eabi/11.3.1/../../../../arm-none-eabi/lib/thumb/v7-m/nofp\libc_nano.a(libc_a-stdio.o)
                              C:/ST/STM32CubeIDE_1.11.0/STM32CubeIDE/plugins/com.st.stm32cube.ide.mcu.externaltools.gnu-tools-for-stm32.11.3.rel1.win32_1.1.1.202309131626/tools/bin/../lib/gcc/arm-none-eabi/11.3.1/../../../../arm-none-eabi/lib/thumb/v7-m/nofp\libc_nano.a(libc_a-findfp.o) (__sread)
C:/ST/STM32CubeIDE_1.11.0/STM32CubeIDE/plugins/com.st.stm32cube.ide.mcu.externaltools.gnu-tools-for-stm32.11.3.rel1.win32_1.1.1.202309131626/tools/bin/../lib/gcc/arm-none-eabi/11.3.1/../../../../arm-none-eabi/lib/thumb/v7-m/nofp\libc_nano.a(libc_a-memset.o)
                              C:/ST/STM32CubeIDE_1.11.0/STM32CubeIDE/plugins/com.st.stm32cube.ide.mcu.externaltools.gnu-tools-for-stm32.11.3.rel1.win32_1.1.1.202309131626/tools/bin/../lib/gcc/arm-none-eabi/11.3.1/../../../../arm-none-eabi/lib/thumb/v7-m/nofp/crt0.o (memset)
C:/ST/STM32CubeIDE_1.11.0/STM32CubeIDE/plugins/com.st.stm32cube.ide.mcu.externaltools.gnu-tools-for-stm32.11.3.rel1.win32_1.1.1.202309131626/tools/bin/../lib/gcc/arm-none-eabi/11.3.1/../../../../arm-none-eabi/lib/thumb/v7-m/nofp\libc_nano.a(libc_a-closer.o)
                              C:/ST/STM32CubeIDE_1.11.0/STM32CubeIDE/plugins/com.st.stm32cube.ide.mcu.externaltools.gnu-tools-for-stm32.11.3.rel1.win32_1.1.1.202309131626/tools/bin/../lib/gcc/arm-none-eabi/11.3.1/../../../../arm-none-eabi/lib/thumb/v7-m/nofp\libc_nano.a(libc_a-stdio.o) (_close_r)
C:/ST/STM32CubeIDE_1.11.0/STM32CubeIDE/plugins/com.st.stm32cube.ide.mcu.externaltools.gnu-tools-for-stm32.11.3.rel1.win32_1.1.1.202309131626/tools/bin/../lib/gcc/arm-none-eabi/11.3.1/../../../../arm-none-eabi/lib/thumb/v7-m/nofp\libc_nano.a(libc_a-reent.o)
                              C:/ST/STM32CubeIDE_1.11.0/STM32CubeIDE/plugins/com.st.stm32cube.ide.mcu.externaltools.gnu-tools-for-stm32.11.3.rel1.win32_1.1.1.202309131626/tools/bin/../lib/gcc/arm-none-eabi/11.3.1/../../../../arm-none-eabi/lib/thumb/v7-m/nofp\libc_nano.a(libc_a-closer.o) (errno)
C:/ST/STM32CubeIDE_1.11.0/STM32CubeIDE/plugins/com.st.stm32cube.ide.mcu.externaltools.gnu-tools-for-stm32.11.3.rel1.win32_1.1.1.202309131626/tools/bin/../lib/gcc/arm-none-eabi/11.3.1/../../../../arm-none-eabi/lib/thumb/v7-m/nofp\libc_nano.a(libc_a-impure.o)
                              C:/ST/STM32CubeIDE_1.11.0/STM32CubeIDE/plugins/com.st.stm32cube.ide.mcu.externaltools.gnu-tools-for-stm32.11.3.rel1.win32_1.1.1.202309131626/tools/bin/../lib/gcc/arm-none-eabi/11.3.1/../../../../arm-none-eabi/lib/thumb/v7-m/nofp\libc_nano.a(libc_a-sprintf.o) (_impure_ptr)
[...]
Memory Configuration

Name             Origin             Length             Attributes
RAM              0x0000000020000000 0x0000000000002800 xrw
FLASH            0x0000000008000000 0x0000000000008000 xr
*default*        0x0000000000000000 0xffffffffffffffff

Linker script and memory map

LOAD C:/ST/STM32CubeIDE_1.11.0/STM32CubeIDE/plugins/com.st.stm32cube.ide.mcu.externaltools.gnu-tools-for-stm32.11.3.rel1.win32_1.1.1.202309131626/tools/bin/../lib/gcc/arm-none-eabi/11.3.1/thumb/v7-m/nofp/crti.o
LOAD C:/ST/STM32CubeIDE_1.11.0/STM32CubeIDE/plugins/com.st.stm32cube.ide.mcu.externaltools.gnu-tools-for-stm32.11.3.rel1.win32_1.1.1.202309131626/tools/bin/../lib/gcc/arm-none-eabi/11.3.1/thumb/v7-m/nofp/crtbegin.o
LOAD C:/ST/STM32CubeIDE_1.11.0/STM32CubeIDE/plugins/com.st.stm32cube.ide.mcu.externaltools.gnu-tools-for-stm32.11.3.rel1.win32_1.1.1.202309131626/tools/bin/../lib/gcc/arm-none-eabi/11.3.1/../../../../arm-none-eabi/lib/thumb/v7-m/nofp/crt0.o
LOAD ./Core/Src/button.o
LOAD ./Core/Src/buzzer.o
LOAD ./Core/Src/counter.o
LOAD ./Core/Src/fsm.o
LOAD ./Core/Src/main.o
LOAD ./Core/Src/pedestrian.o
LOAD ./Core/Src/scheduler.o
LOAD ./Core/Src/stm32f1xx_hal_msp.o
LOAD ./Core/Src/stm32f1xx_it.o
LOAD ./Core/Src/syscalls.o
LOAD ./Core/Src/sysmem.o
LOAD ./Core/Src/system_stm32f1xx.o
LOAD ./Core/Src/test.o
LOAD ./Core/Src/traffic.o
LOAD ./Core/Src/uart.o
LOAD ./Core/Startup/startup_stm32f103c6ux.o
LOAD ./Drivers/STM32F1xx_HAL_Driver/Src/stm32f1xx_hal.o
LOAD ./Drivers/STM32F1xx_HAL_Driver/Src/stm32f1xx_hal_cortex.o
LOAD ./Drivers/STM32F1xx_HAL_Driver/Src/stm32f1xx_hal_dma.o
LOAD ./Drivers/STM32F1xx_HAL_Driver/Src/stm32f1xx_hal_exti.o
LOAD ./Drivers/STM32F1xx_HAL_Driver/Src/stm32f1xx_hal_flash.o
LOAD ./Drivers/STM32F1xx_HAL_Driver/Src/stm32f1xx_hal_flash_ex.o
LOAD ./Drivers/STM32F1xx_HAL_Driver/Src/stm32f1xx_hal_gpio.o
LOAD ./Drivers/STM32F1xx_HAL_Driver/Src/stm32f1xx_hal_gpio_ex.o
LOAD ./Drivers/STM32F1xx_HAL_Driver/Src/stm32f1xx_hal_pwr.o
LOAD ./Drivers/STM32F1xx_HAL_Driver/Src/stm32f1xx_hal_rcc.o
LOAD ./Drivers/STM32F1xx_HAL_Driver/Src/stm32f1xx_hal_rcc_ex.o
LOAD ./Drivers/STM32F1xx_HAL_Driver/Src/stm32f1xx_hal_tim.o
LOAD ./Drivers/STM32F1xx_HAL_Driver/Src/stm32f1xx_hal_tim_ex.o
LOAD ./Drivers/STM32F1xx_HAL_Driver/Src/stm32f1xx_hal_uart.o
START GROUP
LOAD C:/ST/STM32CubeIDE_1.11.0/STM32CubeIDE/plugins/com.st.stm32cube.ide.mcu.externaltools.gnu-tools-for-stm32.11.3.rel1.win32_1.1.1.202309131626/tools/bin/../lib/gcc/arm-none-eabi/11.3.1/../../../../arm-none-eabi/lib/thumb/v7-m/nofp\libc_nano.a
LOAD C:/ST/STM32CubeIDE_1.11.0/STM32CubeIDE/plugins/com.st.stm32cube.ide.mcu.externaltools.gnu-tools-for-stm32.11.3.rel1.win32_1.1.1.202309131626/tools/bin/../lib/gcc/arm-none-eabi/11.3.1/../../../../arm-none-eabi/lib/thumb/v7-m/nofp\libm.a
END GROUP
START GROUP
LOAD C:/ST/STM32CubeIDE_1.11.0/STM32CubeIDE/plugins/com.st.stm32cube.ide.mcu.externaltools.gnu-tools-for-stm32.11.3.rel1.win32_1.1.1.202309131626/tools/bin/../lib/gcc/arm-none-eabi/11.3.1/thumb/v7-m/nofp\libgcc.a
LOAD C:/ST/STM32CubeIDE_1.11.0/STM32CubeIDE/plugins/com.st.stm32cube.ide.mcu.externaltools.gnu-tools-for-stm32.11.3.rel1.win32_1.1.1.202309131626/tools/bin/../lib/gcc/arm-none-eabi/11.3.1/../../../../arm-none-eabi/lib/thumb/v7-m/nofp\libc_nano.a
END GROUP
START GROUP
LOAD C:/ST/STM32CubeIDE_1.11.0/STM32CubeIDE/plugins/com.st.stm32cube.ide.mcu.externaltools.gnu-tools-for-stm32.11.3.rel1.win32_1.1.1.202309131626/tools/bin/../lib/gcc/arm-none-eabi/11.3.1/thumb/v7-m/nofp\libgcc.a
LOAD C:/ST/STM32CubeIDE_1.11.0/STM32CubeIDE/plugins/com.st.stm32cube.ide.mcu.externaltools.gnu-tools-for-stm32.11.3.rel1.win32_1.1.1.202309131626/tools/bin/../lib/gcc/arm-none-eabi/11.3.1/../../../../arm-none-eabi/lib/thumb/v7-m/nofp\libc_nano.a
LOAD C:/ST/STM32CubeIDE_1.11.0/STM32CubeIDE/plugins/com.st.stm32cube.ide.mcu.externaltools.gnu-tools-for-stm32.11.3.rel1.win32_1.1.1.202309131626/tools/bin/../lib/gcc/arm-none-eabi/11.3.1/../../../../arm-none-eabi/lib/thumb/v7-m/nofp\libnosys.a
END GROUP
START GROUP
LOAD C:/ST/STM32CubeIDE_1.11.0/STM32CubeIDE/plugins/com.st.stm32cube.ide.mcu.externaltools.gnu-tools-for-stm32.11.3.rel1.win32_1.1.1.202309131626/tools/bin/../lib/gcc/arm-none-eabi/11.3.1/thumb/v7-m/nofp\libgcc.a
LOAD C:/ST/STM32CubeIDE_1.11.0/STM32CubeIDE/plugins/com.st.stm32cube.ide.mcu.externaltools.gnu-tools-for-stm32.11.3.rel1.win32_1.1.1.202309131626/tools/bin/../lib/gcc/arm-none-eabi/11.3.1/../../../../arm-none-eabi/lib/thumb/v7-m/nofp\libc_nano.a
LOAD C:/ST/STM32CubeIDE_1.11.0/STM32CubeIDE/plugins/com.st.stm32cube.ide.mcu.externaltools.gnu-tools-for-stm32.11.3.rel1.win32_1.1.1.202309131626/tools/bin/../lib/gcc/arm-none-eabi/11.3.1/../../../../arm-none-eabi/lib/thumb/v7-m/nofp\libnosys.a
END GROUP
LOAD C:/ST/STM32CubeIDE_1.11.0/STM32CubeIDE/plugins/com.st.stm32cube.ide.mcu.externaltools.gnu-tools-for-stm32.11.3.rel1.win32_1.1.1.202309131626/tools/bin/../lib/gcc/arm-none-eabi/11.3.1/thumb/v7-m/nofp/crtend.o
LOAD C:/ST/STM32CubeIDE_1.11.0/STM32CubeIDE/plugins/com.st.stm32cube.ide.mcu.externaltools.gnu-tools-for-stm32.11.3.rel1.win32_1.1.1.202309131626/tools/bin/../lib/gcc/arm-none-eabi/11.3.1/thumb/v7-m/nofp/crtn.o
                0x0000000020002800                _estack = (ORIGIN (RAM) + LENGTH (RAM))
                0x0000000000000200                _Min_Heap_Size = 0x200
                0x0000000000000400                _Min_Stack_Size = 0x400

.isr_vector     0x0000000008000000      0x10c
                0x0000000008000000                . = ALIGN (0x4)
 *(.isr_vector)
 .isr_vector    0x0000000008000000      0x10c ./Core/Startup/startup_stm32f103c6ux.o
                0x0000000008000000                g_pfnVectors
                0x000000000800010c                . = ALIGN (0x4)

.text           0x000000000800010c     0x5770
                0x000000000800010c                . = ALIGN (0x4)
 *(.text)
 .text          0x000000000800010c       0x40 C:/ST/STM32CubeIDE_1.11.0/STM32CubeIDE/plugins/com.st.stm32cube.ide.mcu.externaltools.gnu-tools-for-stm32.11.3.rel1.win32_1.1.1.202309131626/tools/bin/../lib/gcc/arm-none-eabi/11.3.1/thumb/v7-m/nofp/crtbegin.o
 *(.text*)
 .text.buttonReading
                0x000000000800014c      0x114 ./Core/Src/button.o
                0x000000000800014c                buttonReading
 .text.buttonPressed
                0x0000000008000260       0x3c ./Core/Src/button.o
                0x0000000008000260                buttonPressed
 .text.buzzer0Set
                0x000000000800029c       0xa4 ./Core/Src/buzzer.o
                0x000000000800029c                buzzer0Set
 .text.buzzer0On
                0x0000000008000340       0x78 ./Core/Src/buzzer.o
                0x0000000008000340                buzzer0On
 .text.buzzer1Set
                0x00000000080003b8       0xa4 ./Core/Src/buzzer.o
                0x00000000080003b8                buzzer1Set
 .text.buzzer1On
                0x000000000800045c       0x78 ./Core/Src/buzzer.o
                0x000000000800045c                buzzer1On
 .text.buzzer0Off
                0x00000000080004d4       0x18 ./Core/Src/buzzer.o
                0x00000000080004d4                buzzer0Off
 .text.buzzer1Off
                0x00000000080004ec       0x18 ./Core/Src/buzzer.o
                0x00000000080004ec                buzzer1Off
 .text.counterRun
                0x0000000008000504       0x7c ./Core/Src/counter.o
                0x0000000008000504                counterRun
 .text.counterReset
                0x0000000008000580       0x2c ./Core/Src/counter.o
                0x0000000008000580                counterReset
 .text.fsmAutoStop
                0x00000000080005ac       0x18 ./Core/Src/fsm.o
                0x00000000080005ac                fsmAutoStop
 .text.fsmAutoProcessing
                0x00000000080005c4       0xb4 ./Core/Src/fsm.o
                0x00000000080005c4                fsmAutoProcessing
 .text.fsmAuto  0x0000000008000678      0x170 ./Core/Src/fsm.o
                0x0000000008000678                fsmAuto
 .text.fsmManualStop
                0x00000000080007e8       0x40 ./Core/Src/fsm.o
                0x00000000080007e8                fsmManualStop
 .text.fsmManualProcessing
                0x0000000008000828       0xb4 ./Core/Src/fsm.o
                0x0000000008000828                fsmManualProcessing
 .text.fsmManual
                0x00000000080008dc       0x6c ./Core/Src/fsm.o
                0x00000000080008dc                fsmManual
 .text.fsmTunningStop
                0x0000000008000948        0xc ./Core/Src/fsm.o
                0x0000000008000948                fsmTunningStop
 .text.fsmTunningProcessing
                0x0000000008000954      0x308 ./Core/Src/fsm.o
                0x0000000008000954                fsmTunningProcessing
 .text.fsmTunning
                0x0000000008000c5c       0xa8 ./Core/Src/fsm.o
                0x0000000008000c5c                fsmTunning
 .text.fsmInit  0x0000000008000d04       0x48 ./Core/Src/fsm.o
                0x0000000008000d04                fsmInit
 .text.fsmProcessing
                0x0000000008000d4c      0x144 ./Core/Src/fsm.o
                0x0000000008000d4c                fsmProcessing
 .text.HAL_UART_RxCpltCallback
                0x0000000008000e90       0x3c ./Core/Src/main.o
                0x0000000008000e90                HAL_UART_RxCpltCallback
 .text.main     0x0000000008000ecc       0x90 ./Core/Src/main.o
                0x0000000008000ecc                main
 .text.SystemClock_Config
                0x0000000008000f5c       0x76 ./Core/Src/main.o
                0x0000000008000f5c                SystemClock_Config
 *fill*         0x0000000008000fd2        0x2 
 .text.MX_TIM2_Init
                0x0000000008000fd4       0x98 ./Core/Src/main.o
 .text.MX_TIM3_Init
                0x000000000800106c      0x104 ./Core/Src/main.o
 .text.MX_USART2_UART_Init
                0x0000000008001170       0x54 ./Core/Src/main.o
 .text.MX_GPIO_Init
                0x00000000080011c4       0xe0 ./Core/Src/main.o
 .text.HAL_TIM_PeriodElapsedCallback
                0x00000000080012a4       0x1e ./Core/Src/main.o
                0x00000000080012a4                HAL_TIM_PeriodElapsedCallback
 .text.Error_Handler
                0x00000000080012c2        0xa ./Core/Src/main.o
                0x00000000080012c2                Error_Handler
 .text.pedestrianToggle
                0x00000000080012cc      0x14c ./Core/Src/pedestrian.o
                0x00000000080012cc                pedestrianToggle
 .text.pedestrian0On
                0x0000000008001418       0x54 ./Core/Src/pedestrian.o
                0x0000000008001418                pedestrian0On
 .text.pedestrian1On
                0x000000000800146c       0x54 ./Core/Src/pedestrian.o
                0x000000000800146c                pedestrian1On
 .text.pedestrian0Off
                0x00000000080014c0       0x14 ./Core/Src/pedestrian.o
                0x00000000080014c0                pedestrian0Off
 .text.pedestrian1Off
                0x00000000080014d4       0x14 ./Core/Src/pedestrian.o
                0x00000000080014d4                pedestrian1Off
 .text.SCH_Init
                0x00000000080014e8       0x94 ./Core/Src/scheduler.o
                0x00000000080014e8                SCH_Init
 .text.SCH_Update
                0x000000000800157c       0x4c ./Core/Src/scheduler.o
                0x000000000800157c                SCH_Update
 .text.SCH_Dispatch
                0x00000000080015c8       0x34 ./Core/Src/scheduler.o
                0x00000000080015c8                SCH_Dispatch
 .text.SCH_AddTask
                0x00000000080015fc      0x20c ./Core/Src/scheduler.o
                0x00000000080015fc                SCH_AddTask
 .text.SCH_DeleteTask
                0x0000000008001808      0x13c ./Core/Src/scheduler.o
                0x0000000008001808                SCH_DeleteTask
 .text.SCH_RefreshTask
                0x0000000008001944      0x264 ./Core/Src/scheduler.o
                0x0000000008001944                SCH_RefreshTask
 .text.HAL_MspInit
                0x0000000008001ba8       0x44 ./Core/Src/stm32f1xx_hal_msp.o
                0x0000000008001ba8                HAL_MspInit
 .text.HAL_TIM_Base_MspInit
                0x0000000008001bec       0x80 ./Core/Src/stm32f1xx_hal_msp.o
                0x0000000008001bec                HAL_TIM_Base_MspInit
 .text.HAL_TIM_MspPostInit
                0x0000000008001c6c       0x64 ./Core/Src/stm32f1xx_hal_msp.o
                0x0000000008001c6c                HAL_TIM_MspPostInit
 .text.HAL_UART_MspInit
                0x0000000008001cd0       0xa4 ./Core/Src/stm32f1xx_hal_msp.o
                0x0000000008001cd0                HAL_UART_MspInit
 .text.NMI_Handler
                0x0000000008001d74        0x6 ./Core/Src/stm32f1xx_it.o
                0x0000000008001d74                NMI_Handler
 .text.HardFault_Handler
                0x0000000008001d7a        0x6 ./Core/Src/stm32f1xx_it.o
                0x0000000008001d7a                HardFault_Handler
 .text.MemManage_Handler
                0x0000000008001d80        0x6 ./Core/Src/stm32f1xx_it.o
                0x0000000008001d80                MemManage_Handler
 .text.BusFault_Handler
                0x0000000008001d86        0x6 ./Core/Src/stm32f1xx_it.o
                0x0000000008001d86                BusFault_Handler
 .text.UsageFault_Handler
                0x0000000008001d8c        0x6 ./Core/Src/stm32f1xx_it.o
                0x0000000008001d8c                UsageFault_Handler
 .text.SVC_Handler
                0x0000000008001d92        0xc ./Core/Src/stm32f1xx_it.o
                0x0000000008001d92                SVC_Handler
 .text.DebugMon_Handler
                0x0000000008001d9e        0xc ./Core/Src/stm32f1xx_it.o
                0x0000000008001d9e                DebugMon_Handler
 .text.PendSV_Handler
                0x0000000008001daa        0xc ./Core/Src/stm32f1xx_it.o
                0x0000000008001daa                PendSV_Handler
 .text.SysTick_Handler
                0x0000000008001db6        0xc ./Core/Src/stm32f1xx_it.o
                0x0000000008001db6                SysTick_Handler
 *fill*         0x0000000008001dc2        0x2 
 .text.TIM2_IRQHandler
                0x0000000008001dc4       0x14 ./Core/Src/stm32f1xx_it.o
                0x0000000008001dc4                TIM2_IRQHandler
 .text.TIM3_IRQHandler
                0x0000000008001dd8       0x14 ./Core/Src/stm32f1xx_it.o
                0x0000000008001dd8                TIM3_IRQHandler
 .text.USART2_IRQHandler
                0x0000000008001dec       0x14 ./Core/Src/stm32f1xx_it.o
                0x0000000008001dec                USART2_IRQHandler
 .text._sbrk    0x0000000008001e00       0x6c ./Core/Src/sysmem.o
                0x0000000008001e00                _sbrk
 .text.SystemInit
                0x0000000008001e6c        0xc ./Core/Src/system_stm32f1xx.o
                0x0000000008001e6c                SystemInit
 .text.testMCU  0x0000000008001e78       0x14 ./Core/Src/test.o
                0x0000000008001e78                testMCU
 .text.testButton
                0x0000000008001e8c       0x8c ./Core/Src/test.o
                0x0000000008001e8c                testButton
 .text.testBuzzer
                0x0000000008001f18       0x24 ./Core/Src/test.o
                0x0000000008001f18                testBuzzer
 .text.testLED  0x0000000008001f3c       0x7c ./Core/Src/test.o
                0x0000000008001f3c                testLED
 .text.trafficToggle
                0x0000000008001fb8      0x1fc ./Core/Src/traffic.o
                0x0000000008001fb8                trafficToggle
 .text.traffic0Off
                0x00000000080021b4       0x10 ./Core/Src/traffic.o
                0x00000000080021b4                traffic0Off
 .text.traffic0Red
                0x00000000080021c4       0x10 ./Core/Src/traffic.o
                0x00000000080021c4                traffic0Red
 .text.traffic0Green
                0x00000000080021d4       0x10 ./Core/Src/traffic.o
                0x00000000080021d4                traffic0Green
 .text.traffic0Yellow
                0x00000000080021e4       0x10 ./Core/Src/traffic.o
                0x00000000080021e4                traffic0Yellow
 .text.traffic1Off
                0x00000000080021f4       0x10 ./Core/Src/traffic.o
                0x00000000080021f4                traffic1Off
 .text.traffic1Red
                0x0000000008002204       0x10 ./Core/Src/traffic.o
                0x0000000008002204                traffic1Red
 .text.traffic1Green
                0x0000000008002214       0x10 ./Core/Src/traffic.o
                0x0000000008002214                traffic1Green
 .text.traffic1Yellow
                0x0000000008002224       0x10 ./Core/Src/traffic.o
                0x0000000008002224                traffic1Yellow
 .text.uartRedDuration
                0x0000000008002234       0x44 ./Core/Src/uart.o
                0x0000000008002234                uartRedDuration
 .text.uartGreenDuration
                0x0000000008002278       0x44 ./Core/Src/uart.o
                0x0000000008002278                uartGreenDuration
 .text.uartYellowDuration
                0x00000000080022bc       0x44 ./Core/Src/uart.o
                0x00000000080022bc                uartYellowDuration
 .text.uartCounter
                0x0000000008002300       0x44 ./Core/Src/uart.o
                0x0000000008002300                uartCounter
 .text.Reset_Handler
                0x0000000008002344       0x48 ./Core/Startup/startup_stm32f103c6ux.o
                0x0000000008002344                Reset_Handler
 .text.Default_Handler
                0x000000000800238c        0x2 ./Core/Startup/startup_stm32f103c6ux.o
                0x000000000800238c                RTC_Alarm_IRQHandler
                0x000000000800238c                EXTI2_IRQHandler
                0x000000000800238c                TIM1_CC_IRQHandler
                0x000000000800238c                PVD_IRQHandler
                0x000000000800238c                EXTI3_IRQHandler
                0x000000000800238c                EXTI0_IRQHandler
                0x000000000800238c                ADC1_2_IRQHandler
                0x000000000800238c                SPI1_IRQHandler
                0x000000000800238c                TAMPER_IRQHandler
                0x000000000800238c                DMA1_Channel4_IRQHandler
                0x000000000800238c                RTC_IRQHandler
                0x000000000800238c                DMA1_Channel7_IRQHandler
                0x000000000800238c                CAN1_RX1_IRQHandler
                0x000000000800238c                I2C1_EV_IRQHandler
                0x000000000800238c                DMA1_Channel6_IRQHandler
                0x000000000800238c                RCC_IRQHandler
                0x000000000800238c                TIM1_TRG_COM_IRQHandler
                0x000000000800238c                DMA1_Channel1_IRQHandler
                0x000000000800238c                Default_Handler
                0x000000000800238c                EXTI15_10_IRQHandler
                0x000000000800238c                EXTI9_5_IRQHandler
                0x000000000800238c                DMA1_Channel5_IRQHandler
                0x000000000800238c                EXTI4_IRQHandler
                0x000000000800238c                USB_LP_CAN1_RX0_IRQHandler
                0x000000000800238c                USB_HP_CAN1_TX_IRQHandler
                0x000000000800238c                DMA1_Channel3_IRQHandler
                0x000000000800238c                TIM1_UP_IRQHandler
                0x000000000800238c                WWDG_IRQHandler
                0x000000000800238c                TIM1_BRK_IRQHandler
                0x000000000800238c                EXTI1_IRQHandler
                0x000000000800238c                DMA1_Channel2_IRQHandler
                0x000000000800238c                CAN1_SCE_IRQHandler
                0x000000000800238c                FLASH_IRQHandler
                0x000000000800238c                USART1_IRQHandler
                0x000000000800238c                I2C1_ER_IRQHandler
                0x000000000800238c                USBWakeUp_IRQHandler
 *fill*         0x000000000800238e        0x2 
 .text.HAL_Init
                0x0000000008002390       0x2c ./Drivers/STM32F1xx_HAL_Driver/Src/stm32f1xx_hal.o
                0x0000000008002390                HAL_Init
 .text.HAL_InitTick
                0x00000000080023bc       0x60 ./Drivers/STM32F1xx_HAL_Driver/Src/stm32f1xx_hal.o
                0x00000000080023bc                HAL_InitTick
 .text.HAL_IncTick
                0x000000000800241c       0x24 ./Drivers/STM32F1xx_HAL_Driver/Src/stm32f1xx_hal.o
                0x000000000800241c                HAL_IncTick
 .text.HAL_GetTick
                0x0000000008002440       0x14 ./Drivers/STM32F1xx_HAL_Driver/Src/stm32f1xx_hal.o
                0x0000000008002440                HAL_GetTick
 .text.__NVIC_SetPriorityGrouping
                0x0000000008002454       0x48 ./Drivers/STM32F1xx_HAL_Driver/Src/stm32f1xx_hal_cortex.o
 .text.__NVIC_GetPriorityGrouping
                0x000000000800249c       0x1c ./Drivers/STM32F1xx_HAL_Driver/Src/stm32f1xx_hal_cortex.o
 .text.__NVIC_EnableIRQ
                0x00000000080024b8       0x38 ./Drivers/STM32F1xx_HAL_Driver/Src/stm32f1xx_hal_cortex.o
 .text.__NVIC_SetPriority
                0x00000000080024f0       0x54 ./Drivers/STM32F1xx_HAL_Driver/Src/stm32f1xx_hal_cortex.o
 .text.NVIC_EncodePriority
                0x0000000008002544       0x64 ./Drivers/STM32F1xx_HAL_Driver/Src/stm32f1xx_hal_cortex.o
 .text.SysTick_Config
                0x00000000080025a8       0x44 ./Drivers/STM32F1xx_HAL_Driver/Src/stm32f1xx_hal_cortex.o
 .text.HAL_NVIC_SetPriorityGrouping
                0x00000000080025ec       0x16 ./Drivers/STM32F1xx_HAL_Driver/Src/stm32f1xx_hal_cortex.o
                0x00000000080025ec                HAL_NVIC_SetPriorityGrouping
 .text.HAL_NVIC_SetPriority
                0x0000000008002602       0x38 ./Drivers/STM32F1xx_HAL_Driver/Src/stm32f1xx_hal_cortex.o
                0x0000000008002602                HAL_NVIC_SetPriority
 .text.HAL_NVIC_EnableIRQ
                0x000000000800263a       0x1c ./Drivers/STM32F1xx_HAL_Driver/Src/stm32f1xx_hal_cortex.o
                0x000000000800263a                HAL_NVIC_EnableIRQ
 .text.HAL_SYSTICK_Config
                0x0000000008002656       0x18 ./Drivers/STM32F1xx_HAL_Driver/Src/stm32f1xx_hal_cortex.o
                0x0000000008002656                HAL_SYSTICK_Config
 .text.HAL_DMA_Abort
                0x000000000800266e       0x76 ./Drivers/STM32F1xx_HAL_Driver/Src/stm32f1xx_hal_dma.o
                0x000000000800266e                HAL_DMA_Abort
 .text.HAL_DMA_Abort_IT
                0x00000000080026e4       0xf0 ./Drivers/STM32F1xx_HAL_Driver/Src/stm32f1xx_hal_dma.o
                0x00000000080026e4                HAL_DMA_Abort_IT
 .text.HAL_GPIO_Init
                0x00000000080027d4      0x2f8 ./Drivers/STM32F1xx_HAL_Driver/Src/stm32f1xx_hal_gpio.o
                0x00000000080027d4                HAL_GPIO_Init
 .text.HAL_GPIO_ReadPin
                0x0000000008002acc       0x2e ./Drivers/STM32F1xx_HAL_Driver/Src/stm32f1xx_hal_gpio.o
                0x0000000008002acc                HAL_GPIO_ReadPin
 .text.HAL_GPIO_WritePin
                0x0000000008002afa       0x30 ./Drivers/STM32F1xx_HAL_Driver/Src/stm32f1xx_hal_gpio.o
                0x0000000008002afa                HAL_GPIO_WritePin
 .text.HAL_GPIO_TogglePin
                0x0000000008002b2a       0x32 ./Drivers/STM32F1xx_HAL_Driver/Src/stm32f1xx_hal_gpio.o
                0x0000000008002b2a                HAL_GPIO_TogglePin
 .text.HAL_RCC_OscConfig
                0x0000000008002b5c      0x504 ./Drivers/STM32F1xx_HAL_Driver/Src/stm32f1xx_hal_rcc.o
                0x0000000008002b5c                HAL_RCC_OscConfig
 .text.HAL_RCC_ClockConfig
                0x0000000008003060      0x1d4 ./Drivers/STM32F1xx_HAL_Driver/Src/stm32f1xx_hal_rcc.o
                0x0000000008003060                HAL_RCC_ClockConfig
 .text.HAL_RCC_GetSysClockFreq
                0x0000000008003234       0xa8 ./Drivers/STM32F1xx_HAL_Driver/Src/stm32f1xx_hal_rcc.o
                0x0000000008003234                HAL_RCC_GetSysClockFreq
 .text.HAL_RCC_GetHCLKFreq
                0x00000000080032dc       0x14 ./Drivers/STM32F1xx_HAL_Driver/Src/stm32f1xx_hal_rcc.o
                0x00000000080032dc                HAL_RCC_GetHCLKFreq
 .text.HAL_RCC_GetPCLK1Freq
                0x00000000080032f0       0x28 ./Drivers/STM32F1xx_HAL_Driver/Src/stm32f1xx_hal_rcc.o
                0x00000000080032f0                HAL_RCC_GetPCLK1Freq
 .text.HAL_RCC_GetPCLK2Freq
                0x0000000008003318       0x28 ./Drivers/STM32F1xx_HAL_Driver/Src/stm32f1xx_hal_rcc.o
                0x0000000008003318                HAL_RCC_GetPCLK2Freq
 .text.RCC_Delay
                0x0000000008003340       0x3c ./Drivers/STM32F1xx_HAL_Driver/Src/stm32f1xx_hal_rcc.o
 .text.HAL_TIM_Base_Init
                0x000000000800337c       0x9e ./Drivers/STM32F1xx_HAL_Driver/Src/stm32f1xx_hal_tim.o
                0x000000000800337c                HAL_TIM_Base_Init
 *fill*         0x000000000800341a        0x2 
 .text.HAL_TIM_Base_Start_IT
                0x000000000800341c       0x98 ./Drivers/STM32F1xx_HAL_Driver/Src/stm32f1xx_hal_tim.o
                0x000000000800341c                HAL_TIM_Base_Start_IT
 .text.HAL_TIM_PWM_Init
                0x00000000080034b4       0x9e ./Drivers/STM32F1xx_HAL_Driver/Src/stm32f1xx_hal_tim.o
                0x00000000080034b4                HAL_TIM_PWM_Init
 .text.HAL_TIM_PWM_MspInit
                0x0000000008003552       0x12 ./Drivers/STM32F1xx_HAL_Driver/Src/stm32f1xx_hal_tim.o
                0x0000000008003552                HAL_TIM_PWM_MspInit
 .text.HAL_TIM_PWM_Start
                0x0000000008003564      0x138 ./Drivers/STM32F1xx_HAL_Driver/Src/stm32f1xx_hal_tim.o
                0x0000000008003564                HAL_TIM_PWM_Start
 .text.HAL_TIM_IRQHandler
                0x000000000800369c      0x210 ./Drivers/STM32F1xx_HAL_Driver/Src/stm32f1xx_hal_tim.o
                0x000000000800369c                HAL_TIM_IRQHandler
 .text.HAL_TIM_PWM_ConfigChannel
                0x00000000080038ac      0x184 ./Drivers/STM32F1xx_HAL_Driver/Src/stm32f1xx_hal_tim.o
                0x00000000080038ac                HAL_TIM_PWM_ConfigChannel
 .text.HAL_TIM_ConfigClockSource
                0x0000000008003a30      0x18e ./Drivers/STM32F1xx_HAL_Driver/Src/stm32f1xx_hal_tim.o
                0x0000000008003a30                HAL_TIM_ConfigClockSource
 .text.HAL_TIM_OC_DelayElapsedCallback
                0x0000000008003bbe       0x12 ./Drivers/STM32F1xx_HAL_Driver/Src/stm32f1xx_hal_tim.o
                0x0000000008003bbe                HAL_TIM_OC_DelayElapsedCallback
 .text.HAL_TIM_IC_CaptureCallback
                0x0000000008003bd0       0x12 ./Drivers/STM32F1xx_HAL_Driver/Src/stm32f1xx_hal_tim.o
                0x0000000008003bd0                HAL_TIM_IC_CaptureCallback
 .text.HAL_TIM_PWM_PulseFinishedCallback
                0x0000000008003be2       0x12 ./Drivers/STM32F1xx_HAL_Driver/Src/stm32f1xx_hal_tim.o
                0x0000000008003be2                HAL_TIM_PWM_PulseFinishedCallback
 .text.HAL_TIM_TriggerCallback
                0x0000000008003bf4       0x12 ./Drivers/STM32F1xx_HAL_Driver/Src/stm32f1xx_hal_tim.o
                0x0000000008003bf4                HAL_TIM_TriggerCallback
 *fill*         0x0000000008003c06        0x2 
 .text.TIM_Base_SetConfig
                0x0000000008003c08       0xb0 ./Drivers/STM32F1xx_HAL_Driver/Src/stm32f1xx_hal_tim.o
                0x0000000008003c08                TIM_Base_SetConfig
 .text.TIM_OC1_SetConfig
                0x0000000008003cb8       0xcc ./Drivers/STM32F1xx_HAL_Driver/Src/stm32f1xx_hal_tim.o
 .text.TIM_OC2_SetConfig
                0x0000000008003d84       0xd4 ./Drivers/STM32F1xx_HAL_Driver/Src/stm32f1xx_hal_tim.o
                0x0000000008003d84                TIM_OC2_SetConfig
 .text.TIM_OC3_SetConfig
                0x0000000008003e58       0xd4 ./Drivers/STM32F1xx_HAL_Driver/Src/stm32f1xx_hal_tim.o
 .text.TIM_OC4_SetConfig
                0x0000000008003f2c       0x9c ./Drivers/STM32F1xx_HAL_Driver/Src/stm32f1xx_hal_tim.o
 .text.TIM_TI1_ConfigInputStage
                0x0000000008003fc8       0x5c ./Drivers/STM32F1xx_HAL_Driver/Src/stm32f1xx_hal_tim.o
 .text.TIM_TI2_ConfigInputStage
                0x0000000008004024       0x5e ./Drivers/STM32F1xx_HAL_Driver/Src/stm32f1xx_hal_tim.o
 .text.TIM_ITRx_SetConfig
                0x0000000008004082       0x34 ./Drivers/STM32F1xx_HAL_Driver/Src/stm32f1xx_hal_tim.o
 .text.TIM_ETR_SetConfig
                0x00000000080040b6       0x3e ./Drivers/STM32F1xx_HAL_Driver/Src/stm32f1xx_hal_tim.o
                0x00000000080040b6                TIM_ETR_SetConfig
 .text.TIM_CCxChannelCmd
                0x00000000080040f4       0x48 ./Drivers/STM32F1xx_HAL_Driver/Src/stm32f1xx_hal_tim.o
                0x00000000080040f4                TIM_CCxChannelCmd
 .text.HAL_TIMEx_MasterConfigSynchronization
                0x000000000800413c       0xb0 ./Drivers/STM32F1xx_HAL_Driver/Src/stm32f1xx_hal_tim_ex.o
                0x000000000800413c                HAL_TIMEx_MasterConfigSynchronization
 .text.HAL_TIMEx_CommutCallback
                0x00000000080041ec       0x12 ./Drivers/STM32F1xx_HAL_Driver/Src/stm32f1xx_hal_tim_ex.o
                0x00000000080041ec                HAL_TIMEx_CommutCallback
 .text.HAL_TIMEx_BreakCallback
                0x00000000080041fe       0x12 ./Drivers/STM32F1xx_HAL_Driver/Src/stm32f1xx_hal_tim_ex.o
                0x00000000080041fe                HAL_TIMEx_BreakCallback
 .text.HAL_UART_Init
                0x0000000008004210       0xa0 ./Drivers/STM32F1xx_HAL_Driver/Src/stm32f1xx_hal_uart.o
                0x0000000008004210                HAL_UART_Init
 .text.HAL_UART_Transmit
                0x00000000080042b0      0x106 ./Drivers/STM32F1xx_HAL_Driver/Src/stm32f1xx_hal_uart.o
                0x00000000080042b0                HAL_UART_Transmit
 .text.HAL_UART_Receive_IT
                0x00000000080043b6       0x4a ./Drivers/STM32F1xx_HAL_Driver/Src/stm32f1xx_hal_uart.o
                0x00000000080043b6                HAL_UART_Receive_IT
 .text.HAL_UART_IRQHandler
                0x0000000008004400      0x524 ./Drivers/STM32F1xx_HAL_Driver/Src/stm32f1xx_hal_uart.o
                0x0000000008004400                HAL_UART_IRQHandler
 .text.HAL_UART_TxCpltCallback
                0x0000000008004924       0x12 ./Drivers/STM32F1xx_HAL_Driver/Src/stm32f1xx_hal_uart.o
                0x0000000008004924                HAL_UART_TxCpltCallback
 .text.HAL_UART_ErrorCallback
                0x0000000008004936       0x12 ./Drivers/STM32F1xx_HAL_Driver/Src/stm32f1xx_hal_uart.o
                0x0000000008004936                HAL_UART_ErrorCallback
 .text.HAL_UARTEx_RxEventCallback
                0x0000000008004948       0x16 ./Drivers/STM32F1xx_HAL_Driver/Src/stm32f1xx_hal_uart.o
                0x0000000008004948                HAL_UARTEx_RxEventCallback
 .text.UART_WaitOnFlagUntilTimeout
                0x000000000800495e       0xdc ./Drivers/STM32F1xx_HAL_Driver/Src/stm32f1xx_hal_uart.o
 .text.UART_Start_Receive_IT
                0x0000000008004a3a       0x72 ./Drivers/STM32F1xx_HAL_Driver/Src/stm32f1xx_hal_uart.o
                0x0000000008004a3a                UART_Start_Receive_IT
 .text.UART_EndRxTransfer
                0x0000000008004aac       0xc4 ./Drivers/STM32F1xx_HAL_Driver/Src/stm32f1xx_hal_uart.o
 .text.UART_DMAAbortOnError
                0x0000000008004b70       0x28 ./Drivers/STM32F1xx_HAL_Driver/Src/stm32f1xx_hal_uart.o
 .text.UART_Transmit_IT
                0x0000000008004b98       0x9e ./Drivers/STM32F1xx_HAL_Driver/Src/stm32f1xx_hal_uart.o
 .text.UART_EndTransmit_IT
                0x0000000008004c36       0x30 ./Drivers/STM32F1xx_HAL_Driver/Src/stm32f1xx_hal_uart.o
 .text.UART_Receive_IT
                0x0000000008004c66      0x17c ./Drivers/STM32F1xx_HAL_Driver/Src/stm32f1xx_hal_uart.o
 *fill*         0x0000000008004de2        0x2 
 .text.UART_SetConfig
                0x0000000008004de4      0x11c ./Drivers/STM32F1xx_HAL_Driver/Src/stm32f1xx_hal_uart.o
 .text.sprintf  0x0000000008004f00       0x40 C:/ST/STM32CubeIDE_1.11.0/STM32CubeIDE/plugins/com.st.stm32cube.ide.mcu.externaltools.gnu-tools-for-stm32.11.3.rel1.win32_1.1.1.202309131626/tools/bin/../lib/gcc/arm-none-eabi/11.3.1/../../../../arm-none-eabi/lib/thumb/v7-m/nofp\libc_nano.a(libc_a-sprintf.o)
                0x0000000008004f00                siprintf
                0x0000000008004f00                sprintf
 .text.memset   0x0000000008004f40       0x10 C:/ST/STM32CubeIDE_1.11.0/STM32CubeIDE/plugins/com.st.stm32cube.ide.mcu.externaltools.gnu-tools-for-stm32.11.3.rel1.win32_1.1.1.202309131626/tools/bin/../lib/gcc/arm-none-eabi/11.3.1/../../../../arm-none-eabi/lib/thumb/v7-m/nofp\libc_nano.a(libc_a-memset.o)
                0x0000000008004f40                memset
 .text.__errno  0x0000000008004f50        0xc C:/ST/STM32CubeIDE_1.11.0/STM32CubeIDE/plugins/com.st.stm32cube.ide.mcu.externaltools.gnu-tools-for-stm32.11.3.rel1.win32_1.1.1.202309131626/tools/bin/../lib/gcc/arm-none-eabi/11.3.1/../../../../arm-none-eabi/lib/thumb/v7-m/nofp\libc_nano.a(libc_a-errno.o)
                0x0000000008004f50                __errno
 .text.__libc_init_array
                0x0000000008004f5c       0x48 C:/ST/STM32CubeIDE_1.11.0/STM32CubeIDE/plugins/com.st.stm32cube.ide.mcu.externaltools.gnu-tools-for-stm32.11.3.rel1.win32_1.1.1.202309131626/tools/bin/../lib/gcc/arm-none-eabi/11.3.1/../../../../arm-none-eabi/lib/thumb/v7-m/nofp\libc_nano.a(libc_a-init.o)
                0x0000000008004f5c                __libc_init_array
 .text.__retarget_lock_acquire_recursive
                0x0000000008004fa4        0x2 C:/ST/STM32CubeIDE_1.11.0/STM32CubeIDE/plugins/com.st.stm32cube.ide.mcu.externaltools.gnu-tools-for-stm32.11.3.rel1.win32_1.1.1.202309131626/tools/bin/../lib/gcc/arm-none-eabi/11.3.1/../../../../arm-none-eabi/lib/thumb/v7-m/nofp\libc_nano.a(libc_a-lock.o)
                0x0000000008004fa4                __retarget_lock_acquire_recursive
 .text.__retarget_lock_release_recursive
                0x0000000008004fa6        0x2 C:/ST/STM32CubeIDE_1.11.0/STM32CubeIDE/plugins/com.st.stm32cube.ide.mcu.externaltools.gnu-tools-for-stm32.11.3.rel1.win32_1.1.1.202309131626/tools/bin/../lib/gcc/arm-none-eabi/11.3.1/../../../../arm-none-eabi/lib/thumb/v7-m/nofp\libc_nano.a(libc_a-lock.o)
                0x0000000008004fa6                __retarget_lock_release_recursive
 .text._free_r  0x0000000008004fa8       0x90 C:/ST/STM32CubeIDE_1.11.0/STM32CubeIDE/plugins/com.st.stm32cube.ide.mcu.externaltools.gnu-tools-for-stm32.11.3.rel1.win32_1.1.1.202309131626/tools/bin/../lib/gcc/arm-none-eabi/11.3.1/../../../../arm-none-eabi/lib/thumb/v7-m/nofp\libc_nano.a(libc_a-freer.o)
                0x0000000008004fa8                _free_r
 .text.sbrk_aligned
                0x0000000008005038       0x40 C:/ST/STM32CubeIDE_1.11.0/STM32CubeIDE/plugins/com.st.stm32cube.ide.mcu.externaltools.gnu-tools-for-stm32.11.3.rel1.win32_1.1.1.202309131626/tools/bin/../lib/gcc/arm-none-eabi/11.3.1/../../../../arm-none-eabi/lib/thumb/v7-m/nofp\libc_nano.a(libc_a-mallocr.o)
 .text._malloc_r
                0x0000000008005078      0x100 C:/ST/STM32CubeIDE_1.11.0/STM32CubeIDE/plugins/com.st.stm32cube.ide.mcu.externaltools.gnu-tools-for-stm32.11.3.rel1.win32_1.1.1.202309131626/tools/bin/../lib/gcc/arm-none-eabi/11.3.1/../../../../arm-none-eabi/lib/thumb/v7-m/nofp\libc_nano.a(libc_a-mallocr.o)
                0x0000000008005078                _malloc_r
 .text.__malloc_lock
                0x0000000008005178        0xc C:/ST/STM32CubeIDE_1.11.0/STM32CubeIDE/plugins/com.st.stm32cube.ide.mcu.externaltools.gnu-tools-for-stm32.11.3.rel1.win32_1.1.1.202309131626/tools/bin/../lib/gcc/arm-none-eabi/11.3.1/../../../../arm-none-eabi/lib/thumb/v7-m/nofp\libc_nano.a(libc_a-mlock.o)
                0x0000000008005178                __malloc_lock
 .text.__malloc_unlock
                0x0000000008005184        0xc C:/ST/STM32CubeIDE_1.11.0/STM32CubeIDE/plugins/com.st.stm32cube.ide.mcu.externaltools.gnu-tools-for-stm32.11.3.rel1.win32_1.1.1.202309131626/tools/bin/../lib/gcc/arm-none-eabi/11.3.1/../../../../arm-none-eabi/lib/thumb/v7-m/nofp\libc_nano.a(libc_a-mlock.o)
                0x0000000008005184                __malloc_unlock
 .text.__ssputs_r
                0x0000000008005190       0xb4 C:/ST/STM32CubeIDE_1.11.0/STM32CubeIDE/plugins/com.st.stm32cube.ide.mcu.externaltools.gnu-tools-for-stm32.11.3.rel1.win32_1.1.1.202309131626/tools/bin/../lib/gcc/arm-none-eabi/11.3.1/../../../../arm-none-eabi/lib/thumb/v7-m/nofp\libc_nano.a(libc_a-nano-svfprintf.o)
                0x0000000008005190                __ssputs_r
 .text._svfprintf_r
                0x0000000008005244      0x1fc C:/ST/STM32CubeIDE_1.11.0/STM32CubeIDE/plugins/com.st.stm32cube.ide.mcu.externaltools.gnu-tools-for-stm32.11.3.rel1.win32_1.1.1.202309131626/tools/bin/../lib/gcc/arm-none-eabi/11.3.1/../../../../arm-none-eabi/lib/thumb/v7-m/nofp\libc_nano.a(libc_a-nano-svfprintf.o)
                0x0000000008005244                _svfiprintf_r
                0x0000000008005244                _svfprintf_r
 .text._printf_common
                0x0000000008005440       0xe4 C:/ST/STM32CubeIDE_1.11.0/STM32CubeIDE/plugins/com.st.stm32cube.ide.mcu.externaltools.gnu-tools-for-stm32.11.3.rel1.win32_1.1.1.202309131626/tools/bin/../lib/gcc/arm-none-eabi/11.3.1/../../../../arm-none-eabi/lib/thumb/v7-m/nofp\libc_nano.a(libc_a-nano-vfprintf_i.o)
                0x0000000008005440                _printf_common
 .text._printf_i
                0x0000000008005524      0x244 C:/ST/STM32CubeIDE_1.11.0/STM32CubeIDE/plugins/com.st.stm32cube.ide.mcu.externaltools.gnu-tools-for-stm32.11.3.rel1.win32_1.1.1.202309131626/tools/bin/../lib/gcc/arm-none-eabi/11.3.1/../../../../arm-none-eabi/lib/thumb/v7-m/nofp\libc_nano.a(libc_a-nano-vfprintf_i.o)
                0x0000000008005524                _printf_i
 .text.memmove  0x0000000008005768       0x34 C:/ST/STM32CubeIDE_1.11.0/STM32CubeIDE/plugins/com.st.stm32cube.ide.mcu.externaltools.gnu-tools-for-stm32.11.3.rel1.win32_1.1.1.202309131626/tools/bin/../lib/gcc/arm-none-eabi/11.3.1/../../../../arm-none-eabi/lib/thumb/v7-m/nofp\libc_nano.a(libc_a-memmove.o)
                0x0000000008005768                memmove
 .text._sbrk_r  0x000000000800579c       0x20 C:/ST/STM32CubeIDE_1.11.0/STM32CubeIDE/plugins/com.st.stm32cube.ide.mcu.externaltools.gnu-tools-for-stm32.11.3.rel1.win32_1.1.1.202309131626/tools/bin/../lib/gcc/arm-none-eabi/11.3.1/../../../../arm-none-eabi/lib/thumb/v7-m/nofp\libc_nano.a(libc_a-sbrkr.o)
                0x000000000800579c                _sbrk_r
 .text.memchr   0x00000000080057bc       0x1c C:/ST/STM32CubeIDE_1.11.0/STM32CubeIDE/plugins/com.st.stm32cube.ide.mcu.externaltools.gnu-tools-for-stm32.11.3.rel1.win32_1.1.1.202309131626/tools/bin/../lib/gcc/arm-none-eabi/11.3.1/../../../../arm-none-eabi/lib/thumb/v7-m/nofp\libc_nano.a(libc_a-memchr-stub.o)
                0x00000000080057bc                memchr
 .text.memcpy   0x00000000080057d8       0x1c C:/ST/STM32CubeIDE_1.11.0/STM32CubeIDE/plugins/com.st.stm32cube.ide.mcu.externaltools.gnu-tools-for-stm32.11.3.rel1.win32_1.1.1.202309131626/tools/bin/../lib/gcc/arm-none-eabi/11.3.1/../../../../arm-none-eabi/lib/thumb/v7-m/nofp\libc_nano.a(libc_a-memcpy-stub.o)
                0x00000000080057d8                memcpy
 .text._realloc_r
                0x00000000080057f4       0x5e C:/ST/STM32CubeIDE_1.11.0/STM32CubeIDE/plugins/com.st.stm32cube.ide.mcu.externaltools.gnu-tools-for-stm32.11.3.rel1.win32_1.1.1.202309131626/tools/bin/../lib/gcc/arm-none-eabi/11.3.1/../../../../arm-none-eabi/lib/thumb/v7-m/nofp\libc_nano.a(libc_a-reallocr.o)
                0x00000000080057f4                _realloc_r
 .text._malloc_usable_size_r
                0x0000000008005852       0x10 C:/ST/STM32CubeIDE_1.11.0/STM32CubeIDE/plugins/com.st.stm32cube.ide.mcu.externaltools.gnu-tools-for-stm32.11.3.rel1.win32_1.1.1.202309131626/tools/bin/../lib/gcc/arm-none-eabi/11.3.1/../../../../arm-none-eabi/lib/thumb/v7-m/nofp\libc_nano.a(libc_a-msizer.o)
                0x0000000008005852                _malloc_usable_size_r
 *(.glue_7)
 .glue_7        0x0000000008005862        0x0 linker stubs
 *(.glue_7t)
 .glue_7t       0x0000000008005862        0x0 linker stubs
 *(.eh_frame)
 *fill*         0x0000000008005862        0x2 
 .eh_frame      0x0000000008005864        0x0 C:/ST/STM32CubeIDE_1.11.0/STM32CubeIDE/plugins/com.st.stm32cube.ide.mcu.externaltools.gnu-tools-for-stm32.11.3.rel1.win32_1.1.1.202309131626/tools/bin/../lib/gcc/arm-none-eabi/11.3.1/thumb/v7-m/nofp/crtbegin.o
 *(.init)
 .init          0x0000000008005864        0x4 C:/ST/STM32CubeIDE_1.11.0/STM32CubeIDE/plugins/com.st.stm32cube.ide.mcu.externaltools.gnu-tools-for-stm32.11.3.rel1.win32_1.1.1.202309131626/tools/bin/../lib/gcc/arm-none-eabi/11.3.1/thumb/v7-m/nofp/crti.o
                0x0000000008005864                _init
 .init          0x0000000008005868        0x8 C:/ST/STM32CubeIDE_1.11.0/STM32CubeIDE/plugins/com.st.stm32cube.ide.mcu.externaltools.gnu-tools-for-stm32.11.3.rel1.win32_1.1.1.202309131626/tools/bin/../lib/gcc/arm-none-eabi/11.3.1/thumb/v7-m/nofp/crtn.o
 *(.fini)
 .fini          0x0000000008005870        0x4 C:/ST/STM32CubeIDE_1.11.0/STM32CubeIDE/plugins/com.st.stm32cube.ide.mcu.externaltools.gnu-tools-for-stm32.11.3.rel1.win32_1.1.1.202309131626/tools/bin/../lib/gcc/arm-none-eabi/11.3.1/thumb/v7-m/nofp/crti.o
                0x0000000008005870                _fini
 .fini          0x0000000008005874        0x8 C:/ST/STM32CubeIDE_1.11.0/STM32CubeIDE/plugins/com.st.stm32cube.ide.mcu.externaltools.gnu-tools-for-stm32.11.3.rel1.win32_1.1.1.202309131626/tools/bin/../lib/gcc/arm-none-eabi/11.3.1/thumb/v7-m/nofp/crtn.o
                0x000000000800587c                . = ALIGN (0x4)
                0x000000000800587c                _etext = .

.vfp11_veneer   0x000000000800587c        0x0
 .vfp11_veneer  0x000000000800587c        0x0 linker stubs

.v4_bx          0x000000000800587c        0x0
 .v4_bx         0x000000000800587c        0x0 linker stubs

.iplt           0x000000000800587c        0x0
 .iplt          0x000000000800587c        0x0 C:/ST/STM32CubeIDE_1.11.0/STM32CubeIDE/plugins/com.st.stm32cube.ide.mcu.externaltools.gnu-tools-for-stm32.11.3.rel1.win32_1.1.1.202309131626/tools/bin/../lib/gcc/arm-none-eabi/11.3.1/thumb/v7-m/nofp/crtbegin.o

.rodata         0x000000000800587c       0x88
                0x000000000800587c                . = ALIGN (0x4)
 *(.rodata)
 .rodata        0x000000000800587c       0x27 ./Core/Src/uart.o
 *(.rodata*)
 *fill*         0x00000000080058a3        0x1 
 .rodata.AHBPrescTable
                0x00000000080058a4       0x10 ./Core/Src/system_stm32f1xx.o
                0x00000000080058a4                AHBPrescTable
 .rodata.APBPrescTable
                0x00000000080058b4        0x8 ./Core/Src/system_stm32f1xx.o
                0x00000000080058b4                APBPrescTable
 .rodata.aPLLMULFactorTable.1
                0x00000000080058bc       0x10 ./Drivers/STM32F1xx_HAL_Driver/Src/stm32f1xx_hal_rcc.o
 .rodata.aPredivFactorTable.0
                0x00000000080058cc        0x2 ./Drivers/STM32F1xx_HAL_Driver/Src/stm32f1xx_hal_rcc.o
 .rodata._svfprintf_r.str1.1
                0x00000000080058ce       0x11 C:/ST/STM32CubeIDE_1.11.0/STM32CubeIDE/plugins/com.st.stm32cube.ide.mcu.externaltools.gnu-tools-for-stm32.11.3.rel1.win32_1.1.1.202309131626/tools/bin/../lib/gcc/arm-none-eabi/11.3.1/../../../../arm-none-eabi/lib/thumb/v7-m/nofp\libc_nano.a(libc_a-nano-svfprintf.o)
 .rodata._printf_i.str1.1
                0x00000000080058df       0x22 C:/ST/STM32CubeIDE_1.11.0/STM32CubeIDE/plugins/com.st.stm32cube.ide.mcu.externaltools.gnu-tools-for-stm32.11.3.rel1.win32_1.1.1.202309131626/tools/bin/../lib/gcc/arm-none-eabi/11.3.1/../../../../arm-none-eabi/lib/thumb/v7-m/nofp\libc_nano.a(libc_a-nano-vfprintf_i.o)
                0x0000000008005904                . = ALIGN (0x4)
 *fill*         0x0000000008005901        0x3 

.rel.dyn        0x0000000008005904        0x0
 .rel.iplt      0x0000000008005904        0x0 C:/ST/STM32CubeIDE_1.11.0/STM32CubeIDE/plugins/com.st.stm32cube.ide.mcu.externaltools.gnu-tools-for-stm32.11.3.rel1.win32_1.1.1.202309131626/tools/bin/../lib/gcc/arm-none-eabi/11.3.1/thumb/v7-m/nofp/crtbegin.o

.ARM.extab      0x0000000008005904        0x0
                0x0000000008005904                . = ALIGN (0x4)
 *(.ARM.extab* .gnu.linkonce.armextab.*)
                0x0000000008005904                . = ALIGN (0x4)

.ARM            0x0000000008005904        0x0
                0x0000000008005904                . = ALIGN (0x4)
                0x0000000008005904                __exidx_start = .
 *(.ARM.exidx*)
                0x0000000008005904                __exidx_end = .
                0x0000000008005904                . = ALIGN (0x4)

.preinit_array  0x0000000008005904        0x0
                0x0000000008005904                . = ALIGN (0x4)
                0x0000000008005904                PROVIDE (__preinit_array_start = .)
 *(.preinit_array*)
                0x0000000008005904                PROVIDE (__preinit_array_end = .)
                0x0000000008005904                . = ALIGN (0x4)

.init_array     0x0000000008005904        0x4
                0x0000000008005904                . = ALIGN (0x4)
                0x0000000008005904                PROVIDE (__init_array_start = .)
 *(SORT_BY_NAME(.init_array.*))
 *(.init_array*)
 .init_array    0x0000000008005904        0x4 C:/ST/STM32CubeIDE_1.11.0/STM32CubeIDE/plugins/com.st.stm32cube.ide.mcu.externaltools.gnu-tools-for-stm32.11.3.rel1.win32_1.1.1.202309131626/tools/bin/../lib/gcc/arm-none-eabi/11.3.1/thumb/v7-m/nofp/crtbegin.o
                0x0000000008005908                PROVIDE (__init_array_end = .)
                0x0000000008005908                . = ALIGN (0x4)

.fini_array     0x0000000008005908        0x4
                0x0000000008005908                . = ALIGN (0x4)
                [!provide]                        PROVIDE (__fini_array_start = .)
 *(SORT_BY_NAME(.fini_array.*))
 *(.fini_array*)
 .fini_array    0x0000000008005908        0x4 C:/ST/STM32CubeIDE_1.11.0/STM32CubeIDE/plugins/com.st.stm32cube.ide.mcu.externaltools.gnu-tools-for-stm32.11.3.rel1.win32_1.1.1.202309131626/tools/bin/../lib/gcc/arm-none-eabi/11.3.1/thumb/v7-m/nofp/crtbegin.o
                [!provide]                        PROVIDE (__fini_array_end = .)
                0x000000000800590c                . = ALIGN (0x4)
                0x000000000800590c                _sidata = LOADADDR (.data)

.data           0x0000000020000000       0xbc load address 0x000000000800590c
                0x0000000020000000                . = ALIGN (0x4)
                0x0000000020000000                _sdata = .
 *(.data)
 *(.data*)
 .data.buttonPorts
                0x0000000020000000       0x10 ./Core/Src/button.o
 .data.buttonPins
                0x0000000020000010        0x8 ./Core/Src/button.o
 .data.pedestrianRedPorts
                0x0000000020000018        0x8 ./Core/Src/pedestrian.o
 .data.pedestrianGreenPorts
                0x0000000020000020        0x8 ./Core/Src/pedestrian.o
 .data.pedestrianRedPins
                0x0000000020000028        0x4 ./Core/Src/pedestrian.o
 .data.pedestrianGreenPins
                0x000000002000002c        0x4 ./Core/Src/pedestrian.o
 .data.SystemCoreClock
                0x0000000020000030        0x4 ./Core/Src/system_stm32f1xx.o
                0x0000000020000030                SystemCoreClock
 .data.trafficRedDuration
                0x0000000020000034        0x4 ./Core/Src/traffic.o
                0x0000000020000034                trafficRedDuration
 .data.trafficGreenDuration
                0x0000000020000038        0x4 ./Core/Src/traffic.o
                0x0000000020000038                trafficGreenDuration
 .data.trafficYellowDuration
                0x000000002000003c        0x4 ./Core/Src/traffic.o
                0x000000002000003c                trafficYellowDuration
 .data.trafficRedPorts
                0x0000000020000040        0x8 ./Core/Src/traffic.o
 .data.trafficGreenPorts
                0x0000000020000048        0x8 ./Core/Src/traffic.o
 .data.trafficYellowPorts
                0x0000000020000050        0x8 ./Core/Src/traffic.o
 .data.trafficRedPins
                0x0000000020000058        0x4 ./Core/Src/traffic.o
 .data.trafficGreenPins
                0x000000002000005c        0x4 ./Core/Src/traffic.o
 .data.trafficYellowPins
                0x0000000020000060        0x4 ./Core/Src/traffic.o
 .data.uwTickPrio
                0x0000000020000064        0x4 ./Drivers/STM32F1xx_HAL_Driver/Src/stm32f1xx_hal.o
                0x0000000020000064                uwTickPrio
 .data.uwTickFreq
                0x0000000020000068        0x1 ./Drivers/STM32F1xx_HAL_Driver/Src/stm32f1xx_hal.o
                0x0000000020000068                uwTickFreq
 *fill*         0x0000000020000069        0x3 
 .data._impure_data
                0x000000002000006c       0x4c C:/ST/STM32CubeIDE_1.11.0/STM32CubeIDE/plugins/com.st.stm32cube.ide.mcu.externaltools.gnu-tools-for-stm32.11.3.rel1.win32_1.1.1.202309131626/tools/bin/../lib/gcc/arm-none-eabi/11.3.1/../../../../arm-none-eabi/lib/thumb/v7-m/nofp\libc_nano.a(libc_a-impure.o)
                0x000000002000006c                _impure_data
 .data._impure_ptr
                0x00000000200000b8        0x4 C:/ST/STM32CubeIDE_1.11.0/STM32CubeIDE/plugins/com.st.stm32cube.ide.mcu.externaltools.gnu-tools-for-stm32.11.3.rel1.win32_1.1.1.202309131626/tools/bin/../lib/gcc/arm-none-eabi/11.3.1/../../../../arm-none-eabi/lib/thumb/v7-m/nofp\libc_nano.a(libc_a-impure.o)
                0x00000000200000b8                _impure_ptr
 *(.RamFunc)
 *(.RamFunc*)
                0x00000000200000bc                . = ALIGN (0x4)
                0x00000000200000bc                _edata = .

.igot.plt       0x00000000200000bc        0x0 load address 0x00000000080059c8
 .igot.plt      0x00000000200000bc        0x0 C:/ST/STM32CubeIDE_1.11.0/STM32CubeIDE/plugins/com.st.stm32cube.ide.mcu.externaltools.gnu-tools-for-stm32.11.3.rel1.win32_1.1.1.202309131626/tools/bin/../lib/gcc/arm-none-eabi/11.3.1/thumb/v7-m/nofp/crtbegin.o
                0x00000000200000bc                . = ALIGN (0x4)

.bss            0x00000000200000bc      0x430 load address 0x00000000080059c8
                0x00000000200000bc                _sbss = .
                0x00000000200000bc                __bss_start__ = _sbss
 *(.bss)
 .bss           0x00000000200000bc       0x1c C:/ST/STM32CubeIDE_1.11.0/STM32CubeIDE/plugins/com.st.stm32cube.ide.mcu.externaltools.gnu-tools-for-stm32.11.3.rel1.win32_1.1.1.202309131626/tools/bin/../lib/gcc/arm-none-eabi/11.3.1/thumb/v7-m/nofp/crtbegin.o
 *(.bss*)
 .bss.buttonStates
                0x00000000200000d8        0x4 ./Core/Src/button.o
 .bss.buttonDebounce0
                0x00000000200000dc        0x4 ./Core/Src/button.o
 .bss.buttonDebounce1
                0x00000000200000e0        0x4 ./Core/Src/button.o
 .bss.buttonDebounce2
                0x00000000200000e4        0x4 ./Core/Src/button.o
 .bss.buttonFlags
                0x00000000200000e8        0x4 ./Core/Src/button.o
 .bss.buttonCounters
                0x00000000200000ec        0x8 ./Core/Src/button.o
 .bss.fsmState  0x00000000200000f4        0x1 ./Core/Src/fsm.o
                0x00000000200000f4                fsmState
 .bss.fsmTunningState
                0x00000000200000f5        0x1 ./Core/Src/fsm.o
 *fill*         0x00000000200000f6        0x2 
 .bss.fsmIDs    0x00000000200000f8        0x1 ./Core/Src/fsm.o
 *fill*         0x00000000200000f9        0x3 
 .bss.fsmAutoIDs
                0x00000000200000fc        0xb ./Core/Src/fsm.o
 *fill*         0x0000000020000107        0x1 
 .bss.fsmManualIDs
                0x0000000020000108        0x3 ./Core/Src/fsm.o
 *fill*         0x000000002000010b        0x1 
 .bss.fsmTunningIDs
                0x000000002000010c        0x6 ./Core/Src/fsm.o
 *fill*         0x0000000020000112        0x2 
 .bss.htim2     0x0000000020000114       0x48 ./Core/Src/main.o
                0x0000000020000114                htim2
 .bss.htim3     0x000000002000015c       0x48 ./Core/Src/main.o
                0x000000002000015c                htim3
 .bss.huart2    0x00000000200001a4       0x48 ./Core/Src/main.o
                0x00000000200001a4                huart2
 .bss.temp      0x00000000200001ec        0x1 ./Core/Src/main.o
                0x00000000200001ec                temp
 *fill*         0x00000000200001ed        0x3 
 .bss.pedestrianStates
                0x00000000200001f0        0x2 ./Core/Src/pedestrian.o
                0x00000000200001f0                pedestrianStates
 *fill*         0x00000000200001f2        0x2 
 .bss.pedestrianCounters
                0x00000000200001f4        0x8 ./Core/Src/pedestrian.o
                0x00000000200001f4                pedestrianCounters
 .bss.buzzer0Flag
                0x00000000200001fc        0x1 ./Core/Src/pedestrian.o
                0x00000000200001fc                buzzer0Flag
 .bss.buzzer1Flag
                0x00000000200001fd        0x1 ./Core/Src/pedestrian.o
                0x00000000200001fd                buzzer1Flag
 *fill*         0x00000000200001fe        0x2 
 .bss.tasks     0x0000000020000200      0x190 ./Core/Src/scheduler.o
                0x0000000020000200                tasks
 .bss.__sbrk_heap_end
                0x0000000020000390        0x4 ./Core/Src/sysmem.o
 .bss.trafficStates
                0x0000000020000394        0x2 ./Core/Src/traffic.o
                0x0000000020000394                trafficStates
 *fill*         0x0000000020000396        0x2 
 .bss.trafficCounters
                0x0000000020000398        0x8 ./Core/Src/traffic.o
                0x0000000020000398                trafficCounters
 .bss.uwTick    0x00000000200003a0        0x4 ./Drivers/STM32F1xx_HAL_Driver/Src/stm32f1xx_hal.o
                0x00000000200003a0                uwTick
 .bss.__sf      0x00000000200003a4      0x138 C:/ST/STM32CubeIDE_1.11.0/STM32CubeIDE/plugins/com.st.stm32cube.ide.mcu.externaltools.gnu-tools-for-stm32.11.3.rel1.win32_1.1.1.202309131626/tools/bin/../lib/gcc/arm-none-eabi/11.3.1/../../../../arm-none-eabi/lib/thumb/v7-m/nofp\libc_nano.a(libc_a-findfp.o)
                0x00000000200003a4                __sf
 .bss.errno     0x00000000200004dc        0x4 C:/ST/STM32CubeIDE_1.11.0/STM32CubeIDE/plugins/com.st.stm32cube.ide.mcu.externaltools.gnu-tools-for-stm32.11.3.rel1.win32_1.1.1.202309131626/tools/bin/../lib/gcc/arm-none-eabi/11.3.1/../../../../arm-none-eabi/lib/thumb/v7-m/nofp\libc_nano.a(libc_a-reent.o)
                0x00000000200004dc                errno
 .bss.__lock___malloc_recursive_mutex
                0x00000000200004e0        0x1 C:/ST/STM32CubeIDE_1.11.0/STM32CubeIDE/plugins/com.st.stm32cube.ide.mcu.externaltools.gnu-tools-for-stm32.11.3.rel1.win32_1.1.1.202309131626/tools/bin/../lib/gcc/arm-none-eabi/11.3.1/../../../../arm-none-eabi/lib/thumb/v7-m/nofp\libc_nano.a(libc_a-lock.o)
                0x00000000200004e0                __lock___malloc_recursive_mutex
 *fill*         0x00000000200004e1        0x3 
 .bss.__malloc_free_list
                0x00000000200004e4        0x4 C:/ST/STM32CubeIDE_1.11.0/STM32CubeIDE/plugins/com.st.stm32cube.ide.mcu.externaltools.gnu-tools-for-stm32.11.3.rel1.win32_1.1.1.202309131626/tools/bin/../lib/gcc/arm-none-eabi/11.3.1/../../../../arm-none-eabi/lib/thumb/v7-m/nofp\libc_nano.a(libc_a-mallocr.o)
                0x00000000200004e4                __malloc_free_list
 .bss.__malloc_sbrk_start
                0x00000000200004e8        0x4 C:/ST/STM32CubeIDE_1.11.0/STM32CubeIDE/plugins/com.st.stm32cube.ide.mcu.externaltools.gnu-tools-for-stm32.11.3.rel1.win32_1.1.1.202309131626/tools/bin/../lib/gcc/arm-none-eabi/11.3.1/../../../../arm-none-eabi/lib/thumb/v7-m/nofp\libc_nano.a(libc_a-mallocr.o)
                0x00000000200004e8                __malloc_sbrk_start
 *(COMMON)
                0x00000000200004ec                . = ALIGN (0x4)
                0x00000000200004ec                _ebss = .
                0x00000000200004ec                __bss_end__ = _ebss

._user_heap_stack
                0x00000000200004ec      0x604 load address 0x00000000080059c8
                0x00000000200004f0                . = ALIGN (0x8)
 *fill*         0x00000000200004ec        0x4 
                [!provide]                        PROVIDE (end = .)
                0x00000000200004f0                PROVIDE (_end = .)
                0x00000000200006f0                . = (. + _Min_Heap_Size)
 *fill*         0x00000000200004f0      0x200 
                0x0000000020000af0                . = (. + _Min_Stack_Size)
 *fill*         0x00000000200006f0      0x400 
                0x0000000020000af0                . = ALIGN (0x8)

/DISCARD/
 libc.a(*)
 libm.a(*)
 libgcc.a(*)

.ARM.attributes
                0x0000000000000000       0x29
 *(.ARM.attributes)
 .ARM.attributes
                0x0000000000000000       0x1d C:/ST/STM32CubeIDE_1.11.0/STM32CubeIDE/plugins/com.st.stm32cube.ide.mcu.externaltools.gnu-tools-for-stm32.11.3.rel1.win32_1.1.1.202309131626/tools/bin/../lib/gcc/arm-none-eabi/11.3.1/thumb/v7-m/nofp/crti.o
 .ARM.attributes
                0x000000000000001d       0x2d C:/ST/STM32CubeIDE_1.11.0/STM32CubeIDE/plugins/com.st.stm32cube.ide.mcu.externaltools.gnu-tools-for-stm32.11.3.rel1.win32_1.1.1.202309131626/tools/bin/../lib/gcc/arm-none-eabi/11.3.1/thumb/v7-m/nofp/crtbegin.o
 .ARM.attributes
                0x000000000000004a       0x2d ./Core/Src/button.o
 .ARM.attributes
                0x0000000000000077       0x2d ./Core/Src/buzzer.o
 .ARM.attributes
                0x00000000000000a4       0x2d ./Core/Src/counter.o
 .ARM.attributes
                0x00000000000000d1       0x2d ./Core/Src/fsm.o
 .ARM.attributes
                0x00000000000000fe       0x2d ./Core/Src/main.o
 .ARM.attributes
                0x000000000000012b       0x2d ./Core/Src/pedestrian.o
 .ARM.attributes
                0x0000000000000158       0x2d ./Core/Src/scheduler.o
 .ARM.attributes
                0x0000000000000185       0x2d ./Core/Src/stm32f1xx_hal_msp.o
 .ARM.attributes
                0x00000000000001b2       0x2d ./Core/Src/stm32f1xx_it.o
 .ARM.attributes
                0x00000000000001df       0x2d ./Core/Src/sysmem.o
 .ARM.attributes
                0x000000000000020c       0x2d ./Core/Src/system_stm32f1xx.o
 .ARM.attributes
                0x0000000000000239       0x2d ./Core/Src/test.o
 .ARM.attributes
                0x0000000000000266       0x2d ./Core/Src/traffic.o
 .ARM.attributes
                0x0000000000000293       0x2d ./Core/Src/uart.o
 .ARM.attributes
                0x00000000000002c0       0x21 ./Core/Startup/startup_stm32f103c6ux.o
 .ARM.attributes
                0x00000000000002e1       0x2d ./Drivers/STM32F1xx_HAL_Driver/Src/stm32f1xx_hal.o
 .ARM.attributes
                0x000000000000030e       0x2d ./Drivers/STM32F1xx_HAL_Driver/Src/stm32f1xx_hal_cortex.o
 .ARM.attributes
                0x000000000000033b       0x2d ./Drivers/STM32F1xx_HAL_Driver/Src/stm32f1xx_hal_dma.o
 .ARM.attributes
                0x0000000000000368       0x2d ./Drivers/STM32F1xx_HAL_Driver/Src/stm32f1xx_hal_gpio.o
 .ARM.attributes
                0x0000000000000395       0x2d ./Drivers/STM32F1xx_HAL_Driver/Src/stm32f1xx_hal_rcc.o
 .ARM.attributes
                0x00000000000003c2       0x2d ./Drivers/STM32F1xx_HAL_Driver/Src/stm32f1xx_hal_tim.o
 .ARM.attributes
                0x00000000000003ef       0x2d ./Drivers/STM32F1xx_HAL_Driver/Src/stm32f1xx_hal_tim_ex.o
 .ARM.attributes
                0x000000000000041c       0x2d ./Drivers/STM32F1xx_HAL_Driver/Src/stm32f1xx_hal_uart.o
 .ARM.attributes
                0x0000000000000449       0x2d C:/ST/STM32CubeIDE_1.11.0/STM32CubeIDE/plugins/com.st.stm32cube.ide.mcu.externaltools.gnu-tools-for-stm32.11.3.rel1.win32_1.1.1.202309131626/tools/bin/../lib/gcc/arm-none-eabi/11.3.1/../../../../arm-none-eabi/lib/thumb/v7-m/nofp\libc_nano.a(libc_a-findfp.o)
 .ARM.attributes
                0x0000000000000476       0x2d C:/ST/STM32CubeIDE_1.11.0/STM32CubeIDE/plugins/com.st.stm32cube.ide.mcu.externaltools.gnu-tools-for-stm32.11.3.rel1.win32_1.1.1.202309131626/tools/bin/../lib/gcc/arm-none-eabi/11.3.1/../../../../arm-none-eabi/lib/thumb/v7-m/nofp\libc_nano.a(libc_a-sprintf.o)
 .ARM.attributes
                0x00000000000004a3       0x2d C:/ST/STM32CubeIDE_1.11.0/STM32CubeIDE/plugins/com.st.stm32cube.ide.mcu.externaltools.gnu-tools-for-stm32.11.3.rel1.win32_1.1.1.202309131626/tools/bin/../lib/gcc/arm-none-eabi/11.3.1/../../../../arm-none-eabi/lib/thumb/v7-m/nofp\libc_nano.a(libc_a-memset.o)
 .ARM.attributes
                0x00000000000004d0       0x2d C:/ST/STM32CubeIDE_1.11.0/STM32CubeIDE/plugins/com.st.stm32cube.ide.mcu.externaltools.gnu-tools-for-stm32.11.3.rel1.win32_1.1.1.202309131626/tools/bin/../lib/gcc/arm-none-eabi/11.3.1/../../../../arm-none-eabi/lib/thumb/v7-m/nofp\libc_nano.a(libc_a-reent.o)
 .ARM.attributes
                0x00000000000004fd       0x2d C:/ST/STM32CubeIDE_1.11.0/STM32CubeIDE/plugins/com.st.stm32cube.ide.mcu.externaltools.gnu-tools-for-stm32.11.3.rel1.win32_1.1.1.202309131626/tools/bin/../lib/gcc/arm-none-eabi/11.3.1/../../../../arm-none-eabi/lib/thumb/v7-m/nofp\libc_nano.a(libc_a-impure.o)
 .ARM.attributes
                0x000000000000052a       0x2d C:/ST/STM32CubeIDE_1.11.0/STM32CubeIDE/plugins/com.st.stm32cube.ide.mcu.externaltools.gnu-tools-for-stm32.11.3.rel1.win32_1.1.1.202309131626/tools/bin/../lib/gcc/arm-none-eabi/11.3.1/../../../../arm-none-eabi/lib/thumb/v7-m/nofp\libc_nano.a(libc_a-errno.o)
 .ARM.attributes
                0x0000000000000557       0x2d C:/ST/STM32CubeIDE_1.11.0/STM32CubeIDE/plugins/com.st.stm32cube.ide.mcu.externaltools.gnu-tools-for-stm32.11.3.rel1.win32_1.1.1.202309131626/tools/bin/../lib/gcc/arm-none-eabi/11.3.1/../../../../arm-none-eabi/lib/thumb/v7-m/nofp\libc_nano.a(libc_a-init.o)
 .ARM.attributes
                0x0000000000000584       0x2d C:/ST/STM32CubeIDE_1.11.0/STM32CubeIDE/plugins/com.st.stm32cube.ide.mcu.externaltools.gnu-tools-for-stm32.11.3.rel1.win32_1.1.1.202309131626/tools/bin/../lib/gcc/arm-none-eabi/11.3.1/../../../../arm-none-eabi/lib/thumb/v7-m/nofp\libc_nano.a(libc_a-lock.o)
 .ARM.attributes
                0x00000000000005b1       0x2d C:/ST/STM32CubeIDE_1.11.0/STM32CubeIDE/plugins/com.st.stm32cube.ide.mcu.externaltools.gnu-tools-for-stm32.11.3.rel1.win32_1.1.1.202309131626/tools/bin/../lib/gcc/arm-none-eabi/11.3.1/../../../../arm-none-eabi/lib/thumb/v7-m/nofp\libc_nano.a(libc_a-freer.o)
 .ARM.attributes
                0x00000000000005de       0x2d C:/ST/STM32CubeIDE_1.11.0/STM32CubeIDE/plugins/com.st.stm32cube.ide.mcu.externaltools.gnu-tools-for-stm32.11.3.rel1.win32_1.1.1.202309131626/tools/bin/../lib/gcc/arm-none-eabi/11.3.1/../../../../arm-none-eabi/lib/thumb/v7-m/nofp\libc_nano.a(libc_a-mallocr.o)
 .ARM.attributes
                0x000000000000060b       0x2d C:/ST/STM32CubeIDE_1.11.0/STM32CubeIDE/plugins/com.st.stm32cube.ide.mcu.externaltools.gnu-tools-for-stm32.11.3.rel1.win32_1.1.1.202309131626/tools/bin/../lib/gcc/arm-none-eabi/11.3.1/../../../../arm-none-eabi/lib/thumb/v7-m/nofp\libc_nano.a(libc_a-mlock.o)
 .ARM.attributes
                0x0000000000000638       0x2d C:/ST/STM32CubeIDE_1.11.0/STM32CubeIDE/plugins/com.st.stm32cube.ide.mcu.externaltools.gnu-tools-for-stm32.11.3.rel1.win32_1.1.1.202309131626/tools/bin/../lib/gcc/arm-none-eabi/11.3.1/../../../../arm-none-eabi/lib/thumb/v7-m/nofp\libc_nano.a(libc_a-nano-svfprintf.o)
 .ARM.attributes
                0x0000000000000665       0x2d C:/ST/STM32CubeIDE_1.11.0/STM32CubeIDE/plugins/com.st.stm32cube.ide.mcu.externaltools.gnu-tools-for-stm32.11.3.rel1.win32_1.1.1.202309131626/tools/bin/../lib/gcc/arm-none-eabi/11.3.1/../../../../arm-none-eabi/lib/thumb/v7-m/nofp\libc_nano.a(libc_a-nano-vfprintf_i.o)
 .ARM.attributes
                0x0000000000000692       0x2d C:/ST/STM32CubeIDE_1.11.0/STM32CubeIDE/plugins/com.st.stm32cube.ide.mcu.externaltools.gnu-tools-for-stm32.11.3.rel1.win32_1.1.1.202309131626/tools/bin/../lib/gcc/arm-none-eabi/11.3.1/../../../../arm-none-eabi/lib/thumb/v7-m/nofp\libc_nano.a(libc_a-memmove.o)
 .ARM.attributes
                0x00000000000006bf       0x2d C:/ST/STM32CubeIDE_1.11.0/STM32CubeIDE/plugins/com.st.stm32cube.ide.mcu.externaltools.gnu-tools-for-stm32.11.3.rel1.win32_1.1.1.202309131626/tools/bin/../lib/gcc/arm-none-eabi/11.3.1/../../../../arm-none-eabi/lib/thumb/v7-m/nofp\libc_nano.a(libc_a-sbrkr.o)
 .ARM.attributes
                0x00000000000006ec       0x2d C:/ST/STM32CubeIDE_1.11.0/STM32CubeIDE/plugins/com.st.stm32cube.ide.mcu.externaltools.gnu-tools-for-stm32.11.3.rel1.win32_1.1.1.202309131626/tools/bin/../lib/gcc/arm-none-eabi/11.3.1/../../../../arm-none-eabi/lib/thumb/v7-m/nofp\libc_nano.a(libc_a-memchr-stub.o)
 .ARM.attributes
                0x0000000000000719       0x2d C:/ST/STM32CubeIDE_1.11.0/STM32CubeIDE/plugins/com.st.stm32cube.ide.mcu.externaltools.gnu-tools-for-stm32.11.3.rel1.win32_1.1.1.202309131626/tools/bin/../lib/gcc/arm-none-eabi/11.3.1/../../../../arm-none-eabi/lib/thumb/v7-m/nofp\libc_nano.a(libc_a-memcpy-stub.o)
 .ARM.attributes
                0x0000000000000746       0x2d C:/ST/STM32CubeIDE_1.11.0/STM32CubeIDE/plugins/com.st.stm32cube.ide.mcu.externaltools.gnu-tools-for-stm32.11.3.rel1.win32_1.1.1.202309131626/tools/bin/../lib/gcc/arm-none-eabi/11.3.1/../../../../arm-none-eabi/lib/thumb/v7-m/nofp\libc_nano.a(libc_a-reallocr.o)
 .ARM.attributes
                0x0000000000000773       0x2d C:/ST/STM32CubeIDE_1.11.0/STM32CubeIDE/plugins/com.st.stm32cube.ide.mcu.externaltools.gnu-tools-for-stm32.11.3.rel1.win32_1.1.1.202309131626/tools/bin/../lib/gcc/arm-none-eabi/11.3.1/../../../../arm-none-eabi/lib/thumb/v7-m/nofp\libc_nano.a(libc_a-msizer.o)
 .ARM.attributes
                0x00000000000007a0       0x1d C:/ST/STM32CubeIDE_1.11.0/STM32CubeIDE/plugins/com.st.stm32cube.ide.mcu.externaltools.gnu-tools-for-stm32.11.3.rel1.win32_1.1.1.202309131626/tools/bin/../lib/gcc/arm-none-eabi/11.3.1/thumb/v7-m/nofp/crtn.o
OUTPUT(PEDESTRIAN_STM32F103C6.elf elf32-littlearm)
LOAD linker stubs
LOAD C:/ST/STM32CubeIDE_1.11.0/STM32CubeIDE/plugins/com.st.stm32cube.ide.mcu.externaltools.gnu-tools-for-stm32.11.3.rel1.win32_1.1.1.202309131626/tools/bin/../lib/gcc/arm-none-eabi/11.3.1/../../../../arm-none-eabi/lib/thumb/v7-m/nofp\libc.a
LOAD C:/ST/STM32CubeIDE_1.11.0/STM32CubeIDE/plugins/com.st.stm32cube.ide.mcu.externaltools.gnu-tools-for-stm32.11.3.rel1.win32_1.1.1.202309131626/tools/bin/../lib/gcc/arm-none-eabi/11.3.1/../../../../arm-none-eabi/lib/thumb/v7-m/nofp\libm.a
LOAD C:/ST/STM32CubeIDE_1.11.0/STM32CubeIDE/plugins/com.st.stm32cube.ide.mcu.externaltools.gnu-tools-for-stm32.11.3.rel1.win32_1.1.1.202309131626/tools/bin/../lib/gcc/arm-none-eabi/11.3.1/thumb/v7-m/nofp\libgcc.a

.comment        0x0000000000000000       0x43
 .comment       0x0000000000000000       0x43 C:/ST/STM32CubeIDE_1.11.0/STM32CubeIDE/plugins/com.st.stm32cube.ide.mcu.externaltools.gnu-tools-for-stm32.11.3.rel1.win32_1.1.1.202309131626/tools/bin/../lib/gcc/arm-none-eabi/11.3.1/thumb/v7-m/nofp/crtbegin.o
                                         0x44 (size before relaxing)
 .comment       0x0000000000000043       0x44 ./Core/Src/button.o
 .comment       0x0000000000000043       0x44 ./Core/Src/buzzer.o
 .comment       0x0000000000000043       0x44 ./Core/Src/counter.o
 .comment       0x0000000000000043       0x44 ./Core/Src/fsm.o
 .comment       0x0000000000000043       0x44 ./Core/Src/main.o
 .comment       0x0000000000000043       0x44 ./Core/Src/pedestrian.o
 .comment       0x0000000000000043       0x44 ./Core/Src/scheduler.o
 .comment       0x0000000000000043       0x44 ./Core/Src/stm32f1xx_hal_msp.o
 .comment       0x0000000000000043       0x44 ./Core/Src/stm32f1xx_it.o
 .comment       0x0000000000000043       0x44 ./Core/Src/sysmem.o
 .comment       0x0000000000000043       0x44 ./Core/Src/system_stm32f1xx.o
 .comment       0x0000000000000043       0x44 ./Core/Src/test.o
 .comment       0x0000000000000043       0x44 ./Core/Src/traffic.o
 .comment       0x0000000000000043       0x44 ./Core/Src/uart.o
 .comment       0x0000000000000043       0x44 ./Drivers/STM32F1xx_HAL_Driver/Src/stm32f1xx_hal.o
 .comment       0x0000000000000043       0x44 ./Drivers/STM32F1xx_HAL_Driver/Src/stm32f1xx_hal_cortex.o
 .comment       0x0000000000000043       0x44 ./Drivers/STM32F1xx_HAL_Driver/Src/stm32f1xx_hal_dma.o
 .comment       0x0000000000000043       0x44 ./Drivers/STM32F1xx_HAL_Driver/Src/stm32f1xx_hal_gpio.o
 .comment       0x0000000000000043       0x44 ./Drivers/STM32F1xx_HAL_Driver/Src/stm32f1xx_hal_rcc.o
 .comment       0x0000000000000043       0x44 ./Drivers/STM32F1xx_HAL_Driver/Src/stm32f1xx_hal_tim.o
 .comment       0x0000000000000043       0x44 ./Drivers/STM32F1xx_HAL_Driver/Src/stm32f1xx_hal_tim_ex.o
 .comment       0x0000000000000043       0x44 ./Drivers/STM32F1xx_HAL_Driver/Src/stm32f1xx_hal_uart.o

.debug_info     0x0000000000000000     0xe42a
 .debug_info    0x0000000000000000      0x2b8 ./Core/Src/button.o
 .debug_info    0x00000000000002b8      0x703 ./Core/Src/buzzer.o
 .debug_info    0x00000000000009bb       0xdd ./Core/Src/counter.o
 .debug_info    0x0000000000000a98      0x44a ./Core/Src/fsm.o
 .debug_info    0x0000000000000ee2     0x1004 ./Core/Src/main.o
 .debug_info    0x0000000000001ee6      0x355 ./Core/Src/pedestrian.o
 .debug_info    0x000000000000223b      0x32a ./Core/Src/scheduler.o
 .debug_info    0x0000000000002565      0xce6 ./Core/Src/stm32f1xx_hal_msp.o
 .debug_info    0x000000000000324b      0x967 ./Core/Src/stm32f1xx_it.o
 .debug_info    0x0000000000003bb2      0x168 ./Core/Src/sysmem.o
 .debug_info    0x0000000000003d1a      0x222 ./Core/Src/system_stm32f1xx.o
 .debug_info    0x0000000000003f3c      0x72f ./Core/Src/test.o
 .debug_info    0x000000000000466b      0x3a7 ./Core/Src/traffic.o
 .debug_info    0x0000000000004a12      0x6d6 ./Core/Src/uart.o
 .debug_info    0x00000000000050e8       0x23 ./Core/Startup/startup_stm32f103c6ux.o
 .debug_info    0x000000000000510b      0x6e6 ./Drivers/STM32F1xx_HAL_Driver/Src/stm32f1xx_hal.o
 .debug_info    0x00000000000057f1      0xa69 ./Drivers/STM32F1xx_HAL_Driver/Src/stm32f1xx_hal_cortex.o
 .debug_info    0x000000000000625a      0x6d2 ./Drivers/STM32F1xx_HAL_Driver/Src/stm32f1xx_hal_dma.o
 .debug_info    0x000000000000692c      0x5ab ./Drivers/STM32F1xx_HAL_Driver/Src/stm32f1xx_hal_gpio.o
 .debug_info    0x0000000000006ed7      0x7d5 ./Drivers/STM32F1xx_HAL_Driver/Src/stm32f1xx_hal_rcc.o
 .debug_info    0x00000000000076ac     0x293b ./Drivers/STM32F1xx_HAL_Driver/Src/stm32f1xx_hal_tim.o
 .debug_info    0x0000000000009fe7     0x149b ./Drivers/STM32F1xx_HAL_Driver/Src/stm32f1xx_hal_tim_ex.o
 .debug_info    0x000000000000b482     0x2fa8 ./Drivers/STM32F1xx_HAL_Driver/Src/stm32f1xx_hal_uart.o

.debug_abbrev   0x0000000000000000     0x28b4
 .debug_abbrev  0x0000000000000000      0x14f ./Core/Src/button.o
 .debug_abbrev  0x000000000000014f      0x1d0 ./Core/Src/buzzer.o
 .debug_abbrev  0x000000000000031f       0x7c ./Core/Src/counter.o
 .debug_abbrev  0x000000000000039b      0x16b ./Core/Src/fsm.o
 .debug_abbrev  0x0000000000000506      0x2f6 ./Core/Src/main.o
 .debug_abbrev  0x00000000000007fc      0x198 ./Core/Src/pedestrian.o
 .debug_abbrev  0x0000000000000994      0x167 ./Core/Src/scheduler.o
 .debug_abbrev  0x0000000000000afb      0x1dd ./Core/Src/stm32f1xx_hal_msp.o
 .debug_abbrev  0x0000000000000cd8      0x19b ./Core/Src/stm32f1xx_it.o
 .debug_abbrev  0x0000000000000e73       0xbc ./Core/Src/sysmem.o
 .debug_abbrev  0x0000000000000f2f      0x13f ./Core/Src/system_stm32f1xx.o
 .debug_abbrev  0x000000000000106e      0x195 ./Core/Src/test.o
 .debug_abbrev  0x0000000000001203      0x16f ./Core/Src/traffic.o
 .debug_abbrev  0x0000000000001372      0x1be ./Core/Src/uart.o
 .debug_abbrev  0x0000000000001530       0x12 ./Core/Startup/startup_stm32f103c6ux.o
 .debug_abbrev  0x0000000000001542      0x201 ./Drivers/STM32F1xx_HAL_Driver/Src/stm32f1xx_hal.o
 .debug_abbrev  0x0000000000001743      0x2f8 ./Drivers/STM32F1xx_HAL_Driver/Src/stm32f1xx_hal_cortex.o
 .debug_abbrev  0x0000000000001a3b      0x20b ./Drivers/STM32F1xx_HAL_Driver/Src/stm32f1xx_hal_dma.o
 .debug_abbrev  0x0000000000001c46      0x1ca ./Drivers/STM32F1xx_HAL_Driver/Src/stm32f1xx_hal_gpio.o
 .debug_abbrev  0x0000000000001e10      0x2b3 ./Drivers/STM32F1xx_HAL_Driver/Src/stm32f1xx_hal_rcc.o
 .debug_abbrev  0x00000000000020c3      0x277 ./Drivers/STM32F1xx_HAL_Driver/Src/stm32f1xx_hal_tim.o
 .debug_abbrev  0x000000000000233a      0x282 ./Drivers/STM32F1xx_HAL_Driver/Src/stm32f1xx_hal_tim_ex.o
 .debug_abbrev  0x00000000000025bc      0x2f8 ./Drivers/STM32F1xx_HAL_Driver/Src/stm32f1xx_hal_uart.o

.debug_aranges  0x0000000000000000      0xe88
 .debug_aranges
                0x0000000000000000       0x28 ./Core/Src/button.o
 .debug_aranges
                0x0000000000000028       0x48 ./Core/Src/buzzer.o
 .debug_aranges
                0x0000000000000070       0x28 ./Core/Src/counter.o
 .debug_aranges
                0x0000000000000098       0x70 ./Core/Src/fsm.o
 .debug_aranges
                0x0000000000000108       0x60 ./Core/Src/main.o
 .debug_aranges
                0x0000000000000168       0x40 ./Core/Src/pedestrian.o
 .debug_aranges
                0x00000000000001a8       0x50 ./Core/Src/scheduler.o
 .debug_aranges
                0x00000000000001f8       0x48 ./Core/Src/stm32f1xx_hal_msp.o
 .debug_aranges
                0x0000000000000240       0x78 ./Core/Src/stm32f1xx_it.o
 .debug_aranges
                0x00000000000002b8       0x20 ./Core/Src/sysmem.o
 .debug_aranges
                0x00000000000002d8       0x28 ./Core/Src/system_stm32f1xx.o
 .debug_aranges
                0x0000000000000300       0x38 ./Core/Src/test.o
 .debug_aranges
                0x0000000000000338       0x60 ./Core/Src/traffic.o
 .debug_aranges
                0x0000000000000398       0x40 ./Core/Src/uart.o
 .debug_aranges
                0x00000000000003d8       0x28 ./Core/Startup/startup_stm32f103c6ux.o
 .debug_aranges
                0x0000000000000400       0xe0 ./Drivers/STM32F1xx_HAL_Driver/Src/stm32f1xx_hal.o
 .debug_aranges
                0x00000000000004e0      0x100 ./Drivers/STM32F1xx_HAL_Driver/Src/stm32f1xx_hal_cortex.o
 .debug_aranges
                0x00000000000005e0       0x80 ./Drivers/STM32F1xx_HAL_Driver/Src/stm32f1xx_hal_dma.o
 .debug_aranges
                0x0000000000000660       0x58 ./Drivers/STM32F1xx_HAL_Driver/Src/stm32f1xx_hal_gpio.o
 .debug_aranges
                0x00000000000006b8       0x90 ./Drivers/STM32F1xx_HAL_Driver/Src/stm32f1xx_hal_rcc.o
 .debug_aranges
                0x0000000000000748      0x3d0 ./Drivers/STM32F1xx_HAL_Driver/Src/stm32f1xx_hal_tim.o
 .debug_aranges
                0x0000000000000b18      0x168 ./Drivers/STM32F1xx_HAL_Driver/Src/stm32f1xx_hal_tim_ex.o
 .debug_aranges
                0x0000000000000c80      0x208 ./Drivers/STM32F1xx_HAL_Driver/Src/stm32f1xx_hal_uart.o

.debug_rnglists
                0x0000000000000000      0xb34
 .debug_rnglists
                0x0000000000000000       0x1a ./Core/Src/button.o
 .debug_rnglists
                0x000000000000001a       0x33 ./Core/Src/buzzer.o
 .debug_rnglists
                0x000000000000004d       0x19 ./Core/Src/counter.o
 .debug_rnglists
                0x0000000000000066       0x55 ./Core/Src/fsm.o
 .debug_rnglists
                0x00000000000000bb       0x47 ./Core/Src/main.o
 .debug_rnglists
                0x0000000000000102       0x2c ./Core/Src/pedestrian.o
 .debug_rnglists
                0x000000000000012e       0x3b ./Core/Src/scheduler.o
 .debug_rnglists
                0x0000000000000169       0x33 ./Core/Src/stm32f1xx_hal_msp.o
 .debug_rnglists
                0x000000000000019c       0x55 ./Core/Src/stm32f1xx_it.o
 .debug_rnglists
                0x00000000000001f1       0x13 ./Core/Src/sysmem.o
 .debug_rnglists
                0x0000000000000204       0x1a ./Core/Src/system_stm32f1xx.o
 .debug_rnglists
                0x000000000000021e       0x26 ./Core/Src/test.o
 .debug_rnglists
                0x0000000000000244       0x44 ./Core/Src/traffic.o
 .debug_rnglists
                0x0000000000000288       0x2b ./Core/Src/uart.o
 .debug_rnglists
                0x00000000000002b3       0x19 ./Core/Startup/startup_stm32f103c6ux.o
 .debug_rnglists
                0x00000000000002cc       0xa3 ./Drivers/STM32F1xx_HAL_Driver/Src/stm32f1xx_hal.o
 .debug_rnglists
                0x000000000000036f       0xbb ./Drivers/STM32F1xx_HAL_Driver/Src/stm32f1xx_hal_cortex.o
 .debug_rnglists
                0x000000000000042a       0x64 ./Drivers/STM32F1xx_HAL_Driver/Src/stm32f1xx_hal_dma.o
 .debug_rnglists
                0x000000000000048e       0x3f ./Drivers/STM32F1xx_HAL_Driver/Src/stm32f1xx_hal_gpio.o
 .debug_rnglists
                0x00000000000004cd       0x6c ./Drivers/STM32F1xx_HAL_Driver/Src/stm32f1xx_hal_rcc.o
 .debug_rnglists
                0x0000000000000539      0x31a ./Drivers/STM32F1xx_HAL_Driver/Src/stm32f1xx_hal_tim.o
 .debug_rnglists
                0x0000000000000853      0x125 ./Drivers/STM32F1xx_HAL_Driver/Src/stm32f1xx_hal_tim_ex.o
 .debug_rnglists
                0x0000000000000978      0x1bc ./Drivers/STM32F1xx_HAL_Driver/Src/stm32f1xx_hal_uart.o

.debug_macro    0x0000000000000000    0x19198
 .debug_macro   0x0000000000000000      0x1bf ./Core/Src/button.o
 .debug_macro   0x00000000000001bf      0xa9c ./Core/Src/button.o
 .debug_macro   0x0000000000000c5b       0x22 ./Core/Src/button.o
 .debug_macro   0x0000000000000c7d       0x8e ./Core/Src/button.o
 .debug_macro   0x0000000000000d0b       0x51 ./Core/Src/button.o
 .debug_macro   0x0000000000000d5c      0x103 ./Core/Src/button.o
 .debug_macro   0x0000000000000e5f       0x6a ./Core/Src/button.o
 .debug_macro   0x0000000000000ec9      0x1df ./Core/Src/button.o
 .debug_macro   0x00000000000010a8      0x21b ./Core/Src/button.o
 .debug_macro   0x00000000000012c3       0x2e ./Core/Src/button.o
 .debug_macro   0x00000000000012f1       0x22 ./Core/Src/button.o
 .debug_macro   0x0000000000001313       0x1c ./Core/Src/button.o
 .debug_macro   0x000000000000132f       0x22 ./Core/Src/button.o
 .debug_macro   0x0000000000001351       0xbd ./Core/Src/button.o
 .debug_macro   0x000000000000140e      0xd23 ./Core/Src/button.o
 .debug_macro   0x0000000000002131     0xde75 ./Core/Src/button.o
 .debug_macro   0x000000000000ffa6       0x6d ./Core/Src/button.o
 .debug_macro   0x0000000000010013     0x348d ./Core/Src/button.o
 .debug_macro   0x00000000000134a0      0x174 ./Core/Src/button.o
 .debug_macro   0x0000000000013614       0x5c ./Core/Src/button.o
 .debug_macro   0x0000000000013670      0x5bc ./Core/Src/button.o
 .debug_macro   0x0000000000013c2c      0x1b7 ./Core/Src/button.o
 .debug_macro   0x0000000000013de3      0x1cb ./Core/Src/button.o
 .debug_macro   0x0000000000013fae      0x114 ./Core/Src/button.o
 .debug_macro   0x00000000000140c2      0x1b2 ./Core/Src/button.o
 .debug_macro   0x0000000000014274       0x27 ./Core/Src/button.o
 .debug_macro   0x000000000001429b      0x12f ./Core/Src/button.o
 .debug_macro   0x00000000000143ca      0x1bc ./Core/Src/button.o
 .debug_macro   0x0000000000014586       0x34 ./Core/Src/button.o
 .debug_macro   0x00000000000145ba       0x3c ./Core/Src/button.o
 .debug_macro   0x00000000000145f6       0x57 ./Core/Src/button.o
 .debug_macro   0x000000000001464d       0x87 ./Core/Src/button.o
 .debug_macro   0x00000000000146d4      0x183 ./Core/Src/button.o
 .debug_macro   0x0000000000014857      0x140 ./Core/Src/button.o
 .debug_macro   0x0000000000014997      0x8ed ./Core/Src/button.o
 .debug_macro   0x0000000000015284      0x28e ./Core/Src/button.o
 .debug_macro   0x0000000000015512       0x69 ./Core/Src/button.o
 .debug_macro   0x000000000001557b       0xbe ./Core/Src/button.o
 .debug_macro   0x0000000000015639       0x22 ./Core/Src/button.o
 .debug_macro   0x000000000001565b      0x303 ./Core/Src/buzzer.o
 .debug_macro   0x000000000001595e       0x28 ./Core/Src/buzzer.o
 .debug_macro   0x0000000000015986       0x61 ./Core/Src/buzzer.o
 .debug_macro   0x00000000000159e7       0x24 ./Core/Src/buzzer.o
 .debug_macro   0x0000000000015a0b       0x43 ./Core/Src/buzzer.o
 .debug_macro   0x0000000000015a4e       0x34 ./Core/Src/buzzer.o
 .debug_macro   0x0000000000015a82       0x16 ./Core/Src/buzzer.o
 .debug_macro   0x0000000000015a98       0x35 ./Core/Src/buzzer.o
 .debug_macro   0x0000000000015acd      0x369 ./Core/Src/buzzer.o
 .debug_macro   0x0000000000015e36       0x10 ./Core/Src/buzzer.o
 .debug_macro   0x0000000000015e46       0x16 ./Core/Src/buzzer.o
 .debug_macro   0x0000000000015e5c       0x43 ./Core/Src/buzzer.o
 .debug_macro   0x0000000000015e9f       0x34 ./Core/Src/buzzer.o
 .debug_macro   0x0000000000015ed3       0x10 ./Core/Src/buzzer.o
 .debug_macro   0x0000000000015ee3       0x58 ./Core/Src/buzzer.o
 .debug_macro   0x0000000000015f3b       0x8e ./Core/Src/buzzer.o
 .debug_macro   0x0000000000015fc9       0x1c ./Core/Src/buzzer.o
 .debug_macro   0x0000000000015fe5      0x177 ./Core/Src/buzzer.o
 .debug_macro   0x000000000001615c       0x16 ./Core/Src/buzzer.o
 .debug_macro   0x0000000000016172       0x16 ./Core/Src/buzzer.o
 .debug_macro   0x0000000000016188      0x147 ./Core/Src/buzzer.o
 .debug_macro   0x00000000000162cf       0x1c ./Core/Src/buzzer.o
 .debug_macro   0x00000000000162eb       0x34 ./Core/Src/buzzer.o
 .debug_macro   0x000000000001631f      0x303 ./Core/Src/counter.o
 .debug_macro   0x0000000000016622      0x31d ./Core/Src/fsm.o
 .debug_macro   0x000000000001693f      0x312 ./Core/Src/main.o
 .debug_macro   0x0000000000016c51       0x10 ./Core/Src/main.o
 .debug_macro   0x0000000000016c61      0x2ff ./Core/Src/pedestrian.o
 .debug_macro   0x0000000000016f60      0x298 ./Core/Src/scheduler.o
 .debug_macro   0x00000000000171f8       0x97 ./Core/Src/scheduler.o
 .debug_macro   0x000000000001728f       0xfd ./Core/Src/scheduler.o
 .debug_macro   0x000000000001738c       0x56 ./Core/Src/scheduler.o
 .debug_macro   0x00000000000173e2      0x1b0 ./Core/Src/stm32f1xx_hal_msp.o
 .debug_macro   0x0000000000017592      0x1ba ./Core/Src/stm32f1xx_it.o
 .debug_macro   0x000000000001774c       0xff ./Core/Src/sysmem.o
 .debug_macro   0x000000000001784b      0x23c ./Core/Src/sysmem.o
 .debug_macro   0x0000000000017a87      0x1a1 ./Core/Src/system_stm32f1xx.o
 .debug_macro   0x0000000000017c28      0x1c3 ./Core/Src/test.o
 .debug_macro   0x0000000000017deb      0x2ff ./Core/Src/traffic.o
 .debug_macro   0x00000000000180ea      0x303 ./Core/Src/uart.o
 .debug_macro   0x00000000000183ed      0x1c5 ./Drivers/STM32F1xx_HAL_Driver/Src/stm32f1xx_hal.o
 .debug_macro   0x00000000000185b2      0x1a1 ./Drivers/STM32F1xx_HAL_Driver/Src/stm32f1xx_hal_cortex.o
 .debug_macro   0x0000000000018753      0x1a1 ./Drivers/STM32F1xx_HAL_Driver/Src/stm32f1xx_hal_dma.o
 .debug_macro   0x00000000000188f4      0x20c ./Drivers/STM32F1xx_HAL_Driver/Src/stm32f1xx_hal_gpio.o
 .debug_macro   0x0000000000018b00      0x1b3 ./Drivers/STM32F1xx_HAL_Driver/Src/stm32f1xx_hal_rcc.o
 .debug_macro   0x0000000000018cb3      0x1a2 ./Drivers/STM32F1xx_HAL_Driver/Src/stm32f1xx_hal_tim.o
 .debug_macro   0x0000000000018e55      0x1a1 ./Drivers/STM32F1xx_HAL_Driver/Src/stm32f1xx_hal_tim_ex.o
 .debug_macro   0x0000000000018ff6      0x1a2 ./Drivers/STM32F1xx_HAL_Driver/Src/stm32f1xx_hal_uart.o

.debug_line     0x0000000000000000    0x13011
 .debug_line    0x0000000000000000      0x7c4 ./Core/Src/button.o
 .debug_line    0x00000000000007c4      0x9ce ./Core/Src/buzzer.o
 .debug_line    0x0000000000001192      0x8f6 ./Core/Src/counter.o
 .debug_line    0x0000000000001a88      0xc59 ./Core/Src/fsm.o
 .debug_line    0x00000000000026e1      0xabe ./Core/Src/main.o
 .debug_line    0x000000000000319f      0x9ae ./Core/Src/pedestrian.o
 .debug_line    0x0000000000003b4d      0xbf9 ./Core/Src/scheduler.o
 .debug_line    0x0000000000004746      0x7dc ./Core/Src/stm32f1xx_hal_msp.o
 .debug_line    0x0000000000004f22      0x807 ./Core/Src/stm32f1xx_it.o
 .debug_line    0x0000000000005729      0x579 ./Core/Src/sysmem.o
 .debug_line    0x0000000000005ca2      0x77b ./Core/Src/system_stm32f1xx.o
 .debug_line    0x000000000000641d      0x77e ./Core/Src/test.o
 .debug_line    0x0000000000006b9b      0x9cf ./Core/Src/traffic.o
 .debug_line    0x000000000000756a      0x921 ./Core/Src/uart.o
 .debug_line    0x0000000000007e8b       0x78 ./Core/Startup/startup_stm32f103c6ux.o
 .debug_line    0x0000000000007f03      0x9a8 ./Drivers/STM32F1xx_HAL_Driver/Src/stm32f1xx_hal.o
 .debug_line    0x00000000000088ab      0xb90 ./Drivers/STM32F1xx_HAL_Driver/Src/stm32f1xx_hal_cortex.o
 .debug_line    0x000000000000943b      0xe01 ./Drivers/STM32F1xx_HAL_Driver/Src/stm32f1xx_hal_dma.o
 .debug_line    0x000000000000a23c      0xa2c ./Drivers/STM32F1xx_HAL_Driver/Src/stm32f1xx_hal_gpio.o
 .debug_line    0x000000000000ac68      0xdb1 ./Drivers/STM32F1xx_HAL_Driver/Src/stm32f1xx_hal_rcc.o
 .debug_line    0x000000000000ba19     0x344b ./Drivers/STM32F1xx_HAL_Driver/Src/stm32f1xx_hal_tim.o
 .debug_line    0x000000000000ee64     0x18d7 ./Drivers/STM32F1xx_HAL_Driver/Src/stm32f1xx_hal_tim_ex.o
 .debug_line    0x000000000001073b     0x28d6 ./Drivers/STM32F1xx_HAL_Driver/Src/stm32f1xx_hal_uart.o

.debug_str      0x0000000000000000    0x88bb3
 .debug_str     0x0000000000000000    0x81399 ./Core/Src/button.o
                                      0x816fd (size before relaxing)
 .debug_str     0x0000000000081399     0x3d50 ./Core/Src/buzzer.o
                                      0x853e7 (size before relaxing)
 .debug_str     0x00000000000850e9       0x3e ./Core/Src/counter.o
                                      0x84ee0 (size before relaxing)
 .debug_str     0x0000000000085127      0x355 ./Core/Src/fsm.o
                                      0x8523b (size before relaxing)
 .debug_str     0x000000000008547c      0x6cd ./Core/Src/main.o
                                      0x85adf (size before relaxing)
 .debug_str     0x0000000000085b49       0x90 ./Core/Src/pedestrian.o
                                      0x850e3 (size before relaxing)
 .debug_str     0x0000000000085bd9       0x89 ./Core/Src/scheduler.o
                                      0x84d5f (size before relaxing)
 .debug_str     0x0000000000085c62      0x306 ./Core/Src/stm32f1xx_hal_msp.o
                                      0x8203e (size before relaxing)
 .debug_str     0x0000000000085f68      0x122 ./Core/Src/stm32f1xx_it.o
                                      0x81d46 (size before relaxing)
 .debug_str     0x000000000008608a      0x4dc ./Core/Src/sysmem.o
                                       0x601d (size before relaxing)
 .debug_str     0x0000000000086566       0x7e ./Core/Src/system_stm32f1xx.o
                                      0x81299 (size before relaxing)
 .debug_str     0x00000000000865e4       0x26 ./Core/Src/test.o
                                      0x81b67 (size before relaxing)
 .debug_str     0x000000000008660a       0x8b ./Core/Src/traffic.o
                                      0x850e4 (size before relaxing)
 .debug_str     0x0000000000086695       0x32 ./Core/Src/uart.o
                                      0x853a6 (size before relaxing)
 .debug_str     0x00000000000866c7       0x34 ./Core/Startup/startup_stm32f103c6ux.o
                                         0x87 (size before relaxing)
 .debug_str     0x00000000000866fb      0x382 ./Drivers/STM32F1xx_HAL_Driver/Src/stm32f1xx_hal.o
                                      0x81992 (size before relaxing)
 .debug_str     0x0000000000086a7d      0x29e ./Drivers/STM32F1xx_HAL_Driver/Src/stm32f1xx_hal_cortex.o
                                      0x818de (size before relaxing)
 .debug_str     0x0000000000086d1b      0x230 ./Drivers/STM32F1xx_HAL_Driver/Src/stm32f1xx_hal_dma.o
                                      0x81642 (size before relaxing)
 .debug_str     0x0000000000086f4b      0x2e1 ./Drivers/STM32F1xx_HAL_Driver/Src/stm32f1xx_hal_gpio.o
                                      0x8161f (size before relaxing)
 .debug_str     0x000000000008722c      0x229 ./Drivers/STM32F1xx_HAL_Driver/Src/stm32f1xx_hal_rcc.o
                                      0x816c8 (size before relaxing)
 .debug_str     0x0000000000087455      0xd0b ./Drivers/STM32F1xx_HAL_Driver/Src/stm32f1xx_hal_tim.o
                                      0x826ba (size before relaxing)
 .debug_str     0x0000000000088160      0x493 ./Drivers/STM32F1xx_HAL_Driver/Src/stm32f1xx_hal_tim_ex.o
                                      0x81ed6 (size before relaxing)
 .debug_str     0x00000000000885f3      0x5c0 ./Drivers/STM32F1xx_HAL_Driver/Src/stm32f1xx_hal_uart.o
                                      0x81d39 (size before relaxing)

.debug_frame    0x0000000000000000     0x3ec0
 .debug_frame   0x0000000000000000       0x60 ./Core/Src/button.o
 .debug_frame   0x0000000000000060       0xe8 ./Core/Src/buzzer.o
 .debug_frame   0x0000000000000148       0x50 ./Core/Src/counter.o
 .debug_frame   0x0000000000000198      0x150 ./Core/Src/fsm.o
 .debug_frame   0x00000000000002e8      0x138 ./Core/Src/main.o
 .debug_frame   0x0000000000000420       0xa4 ./Core/Src/pedestrian.o
 .debug_frame   0x00000000000004c4      0x124 ./Core/Src/scheduler.o
 .debug_frame   0x00000000000005e8       0xec ./Core/Src/stm32f1xx_hal_msp.o
 .debug_frame   0x00000000000006d4      0x158 ./Core/Src/stm32f1xx_it.o
 .debug_frame   0x000000000000082c       0x34 ./Core/Src/sysmem.o
 .debug_frame   0x0000000000000860       0x58 ./Core/Src/system_stm32f1xx.o
 .debug_frame   0x00000000000008b8       0x84 ./Core/Src/test.o
 .debug_frame   0x000000000000093c      0x114 ./Core/Src/traffic.o
 .debug_frame   0x0000000000000a50       0xc8 ./Core/Src/uart.o
 .debug_frame   0x0000000000000b18      0x334 ./Drivers/STM32F1xx_HAL_Driver/Src/stm32f1xx_hal.o
 .debug_frame   0x0000000000000e4c      0x428 ./Drivers/STM32F1xx_HAL_Driver/Src/stm32f1xx_hal_cortex.o
 .debug_frame   0x0000000000001274      0x208 ./Drivers/STM32F1xx_HAL_Driver/Src/stm32f1xx_hal_dma.o
 .debug_frame   0x000000000000147c      0x14c ./Drivers/STM32F1xx_HAL_Driver/Src/stm32f1xx_hal_gpio.o
 .debug_frame   0x00000000000015c8      0x218 ./Drivers/STM32F1xx_HAL_Driver/Src/stm32f1xx_hal_rcc.o
 .debug_frame   0x00000000000017e0     0x11b8 ./Drivers/STM32F1xx_HAL_Driver/Src/stm32f1xx_hal_tim.o
 .debug_frame   0x0000000000002998      0x638 ./Drivers/STM32F1xx_HAL_Driver/Src/stm32f1xx_hal_tim_ex.o
 .debug_frame   0x0000000000002fd0      0x944 ./Drivers/STM32F1xx_HAL_Driver/Src/stm32f1xx_hal_uart.o
 .debug_frame   0x0000000000003914      0x144 C:/ST/STM32CubeIDE_1.11.0/STM32CubeIDE/plugins/com.st.stm32cube.ide.mcu.externaltools.gnu-tools-for-stm32.11.3.rel1.win32_1.1.1.202309131626/tools/bin/../lib/gcc/arm-none-eabi/11.3.1/../../../../arm-none-eabi/lib/thumb/v7-m/nofp\libc_nano.a(libc_a-findfp.o)
 .debug_frame   0x0000000000003a58       0x6c C:/ST/STM32CubeIDE_1.11.0/STM32CubeIDE/plugins/com.st.stm32cube.ide.mcu.externaltools.gnu-tools-for-stm32.11.3.rel1.win32_1.1.1.202309131626/tools/bin/../lib/gcc/arm-none-eabi/11.3.1/../../../../arm-none-eabi/lib/thumb/v7-m/nofp\libc_nano.a(libc_a-sprintf.o)
 .debug_frame   0x0000000000003ac4       0x20 C:/ST/STM32CubeIDE_1.11.0/STM32CubeIDE/plugins/com.st.stm32cube.ide.mcu.externaltools.gnu-tools-for-stm32.11.3.rel1.win32_1.1.1.202309131626/tools/bin/../lib/gcc/arm-none-eabi/11.3.1/../../../../arm-none-eabi/lib/thumb/v7-m/nofp\libc_nano.a(libc_a-memset.o)
 .debug_frame   0x0000000000003ae4       0x38 C:/ST/STM32CubeIDE_1.11.0/STM32CubeIDE/plugins/com.st.stm32cube.ide.mcu.externaltools.gnu-tools-for-stm32.11.3.rel1.win32_1.1.1.202309131626/tools/bin/../lib/gcc/arm-none-eabi/11.3.1/../../../../arm-none-eabi/lib/thumb/v7-m/nofp\libc_nano.a(libc_a-reent.o)
 .debug_frame   0x0000000000003b1c       0x20 C:/ST/STM32CubeIDE_1.11.0/STM32CubeIDE/plugins/com.st.stm32cube.ide.mcu.externaltools.gnu-tools-for-stm32.11.3.rel1.win32_1.1.1.202309131626/tools/bin/../lib/gcc/arm-none-eabi/11.3.1/../../../../arm-none-eabi/lib/thumb/v7-m/nofp\libc_nano.a(libc_a-errno.o)
 .debug_frame   0x0000000000003b3c       0x2c C:/ST/STM32CubeIDE_1.11.0/STM32CubeIDE/plugins/com.st.stm32cube.ide.mcu.externaltools.gnu-tools-for-stm32.11.3.rel1.win32_1.1.1.202309131626/tools/bin/../lib/gcc/arm-none-eabi/11.3.1/../../../../arm-none-eabi/lib/thumb/v7-m/nofp\libc_nano.a(libc_a-init.o)
 .debug_frame   0x0000000000003b68       0xb0 C:/ST/STM32CubeIDE_1.11.0/STM32CubeIDE/plugins/com.st.stm32cube.ide.mcu.externaltools.gnu-tools-for-stm32.11.3.rel1.win32_1.1.1.202309131626/tools/bin/../lib/gcc/arm-none-eabi/11.3.1/../../../../arm-none-eabi/lib/thumb/v7-m/nofp\libc_nano.a(libc_a-lock.o)
 .debug_frame   0x0000000000003c18       0x38 C:/ST/STM32CubeIDE_1.11.0/STM32CubeIDE/plugins/com.st.stm32cube.ide.mcu.externaltools.gnu-tools-for-stm32.11.3.rel1.win32_1.1.1.202309131626/tools/bin/../lib/gcc/arm-none-eabi/11.3.1/../../../../arm-none-eabi/lib/thumb/v7-m/nofp\libc_nano.a(libc_a-freer.o)
 .debug_frame   0x0000000000003c50       0x50 C:/ST/STM32CubeIDE_1.11.0/STM32CubeIDE/plugins/com.st.stm32cube.ide.mcu.externaltools.gnu-tools-for-stm32.11.3.rel1.win32_1.1.1.202309131626/tools/bin/../lib/gcc/arm-none-eabi/11.3.1/../../../../arm-none-eabi/lib/thumb/v7-m/nofp\libc_nano.a(libc_a-mallocr.o)
 .debug_frame   0x0000000000003ca0       0x30 C:/ST/STM32CubeIDE_1.11.0/STM32CubeIDE/plugins/com.st.stm32cube.ide.mcu.externaltools.gnu-tools-for-stm32.11.3.rel1.win32_1.1.1.202309131626/tools/bin/../lib/gcc/arm-none-eabi/11.3.1/../../../../arm-none-eabi/lib/thumb/v7-m/nofp\libc_nano.a(libc_a-mlock.o)
 .debug_frame   0x0000000000003cd0       0x90 C:/ST/STM32CubeIDE_1.11.0/STM32CubeIDE/plugins/com.st.stm32cube.ide.mcu.externaltools.gnu-tools-for-stm32.11.3.rel1.win32_1.1.1.202309131626/tools/bin/../lib/gcc/arm-none-eabi/11.3.1/../../../../arm-none-eabi/lib/thumb/v7-m/nofp\libc_nano.a(libc_a-nano-svfprintf.o)
 .debug_frame   0x0000000000003d60       0x60 C:/ST/STM32CubeIDE_1.11.0/STM32CubeIDE/plugins/com.st.stm32cube.ide.mcu.externaltools.gnu-tools-for-stm32.11.3.rel1.win32_1.1.1.202309131626/tools/bin/../lib/gcc/arm-none-eabi/11.3.1/../../../../arm-none-eabi/lib/thumb/v7-m/nofp\libc_nano.a(libc_a-nano-vfprintf_i.o)